173.252.88.85 - - [25/Jun/2015:12:48:38 +0200] "GET /uk/htc-status-vs-lava-iris-430 HTTP/1.1" 200 23500 "-" "facebookexternalhit/1.1 (+http://www.facebook.com/externalhit_uatext.php)"
157.55.39.172 - - [25/Jun/2015:12:48:38 +0200] "GET /ko/nokia-x-vs-motorola-moto-g HTTP/1.1" 200 25196 "-" "Mozilla/5.0 (compatible; bingbot/2.0; +http://www.bing.com/bingbot.htm)"
87.213.230.133 - - [25/Jun/2015:12:48:38 +0200] "GET /object/?q=alc HTTP/1.1" 301 178 "-" "Dalvik/1.6.0 (Linux; U; Android 4.4.2; SM-N9005 Build/KOT49H)"
195.132.167.214 - - [25/Jun/2015:12:48:38 +0200] "GET /api/landing/en/1 HTTP/1.1" 200 1909 "-" "Dalvik/2.1.0 (Linux; U; Android 5.0.1; SM-N910F Build/LRX22C)"
66.249.69.77 - - [25/Jun/2015:12:48:38 +0200] "GET /id/canon-legria-mini-vs-sony-action-cam-hdr-as20 HTTP/1.1" 200 14724 "-" "Mozilla/5.0 (iPhone; CPU iPhone OS 6_0 like Mac OS X) AppleWebKit/536.26 (KHTML, like Gecko) Version/6.0 Mobile/10A5376e Safari/8536.25 (compatible; Googlebot/2.1; +http://www.google.com/bot.html)"
83.9.178.216 - - [25/Jun/2015:12:48:38 +0200] "GET /pricetags/get?keywords=Nikon%20D5500&country=PL&category=camera&merchants=amazon%2Cetuyo%2Ckomputronik%2Cmediaexpert%2Coleole HTTP/1.1" 200 889 "http://versus.com/pl/nikon-d5500-vs-nikon-d5000-18-55mm-f-3-5-5-6g-af-s-vr-dx-nikkor" "Mozilla/5.0 (Windows NT 6.3; WOW64; rv:38.0) Gecko/20100101 Firefox/38.0"
87.213.230.133 - - [25/Jun/2015:12:48:38 +0200] "GET /object?q=alc HTTP/1.1" 200 310 "-" "Dalvik/1.6.0 (Linux; U; Android 4.4.2; SM-N9005 Build/KOT49H)"
207.46.13.122 - - [25/Jun/2015:12:48:38 +0200] "GET /es/chicago-vs-wien HTTP/1.1" 200 25342 "-" "Mozilla/5.0 (compatible; bingbot/2.0; +http://www.bing.com/bingbot.htm)"
157.55.39.172 - - [25/Jun/2015:12:48:38 +0200] "GET /en/lg-optimus-4x-hd-p880-vs-sony-xperia-i1-honami HTTP/1.1" 200 34381 "-" "Mozilla/5.0 (compatible; bingbot/2.0; +http://www.bing.com/bingbot.htm)"
80.12.43.58 - - [25/Jun/2015:12:48:38 +0200] "GET /pricetags/get?keywords=Intel%20Core%20i5-4690K&country=FR HTTP/1.1" 200 976 "http://versus.com/fr/intel-core-i5-4690k-vs-amd-fx-8350-black-edition" "Mozilla/5.0 (Linux; Android 5.0.1; GT-I9515 Build/LRX22C) AppleWebKit/537.36 (KHTML, like Gecko) Chrome/43.0.2357.93 Mobile Safari/537.36"
23.22.214.106 - - [25/Jun/2015:12:48:38 +0200] "GET / HTTP/1.1" 302 38 "-" "Mozilla/5.0 (Macintosh; U; Intel Mac OS X 10.5; en-US; rv:1.9.0.4) Gecko/2008102920 Firefox/3.0.4 chartbeat/uptimeping"
87.213.230.133 - - [25/Jun/2015:12:48:38 +0200] "GET /object/?q=alca HTTP/1.1" 301 178 "-" "Dalvik/1.6.0 (Linux; U; Android 4.4.2; SM-N9005 Build/KOT49H)"
173.252.74.118 - - [25/Jun/2015:12:48:38 +0200] "GET /nl/amd-phenom-ii-n660-vs-intel-core-i5-4570 HTTP/1.1" 200 18187 "-" "facebookexternalhit/1.1 (+http://www.facebook.com/externalhit_uatext.php)"
180.76.15.146 - - [25/Jun/2015:12:48:38 +0200] "GET /de/samsung-galaxy-ace-3-vs-sony-ericsson-xperia-arc-s HTTP/1.1" 200 19277 "-" "Mozilla/5.0 (compatible; Baiduspider/2.0; +http://www.baidu.com/search/spider.html)"
5.255.253.111 - - [25/Jun/2015:12:48:38 +0200] "GET /ru/linksys-e1200-vs-asus-rt-n10 HTTP/1.1" 200 15608 "-" "Mozilla/5.0 (compatible; YandexBot/3.0; +http://yandex.com/bots)"
207.46.13.122 - - [25/Jun/2015:12:48:38 +0200] "GET /fr/atina-vs-abidjan HTTP/1.1" 200 17696 "-" "Mozilla/5.0 (compatible; bingbot/2.0; +http://www.bing.com/bingbot.htm)"
157.55.39.172 - - [25/Jun/2015:12:48:38 +0200] "GET /sv/htc-butterfly-vs-htc-legend HTTP/1.1" 200 23633 "-" "Mozilla/5.0 (compatible; bingbot/2.0; +http://www.bing.com/bingbot.htm)"
157.55.39.172 - - [25/Jun/2015:12:48:38 +0200] "GET /nl/baku-vs-tunis HTTP/1.1" 200 15157 "-" "Mozilla/5.0 (compatible; bingbot/2.0; +http://www.bing.com/bingbot.htm)"
23.22.214.106 - - [25/Jun/2015:12:48:38 +0200] "GET /en/ HTTP/1.1" 301 178 "-" "Mozilla/5.0 (Macintosh; U; Intel Mac OS X 10.5; en-US; rv:1.9.0.4) Gecko/2008102920 Firefox/3.0.4 chartbeat/uptimeping"
66.249.69.85 - - [25/Jun/2015:12:48:38 +0200] "GET /ru/apple-earpods-vs-future-sonics-mg5pro HTTP/1.1" 200 15635 "-" "Mozilla/5.0 (compatible; Googlebot/2.1; +http://www.google.com/bot.html)"
117.192.173.148 - - [25/Jun/2015:12:48:38 +0200] "GET /object/?q=samsung+galaxy+s HTTP/1.1" 301 178 "-" "Dalvik/1.6.0 (Linux; U; Android 4.4.2; Micromax A069 Build/KOT49H)"
87.213.230.133 - - [25/Jun/2015:12:48:38 +0200] "GET /object?q=alca HTTP/1.1" 200 310 "-" "Dalvik/1.6.0 (Linux; U; Android 4.4.2; SM-N9005 Build/KOT49H)"
212.7.184.67 - - [25/Jun/2015:12:48:38 +0200] "GET /comment/de/panasonic-lumix-dmc-g5-vs-canon-eos-1200d HTTP/1.1" 200 2 "http://versus.com/de/panasonic-lumix-dmc-g5-vs-canon-eos-1200d" "Mozilla/5.0 (Windows NT 6.3; WOW64; Trident/7.0; rv:11.0) like Gecko"
173.252.74.114 - - [25/Jun/2015:12:48:38 +0200] "GET /it/intel-xeon-e3-1275-vs-texas-instruments-omap4470 HTTP/1.1" 200 17711 "-" "facebookexternalhit/1.1 (+http://www.facebook.com/externalhit_uatext.php)"
23.22.214.106 - - [25/Jun/2015:12:48:38 +0200] "GET /en HTTP/1.1" 200 5448 "-" "Mozilla/5.0 (Macintosh; U; Intel Mac OS X 10.5; en-US; rv:1.9.0.4) Gecko/2008102920 Firefox/3.0.4 chartbeat/uptimeping"
87.213.230.133 - - [25/Jun/2015:12:48:38 +0200] "GET /object/?q=alcat HTTP/1.1" 301 178 "-" "Dalvik/1.6.0 (Linux; U; Android 4.4.2; SM-N9005 Build/KOT49H)"
212.7.184.67 - - [25/Jun/2015:12:48:38 +0200] "GET /pricetags/get?keywords=Canon%20EOS%201200D&country=DE&category=camera&merchants=amazon%2Cebay%2Cetuyo%2Credcoon%2Csaturn HTTP/1.1" 200 1828 "http://versus.com/de/panasonic-lumix-dmc-g5-vs-canon-eos-1200d" "Mozilla/5.0 (Windows NT 6.3; WOW64; Trident/7.0; rv:11.0) like Gecko"
217.250.204.196 - - [25/Jun/2015:12:48:38 +0200] "GET /amazon/reviews?itemId=B009KZ345Y&country=DE HTTP/1.1" 200 643 "http://versus.com/de/plantronics-m55-vs-plantronics-marque-2-m165" "Mozilla/5.0 (Windows NT 5.1; rv:32.0) Gecko/20100101 Firefox/32.0"
207.46.13.122 - - [25/Jun/2015:12:48:38 +0200] "GET /id/htc-one-xl-vs-nokia-lumia-925 HTTP/1.1" 200 26835 "-" "Mozilla/5.0 (compatible; bingbot/2.0; +http://www.bing.com/bingbot.htm)"
217.250.204.196 - - [25/Jun/2015:12:48:38 +0200] "GET /amazon/reviews?itemId=B0091BXMDG&country=DE HTTP/1.1" 200 652 "http://versus.com/de/plantronics-m55-vs-plantronics-marque-2-m165" "Mozilla/5.0 (Windows NT 5.1; rv:32.0) Gecko/20100101 Firefox/32.0"
95.242.88.25 - - [25/Jun/2015:12:48:38 +0200] "GET /it/samsung-galaxy-s5-vs-samsung-galaxy-note-3-neo HTTP/1.1" 200 25998 "https://www.google.it/" "Mozilla/5.0 (Windows NT 6.1; WOW64) AppleWebKit/537.36 (KHTML, like Gecko) Chrome/43.0.2357.130 Safari/537.36"
157.55.39.172 - - [25/Jun/2015:12:48:38 +0200] "GET /uk/htc-desire-sv-vs-htc-one-sv HTTP/1.1" 200 23270 "-" "Mozilla/5.0 (compatible; bingbot/2.0; +http://www.bing.com/bingbot.htm)"
180.76.15.145 - - [25/Jun/2015:12:48:38 +0200] "GET /de/panasonic-pt-ez570u-vs-canon-realis-sx7-mark-ii HTTP/1.1" 200 15388 "-" "Mozilla/5.0 (compatible; Baiduspider/2.0; +http://www.baidu.com/search/spider.html)"
87.213.230.133 - - [25/Jun/2015:12:48:38 +0200] "GET /object?q=alcat HTTP/1.1" 200 310 "-" "Dalvik/1.6.0 (Linux; U; Android 4.4.2; SM-N9005 Build/KOT49H)"
83.9.178.216 - - [25/Jun/2015:12:48:38 +0200] "GET /pricetags/get?keywords=Nikon%20D5000%20%2B%2018-55mm%20f%2F3.5-5.6G%20AF-S%20VR%20DX%20NIKKOR&country=PL&category=camera&merchants=amazon%2Cetuyo%2Ckomputronik%2Cmediaexpert%2Coleole HTTP/1.1" 200 514 "http://versus.com/pl/nikon-d5500-vs-nikon-d5000-18-55mm-f-3-5-5-6g-af-s-vr-dx-nikkor" "Mozilla/5.0 (Windows NT 6.3; WOW64; rv:38.0) Gecko/20100101 Firefox/38.0"
157.55.39.239 - - [25/Jun/2015:12:48:38 +0200] "GET /en/kogan-ebook-reader-vs-pocketbook-pocketbook-360-plus HTTP/1.1" 200 15906 "-" "Mozilla/5.0 (compatible; bingbot/2.0; +http://www.bing.com/bingbot.htm)"
117.192.173.148 - - [25/Jun/2015:12:48:38 +0200] "GET /object?q=samsung+galaxy+s HTTP/1.1" 200 324 "-" "Dalvik/1.6.0 (Linux; U; Android 4.4.2; Micromax A069 Build/KOT49H)"
54.175.173.43 - - [25/Jun/2015:12:48:38 +0200] "GET /de/plantronics-m55-vs-plantronics-marque-2-m165 HTTP/1.1" 200 94756 "-" "Mozilla/5.0 (compatible; proximic; +http://www.proximic.com/info/spider.php)"
68.180.228.112 - - [25/Jun/2015:12:48:38 +0200] "GET /de/apple-iphone-6-plus-vs-htc-one-m9 HTTP/1.1" 200 31284 "-" "Mozilla/5.0 (compatible; Yahoo! Slurp; http://help.yahoo.com/help/us/ysearch/slurp)"
212.7.184.67 - - [25/Jun/2015:12:48:39 +0200] "GET /pricetags/get?keywords=Panasonic%20Lumix%20DMC-G5&country=DE&category=camera&merchants=amazon%2Cebay%2Cetuyo%2Credcoon%2Csaturn HTTP/1.1" 200 1900 "http://versus.com/de/panasonic-lumix-dmc-g5-vs-canon-eos-1200d" "Mozilla/5.0 (Windows NT 6.3; WOW64; Trident/7.0; rv:11.0) like Gecko"
80.254.148.43 - - [25/Jun/2015:12:48:39 +0200] "GET /comment/de/canon-eos-70d-vs-canon-eos-760d HTTP/1.1" 200 2 "http://versus.com/de/canon-eos-70d-vs-canon-eos-760d" "Mozilla/5.0 (Windows NT 6.1; Trident/7.0; rv:11.0) like Gecko"
207.46.13.122 - - [25/Jun/2015:12:48:39 +0200] "GET /de/apple-iphone-4-vs-lenovo-vibe-x2 HTTP/1.1" 200 24866 "-" "Mozilla/5.0 (compatible; bingbot/2.0; +http://www.bing.com/bingbot.htm)"
95.63.126.194 - - [25/Jun/2015:12:48:39 +0200] "GET /api/es/lg-g2-vs-lg-g3 HTTP/1.1" 200 7132 "-" "Dalvik/1.6.0 (Linux; U; Android 4.4.2; LG-D802 Build/KOT49I.D80220h)"
157.55.39.239 - - [25/Jun/2015:12:48:39 +0200] "GET /it/seattle-vs-luxembourg HTTP/1.1" 200 18540 "-" "Mozilla/5.0 (compatible; bingbot/2.0; +http://www.bing.com/bingbot.htm)"
117.192.173.148 - - [25/Jun/2015:12:48:39 +0200] "GET /object/?q=samsung+galaxy+s+ HTTP/1.1" 301 178 "-" "Dalvik/1.6.0 (Linux; U; Android 4.4.2; Micromax A069 Build/KOT49H)"
180.76.15.149 - - [25/Jun/2015:12:48:39 +0200] "GET /fr/grundig-47-vle-9270-vs-b-o-beovision-12 HTTP/1.1" 200 18367 "-" "Mozilla/5.0 (compatible; Baiduspider/2.0; +http://www.baidu.com/search/spider.html)"
173.252.74.112 - - [25/Jun/2015:12:48:39 +0200] "GET /id/focal-spirit-classic-vs-koss-prodj200 HTTP/1.1" 200 14310 "-" "facebookexternalhit/1.1 (+http://www.facebook.com/externalhit_uatext.php)"
207.46.13.122 - - [25/Jun/2015:12:48:39 +0200] "GET /br/sony-xperia-sp-lte-vs-htc-hero HTTP/1.1" 200 25358 "-" "Mozilla/5.0 (compatible; bingbot/2.0; +http://www.bing.com/bingbot.htm)"
173.252.74.115 - - [25/Jun/2015:12:48:39 +0200] "GET /cn/philips-196v3lsb25-10-vs-viewsonic-vg2228wm-led HTTP/1.1" 200 16873 "-" "facebookexternalhit/1.1 (+http://www.facebook.com/externalhit_uatext.php)"
173.252.88.86 - - [25/Jun/2015:12:48:39 +0200] "GET /hk/improv-electronics-boogie-board-sync-9-7-vs-toshiba-thrive-7-32gb HTTP/1.1" 200 23450 "-" "facebookexternalhit/1.1 (+http://www.facebook.com/externalhit_uatext.php)"
157.55.39.239 - - [25/Jun/2015:12:48:39 +0200] "GET /it/tel-awiw-vs-madrid HTTP/1.1" 200 20164 "-" "Mozilla/5.0 (compatible; bingbot/2.0; +http://www.bing.com/bingbot.htm)"
80.12.43.58 - - [25/Jun/2015:12:48:39 +0200] "GET /pricetags/get?keywords=AMD%20FX-8350%20Black%20Edition&country=FR HTTP/1.1" 200 991 "http://versus.com/fr/intel-core-i5-4690k-vs-amd-fx-8350-black-edition" "Mozilla/5.0 (Linux; Android 5.0.1; GT-I9515 Build/LRX22C) AppleWebKit/537.36 (KHTML, like Gecko) Chrome/43.0.2357.93 Mobile Safari/537.36"
180.76.15.155 - - [25/Jun/2015:12:48:39 +0200] "GET /de/coby-ledtv5536-vs-magnavox-37mf301b HTTP/1.1" 200 14965 "-" "Mozilla/5.0 (compatible; Baiduspider/2.0; +http://www.baidu.com/search/spider.html)"
207.46.13.122 - - [25/Jun/2015:12:48:39 +0200] "GET /sv/beijing-vs-%D0%91%D0%B5%D1%80%D0%BB%D0%B8%D0%BD HTTP/1.1" 200 20747 "-" "Mozilla/5.0 (compatible; bingbot/2.0; +http://www.bing.com/bingbot.htm)"
5.255.253.229 - - [25/Jun/2015:12:48:39 +0200] "GET /tr/lg-g3-beat-vs-lg-g3-stylus HTTP/1.1" 200 17065 "-" "Mozilla/5.0 (compatible; YandexBot/3.0; +http://yandex.com/bots)"
80.254.148.43 - - [25/Jun/2015:12:48:39 +0200] "GET /pricetags/get?keywords=Canon%20EOS%2070D&country=EU&category=camera&merchants=amazon%2Cetuyo HTTP/1.1" 200 692 "http://versus.com/de/canon-eos-70d-vs-canon-eos-760d" "Mozilla/5.0 (Windows NT 6.1; Trident/7.0; rv:11.0) like Gecko"
157.55.39.239 - - [25/Jun/2015:12:48:39 +0200] "GET /br/madryt-vs-ginevra HTTP/1.1" 200 21037 "-" "Mozilla/5.0 (compatible; bingbot/2.0; +http://www.bing.com/bingbot.htm)"
207.46.13.122 - - [25/Jun/2015:12:48:39 +0200] "GET /fr/rim-blackberry-bold-touch-9910-vs-huawei-ascend-d1 HTTP/1.1" 200 25706 "-" "Mozilla/5.0 (compatible; bingbot/2.0; +http://www.bing.com/bingbot.htm)"
195.138.85.250 - - [25/Jun/2015:12:48:39 +0200] "GET /en/samsung-galaxy-tab-3-lite-vs-samsung-galaxy-tab-10-1-64gb HTTP/1.1" 200 18466 "-" "-"
157.55.39.15 - - [25/Jun/2015:12:48:39 +0200] "GET /en/qualcomm-adreno-305-vs-qualcomm-adreno-330-578mhz HTTP/1.1" 200 13065 "-" "Mozilla/5.0 (compatible; bingbot/2.0; +http://www.bing.com/bingbot.htm)"
66.249.69.69 - - [25/Jun/2015:12:48:39 +0200] "GET /ru/stax-sr-507-vs-ferrari-cavallino-t350 HTTP/1.1" 200 19974 "-" "Mozilla/5.0 (compatible; Googlebot/2.1; +http://www.google.com/bot.html)"
212.7.184.67 - - [25/Jun/2015:12:48:39 +0200] "GET /amazon/similar?itemId=B008MWQ7GY&country=DE HTTP/1.1" 200 52208 "http://versus.com/de/panasonic-lumix-dmc-g5-vs-canon-eos-1200d" "Mozilla/5.0 (Windows NT 6.3; WOW64; Trident/7.0; rv:11.0) like Gecko"
212.7.184.67 - - [25/Jun/2015:12:48:39 +0200] "GET /amazon/similar?itemId=B00IFCLSE2&country=DE HTTP/1.1" 200 59656 "http://versus.com/de/panasonic-lumix-dmc-g5-vs-canon-eos-1200d" "Mozilla/5.0 (Windows NT 6.3; WOW64; Trident/7.0; rv:11.0) like Gecko"
180.76.15.141 - - [25/Jun/2015:12:48:39 +0200] "GET /de/samsung-galaxy-s4-lte-a-vs-lava-iris-430 HTTP/1.1" 200 23236 "-" "Mozilla/5.0 (compatible; Baiduspider/2.0; +http://www.baidu.com/search/spider.html)"
207.46.13.122 - - [25/Jun/2015:12:48:39 +0200] "GET /en/apple-iphone-4s-32gb-vs-samsung-galaxy-s4-lte-a HTTP/1.1" 200 34008 "-" "Mozilla/5.0 (compatible; bingbot/2.0; +http://www.bing.com/bingbot.htm)"
157.55.39.15 - - [25/Jun/2015:12:48:39 +0200] "GET /pl/addis-ababa-vs-ottawa HTTP/1.1" 200 17537 "-" "Mozilla/5.0 (compatible; bingbot/2.0; +http://www.bing.com/bingbot.htm)"
117.192.173.148 - - [25/Jun/2015:12:48:39 +0200] "GET /object?q=samsung+galaxy+s+ HTTP/1.1" 200 207 "-" "Dalvik/1.6.0 (Linux; U; Android 4.4.2; Micromax A069 Build/KOT49H)"
5.255.253.111 - - [25/Jun/2015:12:48:39 +0200] "GET /it/zte-blade-l2-dual-sim-vs-samsung-galaxy-note-ii-n7100 HTTP/1.1" 200 23376 "-" "Mozilla/5.0 (compatible; YandexBot/3.0; +http://yandex.com/bots)"
180.76.15.145 - - [25/Jun/2015:12:48:40 +0200] "GET /fr/htc-windows-phone-8x-vs-lava-iris-430 HTTP/1.1" 200 23245 "-" "Mozilla/5.0 (compatible; Baiduspider/2.0; +http://www.baidu.com/search/spider.html)"
157.55.39.172 - - [25/Jun/2015:12:48:40 +0200] "GET /comment/en/jawbone-up24-vs-garmin-vivofit HTTP/1.1" 200 471 "-" "Mozilla/5.0 (compatible; bingbot/2.0; +http://www.bing.com/bingbot.htm)"
157.55.39.15 - - [25/Jun/2015:12:48:40 +0200] "GET /da/wichita-vs-wenen HTTP/1.1" 200 17156 "-" "Mozilla/5.0 (compatible; bingbot/2.0; +http://www.bing.com/bingbot.htm)"
157.55.39.172 - - [25/Jun/2015:12:48:40 +0200] "GET /pl/samsung-nexus-s-vs-lg-optimus-l3-dual-sim HTTP/1.1" 200 23140 "-" "Mozilla/5.0 (compatible; bingbot/2.0; +http://www.bing.com/bingbot.htm)"
89.145.95.41 - - [25/Jun/2015:12:48:40 +0200] "GET /it/apple-iphone-4s-32gb-vs-lg-g3 HTTP/1.1" 200 34695 "-" "Mozilla/5.0 (compatible; GrapeshotCrawler/2.0; +http://www.grapeshot.co.uk/crawler.php)"
66.249.69.85 - - [25/Jun/2015:12:48:40 +0200] "GET /dailysteals/search?keywords=Sony%20PlayStation%203%20160GB&country=US&category=game_console HTTP/1.1" 404 2783 "-" "Mozilla/5.0 (compatible; Googlebot/2.1; +http://www.google.com/bot.html)"
180.76.15.34 - - [25/Jun/2015:12:48:40 +0200] "GET /fr/funafuti-vs-cape-town HTTP/1.1" 200 13773 "-" "Mozilla/5.0 (compatible; Baiduspider/2.0; +http://www.baidu.com/search/spider.html)"
117.192.173.148 - - [25/Jun/2015:12:48:40 +0200] "GET /object/?q=samsung+galaxy+s HTTP/1.1" 301 178 "-" "Dalvik/1.6.0 (Linux; U; Android 4.4.2; Micromax A069 Build/KOT49H)"
173.252.88.90 - - [25/Jun/2015:12:48:40 +0200] "GET /de/canon-eos-1200d-vs-panasonic-lumix-dmc-g5 HTTP/1.1" 200 21721 "-" "facebookexternalhit/1.1 (+http://www.facebook.com/externalhit_uatext.php)"
157.55.39.15 - - [25/Jun/2015:12:48:40 +0200] "GET /it/olympus-xz-10-vs-canon-powershot-sx160-is HTTP/1.1" 200 20698 "-" "Mozilla/5.0 (compatible; bingbot/2.0; +http://www.bing.com/bingbot.htm)"
157.55.39.172 - - [25/Jun/2015:12:48:40 +0200] "GET /en/motorola-xt860-4g-vs-samsung-galaxy-s-blaze-4g HTTP/1.1" 200 20213 "-" "Mozilla/5.0 (compatible; bingbot/2.0; +http://www.bing.com/bingbot.htm)"
188.165.15.187 - - [25/Jun/2015:12:48:40 +0200] "GET /sv/samsung-galaxy-s4-vs-samsung-galaxy-ace-2 HTTP/1.1" 200 27149 "-" "Mozilla/5.0 (compatible; AhrefsBot/5.0; +http://ahrefs.com/robot/)"
95.242.88.25 - - [25/Jun/2015:12:48:40 +0200] "GET /pricetags/get?keywords=Samsung%20Galaxy%20S5&country=IT&category=phone&merchants=amazon%2Cebay%2Cetuyo%2Cpixmania%2Cunieuro%2Cwireshop HTTP/1.1" 200 986 "http://versus.com/it/samsung-galaxy-s5-vs-samsung-galaxy-note-3-neo" "Mozilla/5.0 (Windows NT 6.1; WOW64) AppleWebKit/537.36 (KHTML, like Gecko) Chrome/43.0.2357.130 Safari/537.36"
95.242.88.25 - - [25/Jun/2015:12:48:40 +0200] "GET /pricetags/get?keywords=Samsung%20Galaxy%20Note%203%20Neo&country=IT&category=phone&merchants=amazon%2Cebay%2Cetuyo%2Cpixmania%2Cunieuro%2Cwireshop HTTP/1.1" 200 1007 "http://versus.com/it/samsung-galaxy-s5-vs-samsung-galaxy-note-3-neo" "Mozilla/5.0 (Windows NT 6.1; WOW64) AppleWebKit/537.36 (KHTML, like Gecko) Chrome/43.0.2357.130 Safari/537.36"
180.76.15.18 - - [25/Jun/2015:12:48:40 +0200] "GET /de/finlux-42s7010-vs-sanyo-42-led-lcd HTTP/1.1" 200 13006 "-" "Mozilla/5.0 (compatible; Baiduspider/2.0; +http://www.baidu.com/search/spider.html)"
117.192.173.148 - - [25/Jun/2015:12:48:40 +0200] "GET /object?q=samsung+galaxy+s HTTP/1.1" 200 324 "-" "Dalvik/1.6.0 (Linux; U; Android 4.4.2; Micromax A069 Build/KOT49H)"
83.9.178.216 - - [25/Jun/2015:12:48:40 +0200] "GET /amazon/similar?itemId=B00RVSU2FM&country=PL HTTP/1.1" 200 3205 "http://versus.com/pl/nikon-d5500-vs-nikon-d5000-18-55mm-f-3-5-5-6g-af-s-vr-dx-nikkor" "Mozilla/5.0 (Windows NT 6.3; WOW64; rv:38.0) Gecko/20100101 Firefox/38.0"
80.101.238.187 - - [25/Jun/2015:12:48:40 +0200] "GET /api/affiliateLinks?data=%7B%22links%22%3A%5B%5D%7D HTTP/1.1" 200 54 "http://versus.com/en/2014/09/09/4-things-what-we-want-most-from-the-iphone-6" "Mozilla/5.0 (Windows NT 6.1) AppleWebKit/537.36 (KHTML, like Gecko) Chrome/43.0.2357.130 Safari/537.36"
157.55.39.15 - - [25/Jun/2015:12:48:40 +0200] "GET /hk/samsung-galaxy-s4-mini-vs-samsung-galaxy-core-prime HTTP/1.1" 200 22470 "-" "Mozilla/5.0 (compatible; bingbot/2.0; +http://www.bing.com/bingbot.htm)"
157.55.39.239 - - [25/Jun/2015:12:48:40 +0200] "GET /de/lg-wt5070cw-vs-samsung-wf70f5e2w4x HTTP/1.1" 200 13001 "-" "Mozilla/5.0 (compatible; bingbot/2.0; +http://www.bing.com/bingbot.htm)"
157.55.39.172 - - [25/Jun/2015:12:48:40 +0200] "GET /en/samsung-galaxy-note-2-vs-nokia-lumia-920 HTTP/1.1" 200 32437 "-" "Mozilla/5.0 (compatible; bingbot/2.0; +http://www.bing.com/bingbot.htm)"
95.242.88.25 - - [25/Jun/2015:12:48:40 +0200] "GET /comment/it/samsung-galaxy-s5-vs-samsung-galaxy-note-3-neo HTTP/1.1" 200 1433 "http://versus.com/it/samsung-galaxy-s5-vs-samsung-galaxy-note-3-neo" "Mozilla/5.0 (Windows NT 6.1; WOW64) AppleWebKit/537.36 (KHTML, like Gecko) Chrome/43.0.2357.130 Safari/537.36"
157.55.39.239 - - [25/Jun/2015:12:48:40 +0200] "GET /it/samsung-wb110-vs-nikon-d4 HTTP/1.1" 200 22860 "-" "Mozilla/5.0 (compatible; bingbot/2.0; +http://www.bing.com/bingbot.htm)"
173.252.88.182 - - [25/Jun/2015:12:48:40 +0200] "GET /de/plantronics-m55-vs-plantronics-marque-2-m165 HTTP/1.1" 200 14331 "-" "facebookexternalhit/1.1 (+http://www.facebook.com/externalhit_uatext.php)"
173.252.88.87 - - [25/Jun/2015:12:48:40 +0200] "GET /cn/sony-playstation-3-160gb-vs-sony-ps3-super-slim-500gb HTTP/1.1" 200 13382 "-" "facebookexternalhit/1.1 (+http://www.facebook.com/externalhit_uatext.php)"
117.192.173.148 - - [25/Jun/2015:12:48:40 +0200] "GET /object/?q=samsung+galaxy+s6 HTTP/1.1" 301 178 "-" "Dalvik/1.6.0 (Linux; U; Android 4.4.2; Micromax A069 Build/KOT49H)"
157.55.39.172 - - [25/Jun/2015:12:48:40 +0200] "GET /de/sony-ericsson-xperia-mini-pro-vs-motorola-defy-pro HTTP/1.1" 200 18472 "-" "Mozilla/5.0 (compatible; bingbot/2.0; +http://www.bing.com/bingbot.htm)"
5.255.253.229 - - [25/Jun/2015:12:48:40 +0200] "GET /pl/beyerdynamic-custom-one-pro-vs-beyerdynamic-dtx-910 HTTP/1.1" 200 13433 "-" "Mozilla/5.0 (compatible; YandexBot/3.0; +http://yandex.com/bots)"
83.9.178.216 - - [25/Jun/2015:12:48:40 +0200] "GET /amazon/similar?itemId=B007OXE0WU&country=PL HTTP/1.1" 200 4801 "http://versus.com/pl/nikon-d5500-vs-nikon-d5000-18-55mm-f-3-5-5-6g-af-s-vr-dx-nikkor" "Mozilla/5.0 (Windows NT 6.3; WOW64; rv:38.0) Gecko/20100101 Firefox/38.0"
139.195.113.217 - - [25/Jun/2015:12:48:41 +0200] "GET /en/ HTTP/1.1" 301 178 "-" "Mozilla/5.0 (Windows NT 6.1; WOW64) AppleWebKit/537.36 (KHTML, like Gecko) Chrome/43.0.2357.130 Safari/537.36"
66.249.69.69 - - [25/Jun/2015:12:48:41 +0200] "GET /en/jbl-synchros-s400bt-vs-ultrasone-pyco HTTP/1.1" 200 17912 "-" "Mozilla/5.0 (compatible; Googlebot/2.1; +http://www.google.com/bot.html)"
173.252.74.115 - - [25/Jun/2015:12:48:41 +0200] "GET /de/case-western-reserve-university-vs-pierre-and-marie-curie-university HTTP/1.1" 200 18458 "-" "facebookexternalhit/1.1 (+http://www.facebook.com/externalhit_uatext.php)"
180.76.15.143 - - [25/Jun/2015:12:48:41 +0200] "GET /de/samsung-galaxy-camera-wi-fi-vs-canon-ixus-230-hs HTTP/1.1" 200 18517 "-" "Mozilla/5.0 (compatible; Baiduspider/2.0; +http://www.baidu.com/search/spider.html)"
157.55.39.172 - - [25/Jun/2015:12:48:41 +0200] "GET /en/nokia-lumia-635-vs-blackberry-classic HTTP/1.1" 200 28409 "-" "Mozilla/5.0 (compatible; bingbot/2.0; +http://www.bing.com/bingbot.htm)"
83.9.178.216 - - [25/Jun/2015:12:48:41 +0200] "GET /amazon/reviews?itemId=B00RVSU2FM&country=PL HTTP/1.1" 200 655 "http://versus.com/pl/nikon-d5500-vs-nikon-d5000-18-55mm-f-3-5-5-6g-af-s-vr-dx-nikkor" "Mozilla/5.0 (Windows NT 6.3; WOW64; rv:38.0) Gecko/20100101 Firefox/38.0"
212.7.184.67 - - [25/Jun/2015:12:48:41 +0200] "GET /amazon/reviews?itemId=B00IFCLSE2&country=DE HTTP/1.1" 200 1230 "http://versus.com/de/panasonic-lumix-dmc-g5-vs-canon-eos-1200d" "Mozilla/5.0 (Windows NT 6.3; WOW64; Trident/7.0; rv:11.0) like Gecko"
212.7.184.67 - - [25/Jun/2015:12:48:41 +0200] "GET /amazon/reviews?itemId=B008MWQ7GY&country=DE HTTP/1.1" 200 1234 "http://versus.com/de/panasonic-lumix-dmc-g5-vs-canon-eos-1200d" "Mozilla/5.0 (Windows NT 6.3; WOW64; Trident/7.0; rv:11.0) like Gecko"
173.252.74.114 - - [25/Jun/2015:12:48:41 +0200] "GET /it/alcatel-one-touch-scribe-hd-8008d-vs-nokia-lumia-920 HTTP/1.1" 200 31307 "-" "facebookexternalhit/1.1 (+http://www.facebook.com/externalhit_uatext.php)"
80.254.148.43 - - [25/Jun/2015:12:48:41 +0200] "GET /amazon/similar?itemId=B00DMS0LCO&country=EU HTTP/1.1" 200 72327 "http://versus.com/de/canon-eos-70d-vs-canon-eos-760d" "Mozilla/5.0 (Windows NT 6.1; Trident/7.0; rv:11.0) like Gecko"
95.242.88.25 - - [25/Jun/2015:12:48:41 +0200] "GET /amazon/similar?itemId=B00IZCFZZA&country=IT HTTP/1.1" 200 4327 "http://versus.com/it/samsung-galaxy-s5-vs-samsung-galaxy-note-3-neo" "Mozilla/5.0 (Windows NT 6.1; WOW64) AppleWebKit/537.36 (KHTML, like Gecko) Chrome/43.0.2357.130 Safari/537.36"
195.138.85.250 - - [25/Jun/2015:12:48:41 +0200] "GET / HTTP/1.1" 302 62 "-" "Mozilla/5.0 (Windows NT 6.1; WOW64; rv:23.0) Gecko/20100101 Firefox/23.0"
157.55.39.172 - - [25/Jun/2015:12:48:41 +0200] "GET /ru/ankara-vs-%E5%9F%BA%E8%BC%94 HTTP/1.1" 200 26283 "-" "Mozilla/5.0 (compatible; bingbot/2.0; +http://www.bing.com/bingbot.htm)"
157.55.39.239 - - [25/Jun/2015:12:48:41 +0200] "GET /en/kopenhaga-vs-ginebra HTTP/1.1" 200 20129 "-" "Mozilla/5.0 (compatible; bingbot/2.0; +http://www.bing.com/bingbot.htm)"
117.192.173.148 - - [25/Jun/2015:12:48:41 +0200] "GET /object?q=samsung+galaxy+s6 HTTP/1.1" 200 109 "-" "Dalvik/1.6.0 (Linux; U; Android 4.4.2; Micromax A069 Build/KOT49H)"
139.195.113.217 - - [25/Jun/2015:12:48:41 +0200] "GET /en HTTP/1.1" 200 5495 "-" "Mozilla/5.0 (Windows NT 6.1; WOW64) AppleWebKit/537.36 (KHTML, like Gecko) Chrome/43.0.2357.130 Safari/537.36"
83.9.178.216 - - [25/Jun/2015:12:48:41 +0200] "GET /amazon/reviews?itemId=B007OXE0WU&country=PL HTTP/1.1" 200 656 "http://versus.com/pl/nikon-d5500-vs-nikon-d5000-18-55mm-f-3-5-5-6g-af-s-vr-dx-nikkor" "Mozilla/5.0 (Windows NT 6.3; WOW64; rv:38.0) Gecko/20100101 Firefox/38.0"
157.55.39.172 - - [25/Jun/2015:12:48:41 +0200] "GET /fr/hong-kong-vs-columbus HTTP/1.1" 200 17907 "-" "Mozilla/5.0 (compatible; bingbot/2.0; +http://www.bing.com/bingbot.htm)"
195.138.85.250 - - [25/Jun/2015:12:48:41 +0200] "GET /ru HTTP/1.1" 200 5261 "-" "Mozilla/5.0 (Windows NT 6.1; WOW64; rv:23.0) Gecko/20100101 Firefox/23.0"
157.55.39.239 - - [25/Jun/2015:12:48:41 +0200] "GET /fr/londyn-vs-vienne HTTP/1.1" 200 26761 "-" "Mozilla/5.0 (compatible; bingbot/2.0; +http://www.bing.com/bingbot.htm)"
52.7.193.213 - - [25/Jun/2015:12:48:41 +0200] "GET /it/samsung-galaxy-s5-vs-samsung-galaxy-note-3-neo HTTP/1.1" 200 182598 "-" "Mozilla/5.0 (compatible; proximic; +http://www.proximic.com/info/spider.php)"
157.55.39.172 - - [25/Jun/2015:12:48:41 +0200] "GET /hk/samsung-galaxy-s4-mini-vs-sony-xperia-sp-lte HTTP/1.1" 200 20961 "-" "Mozilla/5.0 (compatible; bingbot/2.0; +http://www.bing.com/bingbot.htm)"
117.192.173.148 - - [25/Jun/2015:12:48:41 +0200] "GET /object/?q=samsung+galaxy+s6+ HTTP/1.1" 301 178 "-" "Dalvik/1.6.0 (Linux; U; Android 4.4.2; Micromax A069 Build/KOT49H)"
80.254.148.43 - - [25/Jun/2015:12:48:41 +0200] "GET /pricetags/get?keywords=Canon%20EOS%20760D&country=EU&category=camera&merchants=amazon%2Cetuyo HTTP/1.1" 200 671 "http://versus.com/de/canon-eos-70d-vs-canon-eos-760d" "Mozilla/5.0 (Windows NT 6.1; Trident/7.0; rv:11.0) like Gecko"
5.255.253.111 - - [25/Jun/2015:12:48:41 +0200] "GET /ko/focal-spirit-professional-vs-philips-hifi-stereo-headphones-x1-28 HTTP/1.1" 200 16292 "-" "Mozilla/5.0 (compatible; YandexBot/3.0; +http://yandex.com/bots)"
180.76.15.21 - - [25/Jun/2015:12:48:41 +0200] "GET /de/nextbook-next-premium7s-vs-motorola-xoom-media-edition-mz505 HTTP/1.1" 200 19134 "-" "Mozilla/5.0 (compatible; Baiduspider/2.0; +http://www.baidu.com/search/spider.html)"
157.55.39.239 - - [25/Jun/2015:12:48:41 +0200] "GET /id/samsung-galaxy-s4-mini-vs-sony-xperia-tl HTTP/1.1" 200 23760 "-" "Mozilla/5.0 (compatible; bingbot/2.0; +http://www.bing.com/bingbot.htm)"
31.13.99.119 - - [25/Jun/2015:12:48:41 +0200] "GET /pl/nikon-d5000-18-55mm-f-3-5-5-6g-af-s-vr-dx-nikkor-vs-nikon-d5500 HTTP/1.1" 200 23831 "-" "facebookexternalhit/1.1 (+http://www.facebook.com/externalhit_uatext.php)"
180.76.15.23 - - [25/Jun/2015:12:48:41 +0200] "GET /es/s/tama%C3%B1o/samsung-galaxy-sii-plus-vs-samsung-galaxy-ace-s5830 HTTP/1.1" 200 2719 "-" "Mozilla/5.0 (compatible; Baiduspider/2.0; +http://www.baidu.com/search/spider.html)"
66.249.69.77 - - [25/Jun/2015:12:48:41 +0200] "GET /id/pentax-xg-1-vs-samsung-wb350f-smart-camera HTTP/1.1" 200 14939 "-" "Mozilla/5.0 (iPhone; CPU iPhone OS 6_0 like Mac OS X) AppleWebKit/536.26 (KHTML, like Gecko) Version/6.0 Mobile/10A5376e Safari/8536.25 (compatible; Googlebot/2.1; +http://www.google.com/bot.html)"
95.242.88.25 - - [25/Jun/2015:12:48:41 +0200] "GET /amazon/reviews?itemId=B00IZCFZZA&country=IT HTTP/1.1" 200 653 "http://versus.com/it/samsung-galaxy-s5-vs-samsung-galaxy-note-3-neo" "Mozilla/5.0 (Windows NT 6.1; WOW64) AppleWebKit/537.36 (KHTML, like Gecko) Chrome/43.0.2357.130 Safari/537.36"
93.34.162.33 - - [25/Jun/2015:12:48:41 +0200] "GET /api/search?q=G&lang=en&type=&category= HTTP/1.1" 200 1131 "http://versus.com/" "Mozilla/5.0 (iPad; CPU OS 8_1_2 like Mac OS X) AppleWebKit/600.1.4 (KHTML, like Gecko) Version/8.0 Mobile/12B440 Safari/600.1.4"
117.192.173.148 - - [25/Jun/2015:12:48:42 +0200] "GET /object?q=samsung+galaxy+s6+ HTTP/1.1" 200 207 "-" "Dalvik/1.6.0 (Linux; U; Android 4.4.2; Micromax A069 Build/KOT49H)"
157.55.39.172 - - [25/Jun/2015:12:48:42 +0200] "GET /pl/sony-xperia-c-vs-motorola-moto-e HTTP/1.1" 200 22564 "-" "Mozilla/5.0 (compatible; bingbot/2.0; +http://www.bing.com/bingbot.htm)"
95.242.88.25 - - [25/Jun/2015:12:48:42 +0200] "GET /amazon/similar?itemId=B00KGX4K02&country=IT HTTP/1.1" 200 3511 "http://versus.com/it/samsung-galaxy-s5-vs-samsung-galaxy-note-3-neo" "Mozilla/5.0 (Windows NT 6.1; WOW64) AppleWebKit/537.36 (KHTML, like Gecko) Chrome/43.0.2357.130 Safari/537.36"
151.47.53.207 - - [25/Jun/2015:12:48:42 +0200] "GET /amazon/bing?keywords=intel%20celeron%202840%20vs%20atlom&country=IT HTTP/1.1" 400 57 "http://versus.com/it?q=intel%20celeron%202840%20vs%20atlom" "Mozilla/5.0 (Windows NT 6.3; WOW64; Trident/7.0; rv:11.0) like Gecko"
207.46.13.122 - - [25/Jun/2015:12:48:42 +0200] "GET /id/bern-vs-%D0%A0%D0%B8%D0%BC HTTP/1.1" 200 22941 "-" "Mozilla/5.0 (compatible; bingbot/2.0; +http://www.bing.com/bingbot.htm)"
157.55.39.239 - - [25/Jun/2015:12:48:42 +0200] "GET /pl/nokia-lumia-910-vs-htc-edge HTTP/1.1" 200 24586 "-" "Mozilla/5.0 (compatible; bingbot/2.0; +http://www.bing.com/bingbot.htm)"
66.249.69.85 - - [25/Jun/2015:12:48:42 +0200] "GET /id/nokia-asha-305-vs-asus-padfone-x-mini HTTP/1.1" 200 27375 "-" "Mozilla/5.0 (compatible; Googlebot/2.1; +http://www.google.com/bot.html)"
5.255.253.229 - - [25/Jun/2015:12:48:42 +0200] "GET /es/calcutta-vs-sofia HTTP/1.1" 200 19698 "-" "Mozilla/5.0 (compatible; YandexBot/3.0; +http://yandex.com/bots)"
180.76.15.143 - - [25/Jun/2015:12:48:42 +0200] "GET /de/lg-optimus-l5-e610-vs-nokia-301 HTTP/1.1" 200 16780 "-" "Mozilla/5.0 (compatible; Baiduspider/2.0; +http://www.baidu.com/search/spider.html)"
207.46.13.122 - - [25/Jun/2015:12:48:42 +0200] "GET /de/acer-aspire-switch-10-vs-microsoft-surface-pro-3 HTTP/1.1" 200 15542 "-" "Mozilla/5.0 (compatible; bingbot/2.0; +http://www.bing.com/bingbot.htm)"
157.55.39.239 - - [25/Jun/2015:12:48:42 +0200] "GET /cn/geneva-vs-berlino HTTP/1.1" 200 24365 "-" "Mozilla/5.0 (compatible; bingbot/2.0; +http://www.bing.com/bingbot.htm)"
168.235.195.63 - - [25/Jun/2015:12:48:42 +0200] "GET /id/samsung-galaxy-e5-vs-samsung-galaxy-s4 HTTP/1.1" 200 21746 "-" "Mozilla/5.0 (Linux; U; Android 4.3; en-US; ASUS_T00G Build/JSS15Q) AppleWebKit/534.30 (KHTML, like Gecko) Version/4.0 UCBrowser/10.4.1.565 U3/0.8.0 Mobile Safari/534.30"
95.242.88.25 - - [25/Jun/2015:12:48:42 +0200] "GET /amazon/reviews?itemId=B00KGX4K02&country=IT HTTP/1.1" 200 655 "http://versus.com/it/samsung-galaxy-s5-vs-samsung-galaxy-note-3-neo" "Mozilla/5.0 (Windows NT 6.1; WOW64) AppleWebKit/537.36 (KHTML, like Gecko) Chrome/43.0.2357.130 Safari/537.36"
207.46.13.122 - - [25/Jun/2015:12:48:42 +0200] "GET /en/ateny-vs-panama-stad HTTP/1.1" 200 19119 "-" "Mozilla/5.0 (compatible; bingbot/2.0; +http://www.bing.com/bingbot.htm)"
93.34.162.33 - - [25/Jun/2015:12:48:42 +0200] "GET /api/search?q=&lang=en&type=&category= HTTP/1.1" 200 2 "http://versus.com/" "Mozilla/5.0 (iPad; CPU OS 8_1_2 like Mac OS X) AppleWebKit/600.1.4 (KHTML, like Gecko) Version/8.0 Mobile/12B440 Safari/600.1.4"
207.46.13.122 - - [25/Jun/2015:12:48:42 +0200] "GET /fr/chicago-vs-jenewa HTTP/1.1" 200 21602 "-" "Mozilla/5.0 (compatible; bingbot/2.0; +http://www.bing.com/bingbot.htm)"
180.76.15.160 - - [25/Jun/2015:12:48:42 +0200] "GET /fr/asus-padfone-2-16-gb-vs-samsung-galaxy-nexus-32gb HTTP/1.1" 200 22345 "-" "Mozilla/5.0 (compatible; Baiduspider/2.0; +http://www.baidu.com/search/spider.html)"
83.44.39.238 - - [25/Jun/2015:12:48:42 +0200] "GET /es/garmin-forerunner-210-vs-garmin-forerunner-220 HTTP/1.1" 200 16849 "http://www.google.es/url?sa=t&rct=j&q=&esrc=s&source=web&cd=1&cad=rja&uact=8&ved=0CCIQFjAA&url=http%3A%2F%2Fversus.com%2Fes%2Fgarmin-forerunner-210-vs-garmin-forerunner-220&ei=fd2LVbu8C4GrULHHgDA&usg=AFQjCNEdSc-FLqd4M4oWRb191YWqPj0IeQ&bvm=bv.96782255,d.d24" "Mozilla/5.0 (Windows NT 6.1; WOW64; rv:38.0) Gecko/20100101 Firefox/38.0"
157.55.39.239 - - [25/Jun/2015:12:48:42 +0200] "GET /ru/samsung-galaxy-s3-mini-vs-alcatel-ot-idol-6030 HTTP/1.1" 200 23657 "-" "Mozilla/5.0 (compatible; bingbot/2.0; +http://www.bing.com/bingbot.htm)"
157.55.39.172 - - [25/Jun/2015:12:48:42 +0200] "GET /it/samsung-galaxy-note-8-32gb-wifi-3g-vs-apple-ipad-3-64gb-wifi HTTP/1.1" 200 24147 "-" "Mozilla/5.0 (compatible; bingbot/2.0; +http://www.bing.com/bingbot.htm)"
180.76.15.152 - - [25/Jun/2015:12:48:42 +0200] "GET /es/s/tama%C3%B1o/samsung-galaxy-core-duos-vs-asus-padfone-2-32-gb HTTP/1.1" 200 2728 "-" "Mozilla/5.0 (compatible; Baiduspider/2.0; +http://www.baidu.com/search/spider.html)"
173.252.74.115 - - [25/Jun/2015:12:48:42 +0200] "GET /ru/nikon-1-s1-vs-panasonic-lumix-dmc-fh5 HTTP/1.1" 200 21571 "-" "facebookexternalhit/1.1 (+http://www.facebook.com/externalhit_uatext.php)"
200.121.2.169 - - [25/Jun/2015:12:48:42 +0200] "GET /object/?q=Samsung+Galaxy+S4 HTTP/1.1" 301 178 "-" "Dalvik/1.6.0 (Linux; U; Android 4.3; SM-N900 Build/JSS15J)"
200.121.2.169 - - [25/Jun/2015:12:48:42 +0200] "GET /object/?q=Huawei+Ascend+P7 HTTP/1.1" 301 178 "-" "Dalvik/1.6.0 (Linux; U; Android 4.3; SM-N900 Build/JSS15J)"
157.55.39.172 - - [25/Jun/2015:12:48:42 +0200] "GET /it/monitor/top HTTP/1.1" 200 9436 "-" "Mozilla/5.0 (compatible; bingbot/2.0; +http://www.bing.com/bingbot.htm)"
207.46.13.122 - - [25/Jun/2015:12:48:43 +0200] "GET /es/monako-vs-varsavia HTTP/1.1" 200 21719 "-" "Mozilla/5.0 (compatible; bingbot/2.0; +http://www.bing.com/bingbot.htm)"
173.252.74.117 - - [25/Jun/2015:12:48:43 +0200] "GET /br/apple-iphone-6-plus-vs-panasonic-lumix-dmc-zs7 HTTP/1.1" 200 31516 "-" "facebookexternalhit/1.1 (+http://www.facebook.com/externalhit_uatext.php)"
80.254.148.43 - - [25/Jun/2015:12:48:43 +0200] "GET /amazon/similar?itemId=B00T3ERM4Q&country=EU HTTP/1.1" 200 64440 "http://versus.com/de/canon-eos-70d-vs-canon-eos-760d" "Mozilla/5.0 (Windows NT 6.1; Trident/7.0; rv:11.0) like Gecko"
157.55.39.172 - - [25/Jun/2015:12:48:43 +0200] "GET /pl/gaborone-vs-manila HTTP/1.1" 200 20783 "-" "Mozilla/5.0 (compatible; bingbot/2.0; +http://www.bing.com/bingbot.htm)"
200.121.2.169 - - [25/Jun/2015:12:48:43 +0200] "GET /object?q=Huawei+Ascend+P7 HTTP/1.1" 200 79 "-" "Dalvik/1.6.0 (Linux; U; Android 4.3; SM-N900 Build/JSS15J)"
180.76.15.27 - - [25/Jun/2015:12:48:43 +0200] "GET /es/s/tama%C3%B1o/fujitsu-arrows-z-vs-sony-xperia-s-32gb HTTP/1.1" 200 2701 "-" "Mozilla/5.0 (compatible; Baiduspider/2.0; +http://www.baidu.com/search/spider.html)"
93.34.162.33 - - [25/Jun/2015:12:48:43 +0200] "GET /api/search?q=S&lang=en&type=&category= HTTP/1.1" 200 1318 "http://versus.com/" "Mozilla/5.0 (iPad; CPU OS 8_1_2 like Mac OS X) AppleWebKit/600.1.4 (KHTML, like Gecko) Version/8.0 Mobile/12B440 Safari/600.1.4"
179.154.132.96 - - [25/Jun/2015:12:48:43 +0200] "GET /br/todoist-vs-wunderlist HTTP/1.1" 200 13772 "http://www.google.com.br/url?sa=t&rct=j&q=&esrc=s&source=web&cd=4&ved=0CEYQFjAD&url=http%3A%2F%2Fversus.com%2Fbr%2Ftodoist-vs-wunderlist&ei=2tyLVYnKCMX5-AG3n4HYAg&usg=AFQjCNG1tE8cnAk4d22Fu2xBJmMf4GlRaA&bvm=bv.96782255,d.cWw" "Mozilla/5.0 (Windows NT 10.0; WOW64; rv:38.0) Gecko/20100101 Firefox/38.0"
200.121.2.169 - - [25/Jun/2015:12:48:43 +0200] "GET /object?q=Samsung+Galaxy+S4 HTTP/1.1" 200 226 "-" "Dalvik/1.6.0 (Linux; U; Android 4.3; SM-N900 Build/JSS15J)"
173.252.74.117 - - [25/Jun/2015:12:48:43 +0200] "GET /en/canon-ixus-140-vs-canon-powershot-sx240-hs HTTP/1.1" 200 20442 "-" "facebookexternalhit/1.1 (+http://www.facebook.com/externalhit_uatext.php)"
200.121.2.169 - - [25/Jun/2015:12:48:43 +0200] "GET /object/?q=Huawei+Ascend+P7 HTTP/1.1" 301 178 "-" "Dalvik/1.6.0 (Linux; U; Android 4.3; SM-N900 Build/JSS15J)"
92.90.26.5 - - [25/Jun/2015:12:48:43 +0200] "GET /object/?q=g HTTP/1.1" 301 178 "-" "Dalvik/1.6.0 (Linux; U; Android 4.4.2; GT-I9195 Build/KOT49H)"
157.55.39.172 - - [25/Jun/2015:12:48:43 +0200] "GET /cn/sony-xperia-sola-vs-htc-ville HTTP/1.1" 200 25029 "-" "Mozilla/5.0 (compatible; bingbot/2.0; +http://www.bing.com/bingbot.htm)"
157.55.39.239 - - [25/Jun/2015:12:48:43 +0200] "GET /tr/monaco-vs-%D0%A2%D0%B0%D0%BB%D0%BB%D1%96%D0%BD HTTP/1.1" 200 21203 "-" "Mozilla/5.0 (compatible; bingbot/2.0; +http://www.bing.com/bingbot.htm)"
173.252.74.119 - - [25/Jun/2015:12:48:43 +0200] "GET /sv/pasce-miniring-vs-ultimate-ears-ue-boom HTTP/1.1" 200 14411 "-" "facebookexternalhit/1.1 (+http://www.facebook.com/externalhit_uatext.php)"
5.255.253.111 - - [25/Jun/2015:12:48:43 +0200] "GET /id/audio-technica-ath-es10-vs-audio-technica-ath-es55bk HTTP/1.1" 200 12785 "-" "Mozilla/5.0 (compatible; YandexBot/3.0; +http://yandex.com/bots)"
200.121.2.169 - - [25/Jun/2015:12:48:43 +0200] "GET /object/?q=Samsung+Galaxy+S4 HTTP/1.1" 301 178 "-" "Dalvik/1.6.0 (Linux; U; Android 4.3; SM-N900 Build/JSS15J)"
200.121.2.169 - - [25/Jun/2015:12:48:43 +0200] "GET /object?q=Huawei+Ascend+P7 HTTP/1.1" 200 79 "-" "Dalvik/1.6.0 (Linux; U; Android 4.3; SM-N900 Build/JSS15J)"
92.90.26.5 - - [25/Jun/2015:12:48:43 +0200] "GET /object?q=g HTTP/1.1" 200 347 "-" "Dalvik/1.6.0 (Linux; U; Android 4.4.2; GT-I9195 Build/KOT49H)"
106.221.143.209 - - [25/Jun/2015:12:48:43 +0200] "GET /api/search?q=L&lang=en&type=&category= HTTP/1.1" 200 1113 "http://versus.com/" "Mozilla/5.0 (Linux; U; Android 5.0.2; en-gb; Mi 4i Build/LRX22G) AppleWebKit/537.36 (KHTML, like Gecko) Version/4.0 Chrome/39.0.0.0 Mobile Safari/537.36 XiaoMi/MiuiBrowser/2.1.1"
157.55.39.172 - - [25/Jun/2015:12:48:43 +0200] "GET /en/lilongwe-vs-%E3%82%B8%E3%83%A7%E3%83%BC%E3%82%B8%E3%82%BF%E3%82%A6%E3%83%B3 HTTP/1.1" 200 14466 "-" "Mozilla/5.0 (compatible; bingbot/2.0; +http://www.bing.com/bingbot.htm)"
93.34.162.33 - - [25/Jun/2015:12:48:43 +0200] "GET /api/search?q=Sa&lang=en&type=&category= HTTP/1.1" 200 1089 "http://versus.com/" "Mozilla/5.0 (iPad; CPU OS 8_1_2 like Mac OS X) AppleWebKit/600.1.4 (KHTML, like Gecko) Version/8.0 Mobile/12B440 Safari/600.1.4"
157.55.39.239 - - [25/Jun/2015:12:48:43 +0200] "GET /en/male-vs-jacarta HTTP/1.1" 200 18381 "-" "Mozilla/5.0 (compatible; bingbot/2.0; +http://www.bing.com/bingbot.htm)"
200.121.2.169 - - [25/Jun/2015:12:48:43 +0200] "GET /object?q=Samsung+Galaxy+S4 HTTP/1.1" 200 226 "-" "Dalvik/1.6.0 (Linux; U; Android 4.3; SM-N900 Build/JSS15J)"
66.249.69.85 - - [25/Jun/2015:12:48:43 +0200] "GET /de/manila-vs-%E9%83%BD%E6%9F%8F%E6%9E%97 HTTP/1.1" 200 23800 "-" "Mozilla/5.0 (compatible; Googlebot/2.1; +http://www.google.com/bot.html)"
173.252.88.85 - - [25/Jun/2015:12:48:43 +0200] "GET /tr/garmin-nuvi-50lm-vs-tomtom-start-40-m HTTP/1.1" 200 15252 "-" "facebookexternalhit/1.1 (+http://www.facebook.com/externalhit_uatext.php)"
157.55.39.172 - - [25/Jun/2015:12:48:43 +0200] "GET /de/sennheiser-rs-170-vs-yamaha-eph-100 HTTP/1.1" 200 17179 "-" "Mozilla/5.0 (compatible; bingbot/2.0; +http://www.bing.com/bingbot.htm)"
92.90.26.5 - - [25/Jun/2015:12:48:43 +0200] "GET /object/?q=ga HTTP/1.1" 301 178 "-" "Dalvik/1.6.0 (Linux; U; Android 4.4.2; GT-I9195 Build/KOT49H)"
157.55.39.239 - - [25/Jun/2015:12:48:43 +0200] "GET /br/vienna-vs-madryt HTTP/1.1" 200 25224 "-" "Mozilla/5.0 (compatible; bingbot/2.0; +http://www.bing.com/bingbot.htm)"
93.34.162.33 - - [25/Jun/2015:12:48:43 +0200] "GET /api/search?q=Sam&lang=en&type=&category= HTTP/1.1" 200 822 "http://versus.com/" "Mozilla/5.0 (iPad; CPU OS 8_1_2 like Mac OS X) AppleWebKit/600.1.4 (KHTML, like Gecko) Version/8.0 Mobile/12B440 Safari/600.1.4"
139.195.113.217 - - [25/Jun/2015:12:48:43 +0200] "GET /api/search?q=m&lang=en&type=&category= HTTP/1.1" 200 1400 "http://versus.com/en" "Mozilla/5.0 (Windows NT 6.1; WOW64) AppleWebKit/537.36 (KHTML, like Gecko) Chrome/43.0.2357.130 Safari/537.36"
220.181.108.172 - - [25/Jun/2015:12:48:43 +0200] "GET /cn/lg-optimus-g-pro-vs-motorola-droid-turbo HTTP/1.1" 200 23000 "-" "Mozilla/5.0 (compatible; Baiduspider/2.0; +http://www.baidu.com/search/spider.html)"
92.90.26.5 - - [25/Jun/2015:12:48:43 +0200] "GET /object?q=ga HTTP/1.1" 200 291 "-" "Dalvik/1.6.0 (Linux; U; Android 4.4.2; GT-I9195 Build/KOT49H)"
157.55.39.172 - - [25/Jun/2015:12:48:43 +0200] "GET /cn/apple-iphone-5s-16gb-vs-sony-xperia-z1f HTTP/1.1" 200 29856 "-" "Mozilla/5.0 (compatible; bingbot/2.0; +http://www.bing.com/bingbot.htm)"
157.55.39.239 - - [25/Jun/2015:12:48:43 +0200] "GET /da/tolino-shine-vs-kobo-glo HTTP/1.1" 200 14710 "-" "Mozilla/5.0 (compatible; bingbot/2.0; +http://www.bing.com/bingbot.htm)"
106.221.143.209 - - [25/Jun/2015:12:48:43 +0200] "GET /api/search?q=Le&lang=en&type=&category= HTTP/1.1" 200 1272 "http://versus.com/" "Mozilla/5.0 (Linux; U; Android 5.0.2; en-gb; Mi 4i Build/LRX22G) AppleWebKit/537.36 (KHTML, like Gecko) Version/4.0 Chrome/39.0.0.0 Mobile Safari/537.36 XiaoMi/MiuiBrowser/2.1.1"
173.252.74.116 - - [25/Jun/2015:12:48:43 +0200] "GET /br/textnow-vs-textsecure HTTP/1.1" 200 13802 "-" "facebookexternalhit/1.1 (+http://www.facebook.com/externalhit_uatext.php)"
180.76.15.24 - - [25/Jun/2015:12:48:43 +0200] "GET /en/apple-iphone-6-vs-motorola-droid-razr-maxx-hd HTTP/1.1" 200 28071 "-" "Mozilla/5.0 (compatible; Baiduspider/2.0; +http://www.baidu.com/search/spider.html)"
88.16.65.83 - - [25/Jun/2015:12:48:43 +0200] "GET /api/landing/en/1 HTTP/1.1" 200 1909 "-" "Dalvik/2.1.0 (Linux; U; Android 5.0.2; SGP321 Build/10.6.A.0.454)"
93.34.162.33 - - [25/Jun/2015:12:48:43 +0200] "GET /api/search?q=Sams&lang=en&type=&category= HTTP/1.1" 200 812 "http://versus.com/" "Mozilla/5.0 (iPad; CPU OS 8_1_2 like Mac OS X) AppleWebKit/600.1.4 (KHTML, like Gecko) Version/8.0 Mobile/12B440 Safari/600.1.4"
180.76.15.23 - - [25/Jun/2015:12:48:43 +0200] "GET /es/s/tama%C3%B1o/sony-cyber-shot-dsc-tx20-vs-panasonic-lumix-dmc-fp2 HTTP/1.1" 200 2722 "-" "Mozilla/5.0 (compatible; Baiduspider/2.0; +http://www.baidu.com/search/spider.html)"
199.30.24.223 - - [25/Jun/2015:12:48:43 +0200] "GET /comment/tr/intel-core-i5-4690k-vs-amd-fx-8320 HTTP/1.1" 200 2 "http://versus.com/tr/intel-core-i5-4690k-vs-amd-fx-8320" "Mozilla/5.0 (Windows NT 6.1; WOW64) AppleWebKit/534+ (KHTML, like Gecko) BingPreview/1.0b"
157.55.39.239 - - [25/Jun/2015:12:48:44 +0200] "GET /it/delhi-vs-montevideo HTTP/1.1" 200 18694 "-" "Mozilla/5.0 (compatible; bingbot/2.0; +http://www.bing.com/bingbot.htm)"
157.55.39.172 - - [25/Jun/2015:12:48:44 +0200] "GET /es/geneva-vs-gaborone HTTP/1.1" 200 20110 "-" "Mozilla/5.0 (compatible; bingbot/2.0; +http://www.bing.com/bingbot.htm)"
92.90.26.5 - - [25/Jun/2015:12:48:44 +0200] "GET /object/?q=gala HTTP/1.1" 301 178 "-" "Dalvik/1.6.0 (Linux; U; Android 4.4.2; GT-I9195 Build/KOT49H)"
93.34.162.33 - - [25/Jun/2015:12:48:44 +0200] "GET /api/search?q=Samsu&lang=en&type=&category= HTTP/1.1" 200 812 "http://versus.com/" "Mozilla/5.0 (iPad; CPU OS 8_1_2 like Mac OS X) AppleWebKit/600.1.4 (KHTML, like Gecko) Version/8.0 Mobile/12B440 Safari/600.1.4"
139.195.113.217 - - [25/Jun/2015:12:48:44 +0200] "GET /api/search?q=ms&lang=en&type=&category= HTTP/1.1" 200 1450 "http://versus.com/en" "Mozilla/5.0 (Windows NT 6.1; WOW64) AppleWebKit/537.36 (KHTML, like Gecko) Chrome/43.0.2357.130 Safari/537.36"
139.195.113.217 - - [25/Jun/2015:12:48:44 +0200] "GET /api/search?q=msi&lang=en&type=&category= HTTP/1.1" 200 1224 "http://versus.com/en" "Mozilla/5.0 (Windows NT 6.1; WOW64) AppleWebKit/537.36 (KHTML, like Gecko) Chrome/43.0.2357.130 Safari/537.36"
5.255.253.229 - - [25/Jun/2015:12:48:44 +0200] "GET /br/einhell-gc-pm-46bs-vs-black-decker-edgemax-emax34i HTTP/1.1" 200 12810 "-" "Mozilla/5.0 (compatible; YandexBot/3.0; +http://yandex.com/bots)"
92.90.26.5 - - [25/Jun/2015:12:48:44 +0200] "GET /object?q=gala HTTP/1.1" 200 207 "-" "Dalvik/1.6.0 (Linux; U; Android 4.4.2; GT-I9195 Build/KOT49H)"
117.192.173.148 - - [25/Jun/2015:12:48:44 +0200] "GET /object/?q=samsung+galaxy+s6+e HTTP/1.1" 301 178 "-" "Dalvik/1.6.0 (Linux; U; Android 4.4.2; Micromax A069 Build/KOT49H)"
5.45.254.226 - - [25/Jun/2015:12:48:44 +0200] "GET /pl/university-of-connecticut-vs-polytechnic-university-of-milan HTTP/1.1" 200 15120 "-" "Mozilla/5.0 (compatible; YandexBot/3.0; +http://yandex.com/bots)"
139.195.113.217 - - [25/Jun/2015:12:48:44 +0200] "GET /api/search?q=msi%20&lang=en&type=&category= HTTP/1.1" 200 550 "http://versus.com/en" "Mozilla/5.0 (Windows NT 6.1; WOW64) AppleWebKit/537.36 (KHTML, like Gecko) Chrome/43.0.2357.130 Safari/537.36"
123.125.71.98 - - [25/Jun/2015:12:48:44 +0200] "GET /comment/hk/intel-xeon-e5-2420-vs-amd-opteron-6344 HTTP/1.1" 200 2 "http://versus.com/hk/intel-xeon-e5-2420-vs-amd-opteron-6344" "Mozilla/5.0 (compatible; Baiduspider/2.0; +http://www.baidu.com/search/spider.html)"
157.55.39.172 - - [25/Jun/2015:12:48:44 +0200] "GET /en/erevan-vs-san-francisco HTTP/1.1" 200 25841 "-" "Mozilla/5.0 (compatible; bingbot/2.0; +http://www.bing.com/bingbot.htm)"
93.34.162.33 - - [25/Jun/2015:12:48:44 +0200] "GET /api/search?q=Samsun&lang=en&type=&category= HTTP/1.1" 200 812 "http://versus.com/" "Mozilla/5.0 (iPad; CPU OS 8_1_2 like Mac OS X) AppleWebKit/600.1.4 (KHTML, like Gecko) Version/8.0 Mobile/12B440 Safari/600.1.4"
157.55.39.239 - - [25/Jun/2015:12:48:44 +0200] "GET /fr/lg-nexus-5-vs-xiaomi-mi3 HTTP/1.1" 200 23545 "-" "Mozilla/5.0 (compatible; bingbot/2.0; +http://www.bing.com/bingbot.htm)"
157.55.39.239 - - [25/Jun/2015:12:48:44 +0200] "GET /ru/apple-ipad-air-vs-sony-xperia-tablet-z HTTP/1.1" 200 28943 "-" "Mozilla/5.0 (compatible; bingbot/2.0; +http://www.bing.com/bingbot.htm)"
157.55.39.239 - - [25/Jun/2015:12:48:44 +0200] "GET /en/madryt-vs-%E7%B4%90%E7%B4%84 HTTP/1.1" 200 32021 "-" "Mozilla/5.0 (compatible; bingbot/2.0; +http://www.bing.com/bingbot.htm)"
89.145.95.42 - - [25/Jun/2015:12:48:44 +0200] "GET /en/apple-ipad-air-2-vs-apple-ipad-mini-3 HTTP/1.1" 200 18655 "-" "Mozilla/5.0 (compatible; GrapeshotCrawler/2.0; +http://www.grapeshot.co.uk/crawler.php)"
139.195.113.217 - - [25/Jun/2015:12:48:44 +0200] "GET /api/search?q=msi%20a&lang=en&type=&category= HTTP/1.1" 200 987 "http://versus.com/en" "Mozilla/5.0 (Windows NT 6.1; WOW64) AppleWebKit/537.36 (KHTML, like Gecko) Chrome/43.0.2357.130 Safari/537.36"
180.76.15.159 - - [25/Jun/2015:12:48:44 +0200] "GET /fr/canon-ixus-230-hs-vs-olympus-sz-30mr HTTP/1.1" 200 17294 "-" "Mozilla/5.0 (compatible; Baiduspider/2.0; +http://www.baidu.com/search/spider.html)"
86.67.86.202 - - [25/Jun/2015:12:48:44 +0200] "GET /comment/fr/jabra-solemate-vs-jbl-flip HTTP/1.1" 200 2 "http://versus.com/fr/jabra-solemate-vs-jbl-flip" "Mozilla/5.0 (Macintosh; Intel Mac OS X 10_10_3) AppleWebKit/537.36 (KHTML, like Gecko) Chrome/43.0.2357.130 Safari/537.36"
93.34.162.33 - - [25/Jun/2015:12:48:44 +0200] "GET /api/search?q=Samsung&lang=en&type=&category= HTTP/1.1" 200 814 "http://versus.com/" "Mozilla/5.0 (iPad; CPU OS 8_1_2 like Mac OS X) AppleWebKit/600.1.4 (KHTML, like Gecko) Version/8.0 Mobile/12B440 Safari/600.1.4"
92.90.26.5 - - [25/Jun/2015:12:48:44 +0200] "GET /object/?q=galaxy HTTP/1.1" 301 178 "-" "Dalvik/1.6.0 (Linux; U; Android 4.4.2; GT-I9195 Build/KOT49H)"
157.55.39.172 - - [25/Jun/2015:12:48:44 +0200] "GET /br/riyad-vs-thimphou HTTP/1.1" 200 15973 "-" "Mozilla/5.0 (compatible; bingbot/2.0; +http://www.bing.com/bingbot.htm)"
117.192.173.148 - - [25/Jun/2015:12:48:44 +0200] "GET /object?q=samsung+galaxy+s6+e HTTP/1.1" 200 109 "-" "Dalvik/1.6.0 (Linux; U; Android 4.4.2; Micromax A069 Build/KOT49H)"
157.55.39.239 - - [25/Jun/2015:12:48:44 +0200] "GET /uk/berlin-vs-%D1%80%D0%BE%D0%BB%D1%96 HTTP/1.1" 200 23263 "-" "Mozilla/5.0 (compatible; bingbot/2.0; +http://www.bing.com/bingbot.htm)"
189.221.137.137 - - [25/Jun/2015:12:48:44 +0200] "GET /es/motorola-moto-e-vs-motorola-moto-g-forte HTTP/1.1" 200 31025 "https://www.google.com.mx/" "Mozilla/5.0 (Linux; Android 4.1.2; GT-I8190L Build/JZO54K) AppleWebKit/537.36 (KHTML, like Gecko) Chrome/43.0.2357.78 Mobile Safari/537.36 OPR/30.0.1856.92967"
157.55.39.239 - - [25/Jun/2015:12:48:44 +0200] "GET /fr/samsung-un55es7003f-vs-kogan-39-agora-smart-led HTTP/1.1" 200 18476 "-" "Mozilla/5.0 (compatible; bingbot/2.0; +http://www.bing.com/bingbot.htm)"
5.170.57.21 - - [25/Jun/2015:12:48:44 +0200] "GET /api/search?q=canon&lang=it&type=multi-search&category=camera HTTP/1.1" 200 1293 "http://versus.com/it/nikon-d3200" "MTK6592_TD/V1 Linux/3.4.67 Android/4.4.2 Release/08.15.2014 Browser/AppleWebKit537.36 Mobile Safari/537.36 System/Android 4.4.2"
157.55.39.15 - - [25/Jun/2015:12:48:44 +0200] "GET /es/sony-xperia-zl-vs-samsung-galaxy-s4-32gb HTTP/1.1" 200 28593 "-" "Mozilla/5.0 (compatible; bingbot/2.0; +http://www.bing.com/bingbot.htm)"
157.55.39.239 - - [25/Jun/2015:12:48:44 +0200] "GET /ru/mumbai-vs-manille HTTP/1.1" 200 23614 "-" "Mozilla/5.0 (compatible; bingbot/2.0; +http://www.bing.com/bingbot.htm)"
92.90.26.5 - - [25/Jun/2015:12:48:44 +0200] "GET /object?q=galaxy HTTP/1.1" 200 207 "-" "Dalvik/1.6.0 (Linux; U; Android 4.4.2; GT-I9195 Build/KOT49H)"
180.76.15.158 - - [25/Jun/2015:12:48:44 +0200] "GET /es/s/tama%C3%B1o/sony-cyber-shot-dsc-tx20-vs-panasonic-lumix-dmc-fz150 HTTP/1.1" 200 2740 "-" "Mozilla/5.0 (compatible; Baiduspider/2.0; +http://www.baidu.com/search/spider.html)"
66.249.69.69 - - [25/Jun/2015:12:48:44 +0200] "GET /br/nikon-1-v1-vs-panasonic-lumix-dmc-fh7 HTTP/1.1" 200 21193 "-" "Mozilla/5.0 (compatible; Googlebot/2.1; +http://www.google.com/bot.html)"
157.55.39.239 - - [25/Jun/2015:12:48:44 +0200] "GET /de/vienna-vs-%D0%A2%D1%85%D0%B8%D0%BC%D0%BF%D1%85%D1%83 HTTP/1.1" 200 19952 "-" "Mozilla/5.0 (compatible; bingbot/2.0; +http://www.bing.com/bingbot.htm)"
106.221.143.209 - - [25/Jun/2015:12:48:44 +0200] "GET /api/search?q=Len&lang=en&type=&category= HTTP/1.1" 200 911 "http://versus.com/" "Mozilla/5.0 (Linux; U; Android 5.0.2; en-gb; Mi 4i Build/LRX22G) AppleWebKit/537.36 (KHTML, like Gecko) Version/4.0 Chrome/39.0.0.0 Mobile Safari/537.36 XiaoMi/MiuiBrowser/2.1.1"
157.55.39.172 - - [25/Jun/2015:12:48:44 +0200] "GET /br/samsung-galaxy-core-duos-vs-nokia-lumia-920 HTTP/1.1" 200 35429 "-" "Mozilla/5.0 (compatible; bingbot/2.0; +http://www.bing.com/bingbot.htm)"
157.55.39.15 - - [25/Jun/2015:12:48:44 +0200] "GET /br/ultrasone-edition-8-vs-able-planet-ir210t HTTP/1.1" 200 16399 "-" "Mozilla/5.0 (compatible; bingbot/2.0; +http://www.bing.com/bingbot.htm)"
