207.46.13.122 - - [25/Jun/2015:12:49:19 +0200] "GET /de/albuquerque-vs-minneapolis HTTP/1.1" 200 17156 "-" "Mozilla/5.0 (compatible; bingbot/2.0; +http://www.bing.com/bingbot.htm)"
151.54.17.82 - - [25/Jun/2015:12:49:19 +0200] "GET /comment/it/canon-eos-1200d-vs-sony-cyber-shot-hx300 HTTP/1.1" 200 2 "http://versus.com/it/canon-eos-1200d-vs-sony-cyber-shot-hx300" "Mozilla/5.0 (Macintosh; Intel Mac OS X 10_7_5) AppleWebKit/537.36 (KHTML, like Gecko) Chrome/43.0.2357.124 Safari/537.36"
66.249.91.74 - - [25/Jun/2015:12:49:19 +0200] "GET /en?q=cubot%20x6 HTTP/1.1" 200 13065 "-" "Mediapartners-Google"
195.242.138.101 - - [25/Jun/2015:12:49:19 +0200] "GET /pl/apple-iphone-6-vs-samsung-galaxy-s4 HTTP/1.1" 200 33341 "https://www.google.pl/" "Mozilla/5.0 (Linux; Android 4.4.2; GT-I9515 Build/KOT49H) AppleWebKit/537.36 (KHTML, like Gecko) Chrome/43.0.2357.93 Mobile Safari/537.36"
124.87.105.8 - - [25/Jun/2015:12:49:19 +0200] "GET /pricetags/get?keywords=Canon%20PowerShot%20SX710%20HS&country=JP&category=camera&merchants=amazon%2Cetuyo HTTP/1.1" 200 538 "http://versus.com/ja/nikon-coolpix-s9900-vs-canon-powershot-sx710-hs" "Mozilla/5.0 (Windows NT 6.1; WOW64; Trident/7.0; rv:11.0) like Gecko"
207.46.13.122 - - [25/Jun/2015:12:49:19 +0200] "GET /id/sony-xperia-arco-s-vs-huawei-ascend-mate HTTP/1.1" 200 23243 "-" "Mozilla/5.0 (compatible; bingbot/2.0; +http://www.bing.com/bingbot.htm)"
207.46.13.122 - - [25/Jun/2015:12:49:19 +0200] "GET /da/sony-xperia-v-vs-htc-one-google HTTP/1.1" 200 26039 "-" "Mozilla/5.0 (compatible; bingbot/2.0; +http://www.bing.com/bingbot.htm)"
124.87.105.8 - - [25/Jun/2015:12:49:19 +0200] "GET /comment/ja/nikon-coolpix-s9900-vs-canon-powershot-sx710-hs HTTP/1.1" 200 2 "http://versus.com/ja/nikon-coolpix-s9900-vs-canon-powershot-sx710-hs" "Mozilla/5.0 (Windows NT 6.1; WOW64; Trident/7.0; rv:11.0) like Gecko"
173.252.74.118 - - [25/Jun/2015:12:49:19 +0200] "GET /en/beyerdynamic-dt-235-vs-sony-mdr-ma300 HTTP/1.1" 200 15744 "-" "facebookexternalhit/1.1 (+http://www.facebook.com/externalhit_uatext.php)"
173.252.88.91 - - [25/Jun/2015:12:49:19 +0200] "GET /cn/trendnet-tew-714tru-vs-verizon-4g-lte-voice HTTP/1.1" 200 12977 "-" "facebookexternalhit/1.1 (+http://www.facebook.com/externalhit_uatext.php)"
207.46.13.122 - - [25/Jun/2015:12:49:19 +0200] "GET /en/motorola-atrix-hd-mb886-vs-samsung-s7710-galaxy-xcover-2 HTTP/1.1" 200 23546 "-" "Mozilla/5.0 (compatible; bingbot/2.0; +http://www.bing.com/bingbot.htm)"
180.76.15.135 - - [25/Jun/2015:12:49:19 +0200] "GET /fr/aoc-breeze-mw0931-vs-asus-transformer-prime-32gb HTTP/1.1" 200 18697 "-" "Mozilla/5.0 (compatible; Baiduspider/2.0; +http://www.baidu.com/search/spider.html)"
180.76.15.153 - - [25/Jun/2015:12:49:19 +0200] "GET /fr/canon-powershot-sx50-hs-vs-ricoh-gxr-ricoh-p10-28-300mm-f3-5-5-6-vc HTTP/1.1" 200 19832 "-" "Mozilla/5.0 (compatible; Baiduspider/2.0; +http://www.baidu.com/search/spider.html)"
66.249.91.82 - - [25/Jun/2015:12:49:19 +0200] "GET /de/honda-pilot-lx-2014-vs-dodge-durango-citadel-2014 HTTP/1.1" 200 15736 "-" "Mediapartners-Google"
5.255.253.229 - - [25/Jun/2015:12:49:19 +0200] "GET /en/powercolor-r9-290x-oc-battlefield-4-vs-gigabyte-geforce-gtx-970-mini-itx HTTP/1.1" 200 16878 "-" "Mozilla/5.0 (compatible; YandexBot/3.0; +http://yandex.com/bots)"
151.54.17.82 - - [25/Jun/2015:12:49:20 +0200] "GET /amazon/similar?itemId=B00H3VVFVC&country=IT HTTP/1.1" 200 2592 "http://versus.com/it/canon-eos-1200d-vs-sony-cyber-shot-hx300" "Mozilla/5.0 (Macintosh; Intel Mac OS X 10_7_5) AppleWebKit/537.36 (KHTML, like Gecko) Chrome/43.0.2357.124 Safari/537.36"
216.155.150.231 - - [25/Jun/2015:12:49:20 +0200] "GET / HTTP/1.1" 302 38 "-" "Mozilla/5.0 (Windows NT 6.1; WOW64) AppleWebKit/535.8 (KHTML, like Gecko) Chrome/17.0.940.0 Safari/535.8"
216.155.150.231 - - [25/Jun/2015:12:49:20 +0200] "GET /en/ HTTP/1.1" 301 178 "-" "Mozilla/5.0 (Windows NT 6.1; WOW64) AppleWebKit/535.8 (KHTML, like Gecko) Chrome/17.0.940.0 Safari/535.8"
216.155.150.231 - - [25/Jun/2015:12:49:20 +0200] "GET /en HTTP/1.1" 200 23224 "-" "Mozilla/5.0 (Windows NT 6.1; WOW64) AppleWebKit/535.8 (KHTML, like Gecko) Chrome/17.0.940.0 Safari/535.8"
66.249.69.77 - - [25/Jun/2015:12:49:20 +0200] "GET /api/search?q=cubot%20x6&lang=en HTTP/1.1" 200 72 "http://versus.com/en?q=cubot%20x6" "Mozilla/5.0 (compatible; Googlebot/2.1; +http://www.google.com/bot.html)"
66.249.69.85 - - [25/Jun/2015:12:49:20 +0200] "GET /pl/supermicro-x9dax-if-vs-foxconn-z77a-s HTTP/1.1" 200 16798 "-" "Mozilla/5.0 (compatible; Googlebot/2.1; +http://www.google.com/bot.html)"
180.76.15.144 - - [25/Jun/2015:12:49:20 +0200] "GET /es/s/tama%C3%B1o/sony-cyber-shot-dsc-rx1-vs-sony-cyber-shot-dsc-hx20v HTTP/1.1" 200 2717 "-" "Mozilla/5.0 (compatible; Baiduspider/2.0; +http://www.baidu.com/search/spider.html)"
91.240.65.171 - - [25/Jun/2015:12:49:20 +0200] "GET /comment/sv/garmin-nuvi-2597-vs-garmin-nuvi-2547 HTTP/1.1" 200 2 "http://versus.com/sv/garmin-nuvi-2597-vs-garmin-nuvi-2547" "Mozilla/5.0 (Windows NT 6.1; WOW64; rv:38.0) Gecko/20100101 Firefox/38.0"
151.54.17.82 - - [25/Jun/2015:12:49:20 +0200] "GET /amazon/similar?itemId=B00IFCLSE2&country=IT HTTP/1.1" 200 3686 "http://versus.com/it/canon-eos-1200d-vs-sony-cyber-shot-hx300" "Mozilla/5.0 (Macintosh; Intel Mac OS X 10_7_5) AppleWebKit/537.36 (KHTML, like Gecko) Chrome/43.0.2357.124 Safari/537.36"
114.125.171.118 - - [25/Jun/2015:12:49:20 +0200] "GET /pricetags/get?keywords=Canon%20EOS%20600D&country=ID HTTP/1.1" 200 444 "http://versus.com/id/canon-eos-600d-vs-canon-eos-1200d" "Mozilla/5.0 (Linux; Android 4.4.2; ASUS_T00F Build/KVT49L) AppleWebKit/537.36 (KHTML, like Gecko) Chrome/42.0.2311.111 Mobile Safari/537.36"
5.255.253.111 - - [25/Jun/2015:12:49:20 +0200] "GET /id/casio-exilim-ex-zr1000-vs-canon-powershot-sx240-hs HTTP/1.1" 200 19108 "-" "Mozilla/5.0 (compatible; YandexBot/3.0; +http://yandex.com/bots)"
114.125.171.118 - - [25/Jun/2015:12:49:20 +0200] "GET /pricetags/get?keywords=Canon%20EOS%201200D&country=ID HTTP/1.1" 200 417 "http://versus.com/id/canon-eos-600d-vs-canon-eos-1200d" "Mozilla/5.0 (Linux; Android 4.4.2; ASUS_T00F Build/KVT49L) AppleWebKit/537.36 (KHTML, like Gecko) Chrome/42.0.2311.111 Mobile Safari/537.36"
91.124.38.67 - - [25/Jun/2015:12:49:20 +0200] "GET /ru HTTP/1.1" 200 5259 "http://versus.com/ru/lenovo-yoga-tablet-8-vs-apple-ipad-mini-retina" "Mozilla/5.0 (Windows NT 6.1; WOW64; rv:38.0) Gecko/20100101 Firefox/38.0"
180.76.15.157 - - [25/Jun/2015:12:49:20 +0200] "GET /fr/canon-eos-100d-vs-canon-eos-100d HTTP/1.1" 200 9690 "-" "Mozilla/5.0 (compatible; Baiduspider/2.0; +http://www.baidu.com/search/spider.html)"
124.87.105.8 - - [25/Jun/2015:12:49:20 +0200] "GET /pricetags/get?keywords=Nikon%20Coolpix%20S9900&country=JP&category=camera&merchants=amazon%2Cetuyo HTTP/1.1" 200 526 "http://versus.com/ja/nikon-coolpix-s9900-vs-canon-powershot-sx710-hs" "Mozilla/5.0 (Windows NT 6.1; WOW64; Trident/7.0; rv:11.0) like Gecko"
180.76.15.23 - - [25/Jun/2015:12:49:20 +0200] "GET /fr/casio-exilim-ex-z800-vs-olympus-stylus-vh-515 HTTP/1.1" 200 15880 "-" "Mozilla/5.0 (compatible; Baiduspider/2.0; +http://www.baidu.com/search/spider.html)"
91.240.65.171 - - [25/Jun/2015:12:49:20 +0200] "GET /pricetags/get?keywords=Garmin%20Nuvi%202597&country=SE&category=gps_navigation_system&merchants=amazon%2Cetuyo HTTP/1.1" 200 464 "http://versus.com/sv/garmin-nuvi-2597-vs-garmin-nuvi-2547" "Mozilla/5.0 (Windows NT 6.1; WOW64; rv:38.0) Gecko/20100101 Firefox/38.0"
151.54.17.82 - - [25/Jun/2015:12:49:20 +0200] "GET /amazon/reviews?itemId=B00IFCLSE2&country=IT HTTP/1.1" 200 655 "http://versus.com/it/canon-eos-1200d-vs-sony-cyber-shot-hx300" "Mozilla/5.0 (Macintosh; Intel Mac OS X 10_7_5) AppleWebKit/537.36 (KHTML, like Gecko) Chrome/43.0.2357.124 Safari/537.36"
91.240.65.171 - - [25/Jun/2015:12:49:20 +0200] "GET /pricetags/get?keywords=Garmin%20Nuvi%202547&country=SE&category=gps_navigation_system&merchants=amazon%2Cetuyo HTTP/1.1" 200 454 "http://versus.com/sv/garmin-nuvi-2597-vs-garmin-nuvi-2547" "Mozilla/5.0 (Windows NT 6.1; WOW64; rv:38.0) Gecko/20100101 Firefox/38.0"
66.249.91.82 - - [25/Jun/2015:12:49:20 +0200] "GET /en?q=Samsung%20galaxy%20grand%20neo%20plus%20vs%20samsung%20galaxy%20core HTTP/1.1" 200 12607 "-" "Mediapartners-Google"
151.54.17.82 - - [25/Jun/2015:12:49:20 +0200] "GET /amazon/reviews?itemId=B00H3VVFVC&country=IT HTTP/1.1" 200 639 "http://versus.com/it/canon-eos-1200d-vs-sony-cyber-shot-hx300" "Mozilla/5.0 (Macintosh; Intel Mac OS X 10_7_5) AppleWebKit/537.36 (KHTML, like Gecko) Chrome/43.0.2357.124 Safari/537.36"
66.249.91.74 - - [25/Jun/2015:12:49:20 +0200] "GET /en?q=Samsung%20galaxy%20grand%20neo%20plus%20vs%20samsung%20galaxy%20core HTTP/1.1" 200 12611 "-" "Mediapartners-Google"
66.249.69.69 - - [25/Jun/2015:12:49:20 +0200] "GET /amazon/bing?keywords=cubot%20x6&country=US HTTP/1.1" 200 1130 "http://versus.com/en?q=cubot%20x6" "Mozilla/5.0 (compatible; Googlebot/2.1; +http://www.google.com/bot.html)"
173.252.74.117 - - [25/Jun/2015:12:49:21 +0200] "GET /it/canon-eos-1200d-vs-sony-cyber-shot-hx300 HTTP/1.1" 200 20588 "-" "facebookexternalhit/1.1 (+http://www.facebook.com/externalhit_uatext.php)"
157.55.39.239 - - [25/Jun/2015:12:49:21 +0200] "GET /es/vizio-e371vl-vs-panasonic-viera-u50-60 HTTP/1.1" 200 16249 "-" "Mozilla/5.0 (compatible; bingbot/2.0; +http://www.bing.com/bingbot.htm)"
66.249.69.85 - - [25/Jun/2015:12:49:21 +0200] "GET /amazon/search?keywords=Nintendo%20Wii%20U%208GB&country=US&category=game_console HTTP/1.1" 404 2783 "-" "Mozilla/5.0 (compatible; Googlebot/2.1; +http://www.google.com/bot.html)"
45.55.88.29 - - [25/Jun/2015:12:49:21 +0200] "GET /en/samsung-galaxy-s5 HTTP/1.1" 200 163917 "-" "Mozilla/5.0 (compatible; forensiq; +http://www.forensiq.com)"
66.249.69.69 - - [25/Jun/2015:12:49:21 +0200] "GET /ebay/search?keywords=Nintendo%20Wii%20U%208GB&country=US&category=game_console HTTP/1.1" 404 2783 "-" "Mozilla/5.0 (compatible; Googlebot/2.1; +http://www.google.com/bot.html)"
85.33.127.67 - - [25/Jun/2015:12:49:21 +0200] "GET /en?q=cubot%20x6&type=image HTTP/1.1" 200 94666 "http://versus.com/en?q=cubot%20x6" "Mozilla/5.0 (Windows NT 5.1) AppleWebKit/537.36 (KHTML, like Gecko) Chrome/43.0.2357.124 Safari/537.36"
207.46.13.122 - - [25/Jun/2015:12:49:21 +0200] "GET /pl/liubliana-vs-meksiko HTTP/1.1" 200 17453 "-" "Mozilla/5.0 (compatible; bingbot/2.0; +http://www.bing.com/bingbot.htm)"
66.249.91.74 - - [25/Jun/2015:12:49:21 +0200] "GET /it/canon-eos-1200d-vs-sony-cyber-shot-hx300 HTTP/1.1" 200 20528 "-" "Mediapartners-Google"
157.55.39.239 - - [25/Jun/2015:12:49:21 +0200] "GET /en/lg-mach-vs-sony-xperia-l HTTP/1.1" 200 25842 "-" "Mozilla/5.0 (compatible; bingbot/2.0; +http://www.bing.com/bingbot.htm)"
66.249.91.74 - - [25/Jun/2015:12:49:21 +0200] "GET /it/canon-eos-1200d-vs-sony-cyber-shot-hx300 HTTP/1.1" 200 20443 "-" "Mediapartners-Google"
5.255.253.229 - - [25/Jun/2015:12:49:21 +0200] "GET /es/evga-geforce-gtx-770-classified-w-evga-cooler-vs-evga-geforce-evga-gtx-660-ti-ftw HTTP/1.1" 200 20664 "-" "Mozilla/5.0 (compatible; YandexBot/3.0; +http://yandex.com/bots)"
207.46.13.122 - - [25/Jun/2015:12:49:21 +0200] "GET /br/reykjavik-vs-leeds HTTP/1.1" 200 17724 "-" "Mozilla/5.0 (compatible; bingbot/2.0; +http://www.bing.com/bingbot.htm)"
66.249.69.77 - - [25/Jun/2015:12:49:21 +0200] "GET /id/alcatel-onetouch-pop-c7-vs-blackphone HTTP/1.1" 200 24455 "-" "Mozilla/5.0 (compatible; Googlebot/2.1; +http://www.google.com/bot.html)"
91.240.65.171 - - [25/Jun/2015:12:49:21 +0200] "GET /amazon/similar?itemId=B00FFYIMHE&country=SE HTTP/1.1" 200 564 "http://versus.com/sv/garmin-nuvi-2597-vs-garmin-nuvi-2547" "Mozilla/5.0 (Windows NT 6.1; WOW64; rv:38.0) Gecko/20100101 Firefox/38.0"
180.76.15.141 - - [25/Jun/2015:12:49:21 +0200] "GET /fr/canon-eos-60d-canon-ef-s-18-135mm-f-3-5-5-6-is-vs-canon-powershot-sx40-hs HTTP/1.1" 200 23447 "-" "Mozilla/5.0 (compatible; Baiduspider/2.0; +http://www.baidu.com/search/spider.html)"
207.46.13.122 - - [25/Jun/2015:12:49:21 +0200] "GET /id/atlanta-vs-damas HTTP/1.1" 200 15442 "-" "Mozilla/5.0 (compatible; bingbot/2.0; +http://www.bing.com/bingbot.htm)"
180.76.15.26 - - [25/Jun/2015:12:49:21 +0200] "GET /fr/grundig-55-fle-9170-vs-sony-65-4k-ultra-hd-tv HTTP/1.1" 200 17394 "-" "Mozilla/5.0 (compatible; Baiduspider/2.0; +http://www.baidu.com/search/spider.html)"
61.135.189.181 - - [25/Jun/2015:12:49:21 +0200] "GET /id/panasonic-sc-np10 HTTP/1.1" 200 9702 "-" "Sogou web spider/4.0(+http://www.sogou.com/docs/help/webmasters.htm#07)"
157.55.39.172 - - [25/Jun/2015:12:49:21 +0200] "GET /en/nvidia-quadro-k2000-vs-nvidia-geforce-gtx-750-ti HTTP/1.1" 200 19698 "-" "Mozilla/5.0 (compatible; bingbot/2.0; +http://www.bing.com/bingbot.htm)"
207.46.13.122 - - [25/Jun/2015:12:49:21 +0200] "GET /pl/berna-vs-montreal HTTP/1.1" 200 23528 "-" "Mozilla/5.0 (compatible; bingbot/2.0; +http://www.bing.com/bingbot.htm)"
176.4.110.229 - - [25/Jun/2015:12:49:21 +0200] "GET /object/?q=Apple+Watch HTTP/1.1" 301 178 "-" "Dalvik/2.1.0 (Linux; U; Android 5.0; SM-G900F Build/LRX21T)"
157.55.39.15 - - [25/Jun/2015:12:49:21 +0200] "GET /tr/kingston-vs-zurich HTTP/1.1" 200 20701 "-" "Mozilla/5.0 (compatible; bingbot/2.0; +http://www.bing.com/bingbot.htm)"
157.55.39.239 - - [25/Jun/2015:12:49:21 +0200] "GET /ko/addis-abeba-vs-santiago-de-chile HTTP/1.1" 200 15619 "-" "Mozilla/5.0 (compatible; bingbot/2.0; +http://www.bing.com/bingbot.htm)"
81.15.239.109 - - [25/Jun/2015:12:49:21 +0200] "GET /pl/apple-iphone-6-16gb HTTP/1.1" 200 18122 "http://versus.com/pl" "Mozilla/5.0 (Windows NT 6.1; rv:38.0) Gecko/20100101 Firefox/38.0"
94.44.254.126 - - [25/Jun/2015:12:49:21 +0200] "GET /object/?q=Fujifilm+X-T10 HTTP/1.1" 301 178 "-" "Dalvik/1.6.0 (Linux; U; Android 4.4.4; SM-G850F Build/KTU84P)"
94.44.254.126 - - [25/Jun/2015:12:49:21 +0200] "GET /api/landing/en/1 HTTP/1.1" 200 1909 "-" "Dalvik/1.6.0 (Linux; U; Android 4.4.4; SM-G850F Build/KTU84P)"
207.46.13.122 - - [25/Jun/2015:12:49:21 +0200] "GET /id/match-com-vs-grindr HTTP/1.1" 200 13042 "-" "Mozilla/5.0 (compatible; bingbot/2.0; +http://www.bing.com/bingbot.htm)"
94.44.254.126 - - [25/Jun/2015:12:49:21 +0200] "GET /object/?q=Canon+EOS+M3 HTTP/1.1" 301 178 "-" "Dalvik/1.6.0 (Linux; U; Android 4.4.4; SM-G850F Build/KTU84P)"
157.55.39.172 - - [25/Jun/2015:12:49:21 +0200] "GET /hk/qualcomm-snapdragon-615-vs-qualcomm-snapdragon-s4-pro-msm8960dt HTTP/1.1" 200 15975 "-" "Mozilla/5.0 (compatible; bingbot/2.0; +http://www.bing.com/bingbot.htm)"
91.240.65.171 - - [25/Jun/2015:12:49:22 +0200] "GET /amazon/similar?itemId=B00TQYC9PA&country=SE HTTP/1.1" 200 4304 "http://versus.com/sv/garmin-nuvi-2597-vs-garmin-nuvi-2547" "Mozilla/5.0 (Windows NT 6.1; WOW64; rv:38.0) Gecko/20100101 Firefox/38.0"
157.55.39.15 - - [25/Jun/2015:12:49:22 +0200] "GET /nl/sony-cyber-shot-dsc-tx30-l-vs-canon-powershot-a2600 HTTP/1.1" 200 20340 "-" "Mozilla/5.0 (compatible; bingbot/2.0; +http://www.bing.com/bingbot.htm)"
157.55.39.239 - - [25/Jun/2015:12:49:22 +0200] "GET /ja/antananarivo-vs-bogota HTTP/1.1" 200 19759 "-" "Mozilla/5.0 (compatible; bingbot/2.0; +http://www.bing.com/bingbot.htm)"
180.76.15.140 - - [25/Jun/2015:12:49:22 +0200] "GET /es/s/tama%C3%B1o/sony-cyber-shot-dsc-wx50-vs-pentax-k-r HTTP/1.1" 200 2705 "-" "Mozilla/5.0 (compatible; Baiduspider/2.0; +http://www.baidu.com/search/spider.html)"
157.55.39.172 - - [25/Jun/2015:12:49:22 +0200] "GET /br/withings-pulse-vs-jawbone-up HTTP/1.1" 200 23012 "-" "Mozilla/5.0 (compatible; bingbot/2.0; +http://www.bing.com/bingbot.htm)"
180.76.15.6 - - [25/Jun/2015:12:49:22 +0200] "GET /fr/canon-imageformula-p-215-vs-plustek-mobileoffice-ad460 HTTP/1.1" 200 14662 "-" "Mozilla/5.0 (compatible; Baiduspider/2.0; +http://www.baidu.com/search/spider.html)"
94.44.254.126 - - [25/Jun/2015:12:49:22 +0200] "GET /object?q=Canon+EOS+M3 HTTP/1.1" 200 138 "-" "Dalvik/1.6.0 (Linux; U; Android 4.4.4; SM-G850F Build/KTU84P)"
195.242.138.101 - - [25/Jun/2015:12:49:22 +0200] "GET /pricetags/get?keywords=Samsung%20Galaxy%20S4&country=PL HTTP/1.1" 200 946 "http://versus.com/pl/apple-iphone-6-vs-samsung-galaxy-s4" "Mozilla/5.0 (Linux; Android 4.4.2; GT-I9515 Build/KOT49H) AppleWebKit/537.36 (KHTML, like Gecko) Chrome/43.0.2357.93 Mobile Safari/537.36"
94.44.254.126 - - [25/Jun/2015:12:49:22 +0200] "GET /object?q=Fujifilm+X-T10 HTTP/1.1" 200 256 "-" "Dalvik/1.6.0 (Linux; U; Android 4.4.4; SM-G850F Build/KTU84P)"
89.145.95.42 - - [25/Jun/2015:12:49:22 +0200] "GET /tr/samsung-galaxy-s5-vs-sony-xperia-z3 HTTP/1.1" 200 25147 "-" "Mozilla/5.0 (compatible; GrapeshotCrawler/2.0; +http://www.grapeshot.co.uk/crawler.php)"
157.55.39.172 - - [25/Jun/2015:12:49:22 +0200] "GET /en/new-balance-gps-runner-vs-tech4o-discover-gps HTTP/1.1" 200 14434 "-" "Mozilla/5.0 (compatible; bingbot/2.0; +http://www.bing.com/bingbot.htm)"
157.55.39.15 - - [25/Jun/2015:12:49:22 +0200] "GET /pl/sony-xperia-zl-lte-vs-htc-desire-sv HTTP/1.1" 200 26565 "-" "Mozilla/5.0 (compatible; bingbot/2.0; +http://www.bing.com/bingbot.htm)"
66.249.69.69 - - [25/Jun/2015:12:49:22 +0200] "GET /api/search?q=Samsung%20galaxy%20grand%20neo%20plus%20vs%20samsung%20galaxy%20core&lang=en HTTP/1.1" 200 125 "http://versus.com/en?q=Samsung%20galaxy%20grand%20neo%20plus%20vs%20samsung%20galaxy%20core" "Mozilla/5.0 (compatible; Googlebot/2.1; +http://www.google.com/bot.html)"
5.255.253.111 - - [25/Jun/2015:12:49:22 +0200] "GET /nl/kenmore-22614-vs-dirt-devil-power-reach-pet-multi-cyclonic-upright HTTP/1.1" 200 11211 "-" "Mozilla/5.0 (compatible; YandexBot/3.0; +http://yandex.com/bots)"
173.252.88.86 - - [25/Jun/2015:12:49:22 +0200] "GET /ru/nikon-d90-vs-panasonic-lumix-dmc-tz40 HTTP/1.1" 200 25155 "-" "facebookexternalhit/1.1 (+http://www.facebook.com/externalhit_uatext.php)"
180.76.15.138 - - [25/Jun/2015:12:49:22 +0200] "GET /es/s/tama%C3%B1o/samsung-galaxy-ace-plus-s7500-vs-sony-ericsson-xperia-play HTTP/1.1" 200 2733 "-" "Mozilla/5.0 (compatible; Baiduspider/2.0; +http://www.baidu.com/search/spider.html)"
92.90.26.5 - - [25/Jun/2015:12:49:22 +0200] "GET /object/?q=Samsung+Galaxy+S4+ HTTP/1.1" 301 178 "-" "Dalvik/1.6.0 (Linux; U; Android 4.4.2; GT-I9195 Build/KOT49H)"
81.15.239.109 - - [25/Jun/2015:12:49:22 +0200] "GET /pricetags/get?keywords=Apple%20iPhone%206%2016GB&country=PL HTTP/1.1" 200 924 "http://versus.com/pl/apple-iphone-6-16gb" "Mozilla/5.0 (Windows NT 6.1; rv:38.0) Gecko/20100101 Firefox/38.0"
91.240.65.171 - - [25/Jun/2015:12:49:22 +0200] "GET /amazon/reviews?itemId=B00FFYIMHE&country=SE HTTP/1.1" 200 642 "http://versus.com/sv/garmin-nuvi-2597-vs-garmin-nuvi-2547" "Mozilla/5.0 (Windows NT 6.1; WOW64; rv:38.0) Gecko/20100101 Firefox/38.0"
157.55.39.172 - - [25/Jun/2015:12:49:22 +0200] "GET /en/manama-vs-la-paz HTTP/1.1" 200 16149 "-" "Mozilla/5.0 (compatible; bingbot/2.0; +http://www.bing.com/bingbot.htm)"
157.55.39.15 - - [25/Jun/2015:12:49:22 +0200] "GET /it/berlin-vs-londyn HTTP/1.1" 200 26666 "-" "Mozilla/5.0 (compatible; bingbot/2.0; +http://www.bing.com/bingbot.htm)"
92.90.26.5 - - [25/Jun/2015:12:49:22 +0200] "GET /object?q=Samsung+Galaxy+S4+ HTTP/1.1" 200 207 "-" "Dalvik/1.6.0 (Linux; U; Android 4.4.2; GT-I9195 Build/KOT49H)"
91.240.65.171 - - [25/Jun/2015:12:49:22 +0200] "GET /amazon/reviews?itemId=B00TQYC9PA&country=SE HTTP/1.1" 200 634 "http://versus.com/sv/garmin-nuvi-2597-vs-garmin-nuvi-2547" "Mozilla/5.0 (Windows NT 6.1; WOW64; rv:38.0) Gecko/20100101 Firefox/38.0"
124.87.105.8 - - [25/Jun/2015:12:49:22 +0200] "GET /amazon/similar?itemId=B00T90F0WU&country=JP HTTP/1.1" 200 4006 "http://versus.com/ja/nikon-coolpix-s9900-vs-canon-powershot-sx710-hs" "Mozilla/5.0 (Windows NT 6.1; WOW64; Trident/7.0; rv:11.0) like Gecko"
157.55.39.172 - - [25/Jun/2015:12:49:22 +0200] "GET /tr/panama-city-vs-zurique HTTP/1.1" 200 20820 "-" "Mozilla/5.0 (compatible; bingbot/2.0; +http://www.bing.com/bingbot.htm)"
157.55.39.15 - - [25/Jun/2015:12:49:22 +0200] "GET /en/samsung-galaxy-tab-10-1-lte-i905-16gb-vs-kogan-agora-ics-16-gb HTTP/1.1" 200 22573 "-" "Mozilla/5.0 (compatible; bingbot/2.0; +http://www.bing.com/bingbot.htm)"
176.4.110.229 - - [25/Jun/2015:12:49:22 +0200] "GET /object?q=j HTTP/1.1" 200 166 "-" "Dalvik/2.1.0 (Linux; U; Android 5.0; SM-G900F Build/LRX21T)"
66.249.69.85 - - [25/Jun/2015:12:49:22 +0200] "GET /amazon/bing?keywords=Samsung%20galaxy%20grand%20neo%20plus%20vs%20samsung%20galaxy%20core&country=US HTTP/1.1" 200 1619 "http://versus.com/en?q=Samsung%20galaxy%20grand%20neo%20plus%20vs%20samsung%20galaxy%20core" "Mozilla/5.0 (compatible; Googlebot/2.1; +http://www.google.com/bot.html)"
66.249.69.69 - - [25/Jun/2015:12:49:22 +0200] "GET /fr/sony-xperia-z1-vs-hp-slate-7-voicetab HTTP/1.1" 200 25806 "-" "Mozilla/5.0 (compatible; Googlebot/2.1; +http://www.google.com/bot.html)"
66.249.69.69 - - [25/Jun/2015:12:49:22 +0200] "GET /hk/amd-a10-7850k-vs-intel-core-i7-2630qm HTTP/1.1" 200 15321 "-" "Mozilla/5.0 (iPhone; CPU iPhone OS 6_0 like Mac OS X) AppleWebKit/536.26 (KHTML, like Gecko) Version/6.0 Mobile/10A5376e Safari/8536.25 (compatible; Googlebot/2.1; +http://www.google.com/bot.html)"
124.87.105.8 - - [25/Jun/2015:12:49:22 +0200] "GET /amazon/similar?itemId=B00TEY2W0E&country=JP HTTP/1.1" 200 4334 "http://versus.com/ja/nikon-coolpix-s9900-vs-canon-powershot-sx710-hs" "Mozilla/5.0 (Windows NT 6.1; WOW64; Trident/7.0; rv:11.0) like Gecko"
173.252.88.84 - - [25/Jun/2015:12:49:22 +0200] "GET /pl/lg-hbm-260-vs-xqisit-bluetooth-stereo-headset HTTP/1.1" 200 15172 "-" "facebookexternalhit/1.1 (+http://www.facebook.com/externalhit_uatext.php)"
199.81.212.12 - - [25/Jun/2015:12:49:22 +0200] "GET /fr/nokia-lumia-1320-vs-nokia-lumia-930 HTTP/1.0" 200 154109 "http://www.google.fr/url?sa=t&rct=j&q=&esrc=s&source=web&cd=1&ved=0CCEQFjAA&url=http%3A%2F%2Fversus.com%2Ffr%2Fnokia-lumia-1320-vs-nokia-lumia-930&ei=p92LVZoQg8qiBPb9sZAH&usg=AFQjCNHdq6V6xadJCuj3U8KaUjW3t5-V1g&bvm=bv.96782255,d.aWw" "Mozilla/5.0 (Windows NT 6.1; Win64; x64; Trident/7.0; rv:11.0) like Gecko"
92.90.26.5 - - [25/Jun/2015:12:49:23 +0200] "GET /object/?q=Samsung+Galaxy+S4+m HTTP/1.1" 301 178 "-" "Dalvik/1.6.0 (Linux; U; Android 4.4.2; GT-I9195 Build/KOT49H)"
157.55.39.172 - - [25/Jun/2015:12:49:23 +0200] "GET /ja/samsung-galaxy-note-2-vs-lenovo-lephone-k860 HTTP/1.1" 200 26150 "-" "Mozilla/5.0 (compatible; bingbot/2.0; +http://www.bing.com/bingbot.htm)"
195.242.138.101 - - [25/Jun/2015:12:49:23 +0200] "GET /pricetags/get?keywords=Apple%20iPhone%206&country=PL HTTP/1.1" 200 970 "http://versus.com/pl/apple-iphone-6-vs-samsung-galaxy-s4" "Mozilla/5.0 (Linux; Android 4.4.2; GT-I9515 Build/KOT49H) AppleWebKit/537.36 (KHTML, like Gecko) Chrome/43.0.2357.93 Mobile Safari/537.36"
180.76.15.137 - - [25/Jun/2015:12:49:23 +0200] "GET /es/s/tama%C3%B1o/sony-cyber-shot-dsc-wx70-vs-sigma-sd1-merrill HTTP/1.1" 200 2715 "-" "Mozilla/5.0 (compatible; Baiduspider/2.0; +http://www.baidu.com/search/spider.html)"
180.76.15.12 - - [25/Jun/2015:12:49:23 +0200] "GET /fr/gigabyte-gsmart-maya-m1-vs-lg-optimus-black-p970 HTTP/1.1" 200 20050 "-" "Mozilla/5.0 (compatible; Baiduspider/2.0; +http://www.baidu.com/search/spider.html)"
92.90.26.5 - - [25/Jun/2015:12:49:23 +0200] "GET /object?q=Samsung+Galaxy+S4+m HTTP/1.1" 200 226 "-" "Dalvik/1.6.0 (Linux; U; Android 4.4.2; GT-I9195 Build/KOT49H)"
173.252.88.90 - - [25/Jun/2015:12:49:23 +0200] "GET /fr/beyerdynamic-dt-131-vs-yurbuds-inspire-limited-edition-wireless HTTP/1.1" 200 19282 "-" "facebookexternalhit/1.1 (+http://www.facebook.com/externalhit_uatext.php)"
5.255.253.229 - - [25/Jun/2015:12:49:23 +0200] "GET /es/delonghi-primadonna-esam-6620-vs-jura-ena-micro-9-one-touch HTTP/1.1" 200 13026 "-" "Mozilla/5.0 (compatible; YandexBot/3.0; +http://yandex.com/bots)"
157.55.39.239 - - [25/Jun/2015:12:49:23 +0200] "GET /id/blu-d440-vs-lg-g3 HTTP/1.1" 200 28299 "-" "Mozilla/5.0 (compatible; bingbot/2.0; +http://www.bing.com/bingbot.htm)"
173.252.74.115 - - [25/Jun/2015:12:49:23 +0200] "GET /de/fujifilm-finepix-jz100-vs-pentax-mx-1 HTTP/1.1" 200 23518 "-" "facebookexternalhit/1.1 (+http://www.facebook.com/externalhit_uatext.php)"
157.55.39.172 - - [25/Jun/2015:12:49:23 +0200] "GET /en/atene-vs-cibuti HTTP/1.1" 200 18289 "-" "Mozilla/5.0 (compatible; bingbot/2.0; +http://www.bing.com/bingbot.htm)"
173.252.74.116 - - [25/Jun/2015:12:49:23 +0200] "GET /ja/lg-x3-vs-sharp-aquos-206sh HTTP/1.1" 200 22724 "-" "facebookexternalhit/1.1 (+http://www.facebook.com/externalhit_uatext.php)"
193.143.230.244 - - [25/Jun/2015:12:49:23 +0200] "GET /en/samsung-galaxy-s5-active HTTP/1.1" 200 141606 "http://versus.com/en/samsung-galaxy-s5-vs-samsung-galaxy-s5-active" "Mozilla/5.0 (Windows NT 6.1; WOW64; rv:38.0) Gecko/20100101 Firefox/38.0"
157.55.39.172 - - [25/Jun/2015:12:49:23 +0200] "GET /sv/brandeis-university-vs-state-university-of-new-york-at-stony-brook HTTP/1.1" 200 22377 "-" "Mozilla/5.0 (compatible; bingbot/2.0; +http://www.bing.com/bingbot.htm)"
173.252.74.115 - - [25/Jun/2015:12:49:23 +0200] "GET /en/sony-a6000-sony-16-50mm-zoom-lens-vs-sony-slt-a77 HTTP/1.1" 200 29113 "-" "facebookexternalhit/1.1 (+http://www.facebook.com/externalhit_uatext.php)"
66.249.69.69 - - [25/Jun/2015:12:49:23 +0200] "GET /pricetags/get?keywords=Dynamode%20R-ADSL411N&country=US HTTP/1.1" 200 124 "http://versus.com/en/dynamode-r-adsl411n-vs-edimax-br-6435nd" "Mozilla/5.0 (compatible; Googlebot/2.1; +http://www.google.com/bot.html)"
92.90.26.5 - - [25/Jun/2015:12:49:23 +0200] "GET /object/?q=Samsung+Galaxy+S4+mi HTTP/1.1" 301 178 "-" "Dalvik/1.6.0 (Linux; U; Android 4.4.2; GT-I9195 Build/KOT49H)"
157.55.39.239 - - [25/Jun/2015:12:49:23 +0200] "GET /ko/saint-domingue-vs-moskou HTTP/1.1" 200 22640 "-" "Mozilla/5.0 (compatible; bingbot/2.0; +http://www.bing.com/bingbot.htm)"
173.252.74.116 - - [25/Jun/2015:12:49:23 +0200] "GET /pl/jvc-ha-w600rf-vs-sony-xba-nc85d HTTP/1.1" 200 18134 "-" "facebookexternalhit/1.1 (+http://www.facebook.com/externalhit_uatext.php)"
180.76.15.138 - - [25/Jun/2015:12:49:23 +0200] "GET /de/ricoh-cx3-vs-nikon-d800 HTTP/1.1" 200 21885 "-" "Mozilla/5.0 (compatible; Baiduspider/2.0; +http://www.baidu.com/search/spider.html)"
92.90.26.5 - - [25/Jun/2015:12:49:23 +0200] "GET /object?q=Samsung+Galaxy+S4+mi HTTP/1.1" 200 226 "-" "Dalvik/1.6.0 (Linux; U; Android 4.4.2; GT-I9195 Build/KOT49H)"
157.55.39.172 - - [25/Jun/2015:12:49:23 +0200] "GET /br/htc-desire-x-vs-motorola-admiral HTTP/1.1" 200 23767 "-" "Mozilla/5.0 (compatible; bingbot/2.0; +http://www.bing.com/bingbot.htm)"
209.133.196.90 - - [25/Jun/2015:12:49:23 +0200] "GET /uk/abyss-ab-1266 HTTP/1.1" 200 9070 "http://versus.com" "Mozilla/5.0 (compatible; YandexBot/3.0; +http://yandex.com/bots)"
173.252.74.116 - - [25/Jun/2015:12:49:23 +0200] "GET /de/fujifilm-finepix-xp170-vs-mamiya-7 HTTP/1.1" 200 16697 "-" "facebookexternalhit/1.1 (+http://www.facebook.com/externalhit_uatext.php)"
180.76.15.144 - - [25/Jun/2015:12:49:23 +0200] "GET /de/philips-7000-40-vs-samsung-un65es6550f HTTP/1.1" 200 16831 "-" "Mozilla/5.0 (compatible; Baiduspider/2.0; +http://www.baidu.com/search/spider.html)"
5.255.253.111 - - [25/Jun/2015:12:49:24 +0200] "GET /br/street-by-50-dj-pro-performance-vs-philips-actionfit-neckband HTTP/1.1" 200 16482 "-" "Mozilla/5.0 (compatible; YandexBot/3.0; +http://yandex.com/bots)"
193.143.230.244 - - [25/Jun/2015:12:49:24 +0200] "GET /pricetags/get?keywords=Samsung%20Galaxy%20S5%20Active&country=FI HTTP/1.1" 200 678 "http://versus.com/en/samsung-galaxy-s5-active" "Mozilla/5.0 (Windows NT 6.1; WOW64; rv:38.0) Gecko/20100101 Firefox/38.0"
5.45.254.226 - - [25/Jun/2015:12:49:24 +0200] "GET /pl/%D0%91%D1%80%D0%B0%D0%B7%D0%B8%D0%BB%D0%B8%D0%B0-vs-%D0%A2%D0%BE%D1%80%D0%BE%D0%BD%D1%82%D0%BE HTTP/1.1" 200 19325 "-" "Mozilla/5.0 (compatible; YandexBot/3.0; +http://yandex.com/bots)"
66.249.69.85 - - [25/Jun/2015:12:49:24 +0200] "GET /tr/gree-gvhn36abnk1a1a-vs-sanyo-kmhs0772 HTTP/1.1" 200 12436 "-" "Mozilla/5.0 (compatible; Googlebot/2.1; +http://www.google.com/bot.html)"
157.55.39.172 - - [25/Jun/2015:12:49:24 +0200] "GET /da/htc-desire-l-vs-lg-splendor HTTP/1.1" 200 22826 "-" "Mozilla/5.0 (compatible; bingbot/2.0; +http://www.bing.com/bingbot.htm)"
173.252.88.85 - - [25/Jun/2015:12:49:24 +0200] "GET /tr/ambir-technology-imagescan-pro-820i-vs-epson-workforce-ds-7500 HTTP/1.1" 200 17633 "-" "facebookexternalhit/1.1 (+http://www.facebook.com/externalhit_uatext.php)"
157.55.39.239 - - [25/Jun/2015:12:49:24 +0200] "GET /da/baku-vs-dublin HTTP/1.1" 200 19579 "-" "Mozilla/5.0 (compatible; bingbot/2.0; +http://www.bing.com/bingbot.htm)"
180.76.15.20 - - [25/Jun/2015:12:49:24 +0200] "GET /de/samsung-galaxy-tab-2-10-1-p5110-32gb-vs-acer-iconia-tab-a701-16gb HTTP/1.1" 200 17014 "-" "Mozilla/5.0 (compatible; Baiduspider/2.0; +http://www.baidu.com/search/spider.html)"
68.180.228.112 - - [25/Jun/2015:12:49:24 +0200] "GET /sv/sennheiser-momentum-vs-akg-k550 HTTP/1.1" 200 16634 "-" "Mozilla/5.0 (compatible; Yahoo! Slurp; http://help.yahoo.com/help/us/ysearch/slurp)"
157.55.39.239 - - [25/Jun/2015:12:49:24 +0200] "GET /nl/cingapura-vs-luxemburg HTTP/1.1" 200 23959 "-" "Mozilla/5.0 (compatible; bingbot/2.0; +http://www.bing.com/bingbot.htm)"
173.252.88.85 - - [25/Jun/2015:12:49:24 +0200] "GET /sv/bose-bluetooth-series-2-vs-nokia-purity-pro HTTP/1.1" 200 17631 "-" "facebookexternalhit/1.1 (+http://www.facebook.com/externalhit_uatext.php)"
180.76.15.158 - - [25/Jun/2015:12:49:24 +0200] "GET /en/epson-powerlite-home-cinema-5010-vs-canon-lv-7295 HTTP/1.1" 200 13888 "-" "Mozilla/5.0 (compatible; Baiduspider/2.0; +http://www.baidu.com/search/spider.html)"
173.252.74.112 - - [25/Jun/2015:12:49:24 +0200] "GET /it/camera360-vs-photobucket HTTP/1.1" 200 13865 "-" "facebookexternalhit/1.1 (+http://www.facebook.com/externalhit_uatext.php)"
173.252.74.112 - - [25/Jun/2015:12:49:24 +0200] "GET /ko/lg-lp0711wnr-vs-samsung-aq24uwq HTTP/1.1" 200 14506 "-" "facebookexternalhit/1.1 (+http://www.facebook.com/externalhit_uatext.php)"
157.55.39.15 - - [25/Jun/2015:12:49:24 +0200] "GET /tr/parijs-vs-barcelona HTTP/1.1" 200 23851 "-" "Mozilla/5.0 (compatible; bingbot/2.0; +http://www.bing.com/bingbot.htm)"
157.55.39.172 - - [25/Jun/2015:12:49:24 +0200] "GET /en/nokia-x2-vs-micromax-canvas-juice-a77 HTTP/1.1" 200 19571 "-" "Mozilla/5.0 (compatible; bingbot/2.0; +http://www.bing.com/bingbot.htm)"
157.55.39.239 - - [25/Jun/2015:12:49:24 +0200] "GET /en/motorola-moto-x-vs-samsung-galaxy-note-3-neo HTTP/1.1" 200 30970 "-" "Mozilla/5.0 (compatible; bingbot/2.0; +http://www.bing.com/bingbot.htm)"
124.87.105.8 - - [25/Jun/2015:12:49:24 +0200] "GET /amazon/reviews?itemId=B00TEY2W0E&country=JP HTTP/1.1" 200 654 "http://versus.com/ja/nikon-coolpix-s9900-vs-canon-powershot-sx710-hs" "Mozilla/5.0 (Windows NT 6.1; WOW64; Trident/7.0; rv:11.0) like Gecko"
180.76.15.163 - - [25/Jun/2015:12:49:24 +0200] "GET /es/s/tama%C3%B1o/sony-xperia-sola-vs-lg-optimus-l3-e405 HTTP/1.1" 200 2713 "-" "Mozilla/5.0 (compatible; Baiduspider/2.0; +http://www.baidu.com/search/spider.html)"
124.87.105.8 - - [25/Jun/2015:12:49:24 +0200] "GET /amazon/reviews?itemId=B00T90F0WU&country=JP HTTP/1.1" 200 659 "http://versus.com/ja/nikon-coolpix-s9900-vs-canon-powershot-sx710-hs" "Mozilla/5.0 (Windows NT 6.1; WOW64; Trident/7.0; rv:11.0) like Gecko"
94.44.254.126 - - [25/Jun/2015:12:49:24 +0200] "GET /object/?q=F HTTP/1.1" 301 178 "-" "Dalvik/1.6.0 (Linux; U; Android 4.4.4; SM-G850F Build/KTU84P)"
157.55.39.15 - - [25/Jun/2015:12:49:24 +0200] "GET /br/sennheiser-hd-238-vs-hama-hk-3031 HTTP/1.1" 200 15462 "-" "Mozilla/5.0 (compatible; bingbot/2.0; +http://www.bing.com/bingbot.htm)"
157.55.39.172 - - [25/Jun/2015:12:49:24 +0200] "GET /fr/cardiff-vs-estocolmo HTTP/1.1" 200 20924 "-" "Mozilla/5.0 (compatible; bingbot/2.0; +http://www.bing.com/bingbot.htm)"
54.86.128.158 - - [25/Jun/2015:12:49:24 +0200] "GET /it/canon-eos-1200d-vs-sony-cyber-shot-hx300/ HTTP/1.1" 301 178 "-" "Mozilla/5.0 (compatible; proximic; +http://www.proximic.com/info/spider.php)"
173.252.74.112 - - [25/Jun/2015:12:49:24 +0200] "GET /cn/nikon-coolpix-p530-vs-samsung-nx1100 HTTP/1.1" 200 19355 "-" "facebookexternalhit/1.1 (+http://www.facebook.com/externalhit_uatext.php)"
180.76.15.161 - - [25/Jun/2015:12:49:25 +0200] "GET /de/samsung-galaxy-pocket-duos-vs-alcatel-ot-997d HTTP/1.1" 200 18240 "-" "Mozilla/5.0 (compatible; Baiduspider/2.0; +http://www.baidu.com/search/spider.html)"
5.255.253.229 - - [25/Jun/2015:12:49:25 +0200] "GET /br/motorola-xoom-mz600-16gb-vs-dell-latitude-10-32gb HTTP/1.1" 200 20308 "-" "Mozilla/5.0 (compatible; YandexBot/3.0; +http://yandex.com/bots)"
54.86.128.158 - - [25/Jun/2015:12:49:25 +0200] "GET /it/canon-eos-1200d-vs-sony-cyber-shot-hx300/ HTTP/1.1" 301 178 "-" "Mozilla/5.0 (compatible; proximic; +http://www.proximic.com/info/spider.php)"
157.55.39.15 - - [25/Jun/2015:12:49:25 +0200] "GET /fr/marshall-monitor-vs-philips-actionfit-in-ear HTTP/1.1" 200 17130 "-" "Mozilla/5.0 (compatible; bingbot/2.0; +http://www.bing.com/bingbot.htm)"
94.44.254.126 - - [25/Jun/2015:12:49:25 +0200] "GET /object?q=F HTTP/1.1" 200 409 "-" "Dalvik/1.6.0 (Linux; U; Android 4.4.4; SM-G850F Build/KTU84P)"
54.86.128.158 - - [25/Jun/2015:12:49:25 +0200] "GET /it/canon-eos-1200d-vs-sony-cyber-shot-hx300 HTTP/1.1" 200 131666 "-" "Mozilla/5.0 (compatible; proximic; +http://www.proximic.com/info/spider.php)"
54.86.128.158 - - [25/Jun/2015:12:49:25 +0200] "GET /it/canon-eos-1200d-vs-sony-cyber-shot-hx300 HTTP/1.1" 200 131755 "-" "Mozilla/5.0 (compatible; proximic; +http://www.proximic.com/info/spider.php)"
157.55.39.172 - - [25/Jun/2015:12:49:25 +0200] "GET /en/moscow-vs-zagreb HTTP/1.1" 200 22690 "-" "Mozilla/5.0 (compatible; bingbot/2.0; +http://www.bing.com/bingbot.htm)"
89.145.95.41 - - [25/Jun/2015:12:49:25 +0200] "GET /en/sony-psp-3000-vs-sony-ps3-super-slim-500gb HTTP/1.1" 200 22158 "-" "Mozilla/5.0 (compatible; GrapeshotCrawler/2.0; +http://www.grapeshot.co.uk/crawler.php)"
94.44.254.126 - - [25/Jun/2015:12:49:25 +0200] "GET /object/?q=Fu HTTP/1.1" 301 178 "-" "Dalvik/1.6.0 (Linux; U; Android 4.4.4; SM-G850F Build/KTU84P)"
95.23.166.27 - - [25/Jun/2015:12:49:25 +0200] "GET /es/garmin-forerunner-210-vs-garmin-forerunner-220 HTTP/1.1" 200 17152 "https://www.google.es/" "Mozilla/5.0 (Windows NT 6.1; WOW64) AppleWebKit/537.36 (KHTML, like Gecko) Chrome/43.0.2357.130 Safari/537.36"
157.55.39.239 - - [25/Jun/2015:12:49:25 +0200] "GET /pl/sony-xperia-t-vs-htc-one-xl HTTP/1.1" 200 23552 "-" "Mozilla/5.0 (compatible; bingbot/2.0; +http://www.bing.com/bingbot.htm)"
157.55.39.172 - - [25/Jun/2015:12:49:25 +0200] "GET /pl/jerozolima-vs-%EC%97%98-%ED%8C%8C%EC%86%8C HTTP/1.1" 200 17855 "-" "Mozilla/5.0 (compatible; bingbot/2.0; +http://www.bing.com/bingbot.htm)"
180.76.15.137 - - [25/Jun/2015:12:49:25 +0200] "GET /es/s/tama%C3%B1o/sony-ericsson-xperia-arc-s-vs-t-mobile-mytouch-4g-slide HTTP/1.1" 200 2732 "-" "Mozilla/5.0 (compatible; Baiduspider/2.0; +http://www.baidu.com/search/spider.html)"
5.255.253.111 - - [25/Jun/2015:12:49:25 +0200] "GET /fr/nikon-coolpix-aw120-vs-fujifilm-x-e2-fujinon-xf-18-55mm-f2-8-4-r-lm-ois HTTP/1.1" 200 22991 "-" "Mozilla/5.0 (compatible; YandexBot/3.0; +http://yandex.com/bots)"
183.171.172.82 - - [25/Jun/2015:12:49:25 +0200] "GET /en/garmin-fenix-3-vs-suunto-ambit3-peak HTTP/1.1" 200 14236 "https://www.google.com/" "Mozilla/5.0 (Linux; Android 5.0; ASUS_Z008D Build/LRX21V) AppleWebKit/537.36 (KHTML, like Gecko) Version/4.0 Chrome/39.0.0.0 Mobile Safari/537.36"
94.44.254.126 - - [25/Jun/2015:12:49:25 +0200] "GET /object?q=Fu HTTP/1.1" 200 81 "-" "Dalvik/1.6.0 (Linux; U; Android 4.4.4; SM-G850F Build/KTU84P)"
173.252.74.115 - - [25/Jun/2015:12:49:25 +0200] "GET /ru/lg-g3-32gb-vs-nokia-n9-64gb HTTP/1.1" 200 34985 "-" "facebookexternalhit/1.1 (+http://www.facebook.com/externalhit_uatext.php)"
157.55.39.239 - - [25/Jun/2015:12:49:25 +0200] "GET /es/buenos-aires-vs-rom HTTP/1.1" 200 26660 "-" "Mozilla/5.0 (compatible; bingbot/2.0; +http://www.bing.com/bingbot.htm)"
66.249.69.77 - - [25/Jun/2015:12:49:25 +0200] "GET /fr/beyrut-vs-%E5%A8%81%E5%A5%87%E6%89%98 HTTP/1.1" 200 14875 "-" "Mozilla/5.0 (compatible; Googlebot/2.1; +http://www.google.com/bot.html)"
157.55.39.172 - - [25/Jun/2015:12:49:25 +0200] "GET /de/samsung-galaxy-s3-32gb-vs-htc-one-32gb HTTP/1.1" 200 32267 "-" "Mozilla/5.0 (compatible; bingbot/2.0; +http://www.bing.com/bingbot.htm)"
157.55.39.172 - - [25/Jun/2015:12:49:25 +0200] "GET /ja/samsung-galaxy-s-blaze-4g-vs-google-nexus-s HTTP/1.1" 200 24253 "-" "Mozilla/5.0 (compatible; bingbot/2.0; +http://www.bing.com/bingbot.htm)"
94.44.254.126 - - [25/Jun/2015:12:49:25 +0200] "GET /object/?q=Fuji HTTP/1.1" 301 178 "-" "Dalvik/1.6.0 (Linux; U; Android 4.4.4; SM-G850F Build/KTU84P)"
180.76.15.160 - - [25/Jun/2015:12:49:25 +0200] "GET /en/apple-iphone-5-64gb-vs-pantech-marauder HTTP/1.1" 200 28057 "-" "Mozilla/5.0 (compatible; Baiduspider/2.0; +http://www.baidu.com/search/spider.html)"
5.255.253.229 - - [25/Jun/2015:12:49:26 +0200] "GET /nl/%D0%90%D0%BD%D0%BA%D0%B0%D1%80%D0%B0-vs-%D0%9A%D0%B0%D0%BC%D0%BF%D0%B0%D0%BB%D0%B0 HTTP/1.1" 200 16681 "-" "Mozilla/5.0 (compatible; YandexBot/3.0; +http://yandex.com/bots)"
157.55.39.172 - - [25/Jun/2015:12:49:26 +0200] "GET /ru/hitachi-s-series-wall-mounted-ras-35sx8-vs-ras-16savp-nd HTTP/1.1" 200 14562 "-" "Mozilla/5.0 (compatible; bingbot/2.0; +http://www.bing.com/bingbot.htm)"
94.44.254.126 - - [25/Jun/2015:12:49:26 +0200] "GET /object?q=Fuji HTTP/1.1" 200 254 "-" "Dalvik/1.6.0 (Linux; U; Android 4.4.4; SM-G850F Build/KTU84P)"
180.76.15.150 - - [25/Jun/2015:12:49:26 +0200] "GET /es/s/tama%C3%B1o/canon-powershot-a2300-vs-canon-powershot-n HTTP/1.1" 200 2708 "-" "Mozilla/5.0 (compatible; Baiduspider/2.0; +http://www.baidu.com/search/spider.html)"
199.81.212.12 - - [25/Jun/2015:12:49:26 +0200] "GET /comment/fr/nokia-lumia-1320-vs-nokia-lumia-930 HTTP/1.0" 200 604 "http://versus.com/fr/nokia-lumia-1320-vs-nokia-lumia-930" "Mozilla/5.0 (Windows NT 6.1; Win64; x64; Trident/7.0; rv:11.0) like Gecko"
185.66.255.11 - - [25/Jun/2015:12:49:26 +0200] "GET /ru/nokia-lumia-730-vs-samsung-galaxy-s3-black HTTP/1.1" 200 31041 "http://clck.yandex.ru/jsredir?from=yandex.ru%3Bjsonsearch%3Bsearchapp%3Bwp%3B225%3B1435229602627751-334873-ws29-249-APPJS2%3B1435229602627751-334873-ws29-249-APPJS2&text=lumia%20730%20%D0%B8%D0%BB%D0%B8%20%D1%81%D0%B0%D0%BC%D1%81%D1%83%D0%BD%D0%B3%20%D0%B3%D0%B0%D0%BB%D0%B0%D0%BA%D1%81%D0%B8%20%D1%81%D1%82%D0%B0%D0%B0%D1%802&uuid=d866f0e4fb8e6903b8a61d39404f1a31&state=AiuY0DBWFJ4ePaEse6rgeCPM-MH1jM4y64AgvS4JXu8jAcYMEzjRuAYflJyYMyXweF6RCKARxD3-9EOoWoDfaqpXNrmd4ToDpBok_LabNmV0v7ulS4JIAmKxYMgW9Q8xsVRAQFuhJ2rfQJZ1lDTMOWl970A_3ij3-JpKMMOuxhy6Gjnsep9xEp3ZK37TNl3yniO88nNTyGOv6nWhut7tI06j5WAU9f3zQwy_BqPLMwqb5qGt66d2q1uwYS5C28oodJmRCAXffmH2X4ylCq59qaPvqa2RM1bR70eC6ixDD_CfHYfmlpzR_PBiLYCEWOuyrGAsq1taWK7JdCct29sv2qXKrkJ6CwvL&data=UlNrNmk5WktYejR0eWJFYk1LdmtxdGx5UTBwalpuTVhvV05tUVVwcnFIVGg2N1lvY0xzVW9ZVXpoc3hkUXEtY0dLT1dkU211aHY2ZHh1RHlqUlROTHVKeFdTWkdiUTVwMlNGMkdEUDJvaUJScFVPRmFodHUwVUgxekRVRXVwbXc&b64e=2&sign=9a405ecc04859c89f75a22f35363025d&keyno=0" "Mozilla/5.0 (Mobile; Windows Phone 8.1; Android 4.0; ARM; Trident/7.0; Touch; rv:11.0; IEMobile/11.0; NOKIA; Lumia 730 Dual SIM) like iPhone OS 7_0_3 Mac OS X AppleWebKit/537 (KHTML, like Gecko) Mobile Safari/537"
157.55.39.239 - - [25/Jun/2015:12:49:26 +0200] "GET /en/akg-k550-vs-sony-mdr-7506 HTTP/1.1" 200 16062 "-" "Mozilla/5.0 (compatible; bingbot/2.0; +http://www.bing.com/bingbot.htm)"
157.55.39.172 - - [25/Jun/2015:12:49:26 +0200] "GET /en/wiko-cink-peax-vs-sony-xperia-i1 HTTP/1.1" 200 35365 "-" "Mozilla/5.0 (compatible; bingbot/2.0; +http://www.bing.com/bingbot.htm)"
94.44.254.126 - - [25/Jun/2015:12:49:26 +0200] "GET /object/?q=Fuji+ HTTP/1.1" 301 178 "-" "Dalvik/1.6.0 (Linux; U; Android 4.4.4; SM-G850F Build/KTU84P)"
180.76.15.157 - - [25/Jun/2015:12:49:26 +0200] "GET /es/s/tama%C3%B1o/lava-iris-501-vs-samsung-galaxy-stellar HTTP/1.1" 200 2716 "-" "Mozilla/5.0 (compatible; Baiduspider/2.0; +http://www.baidu.com/search/spider.html)"
92.90.26.5 - - [25/Jun/2015:12:49:26 +0200] "GET /api/fr/samsung-galaxy-alpha-vs-samsung-galaxy-s4-mini HTTP/1.1" 200 5453 "-" "Dalvik/1.6.0 (Linux; U; Android 4.4.2; GT-I9195 Build/KOT49H)"
68.180.228.112 - - [25/Jun/2015:12:49:26 +0200] "GET /de/adidas-smart-run-vs-nike-sportwatch-gps HTTP/1.1" 200 16373 "-" "Mozilla/5.0 (compatible; Yahoo! Slurp; http://help.yahoo.com/help/us/ysearch/slurp)"
66.249.69.69 - - [25/Jun/2015:12:49:26 +0200] "GET /amazon/similar?itemId=B006B9JW7G&country=US HTTP/1.1" 200 1994 "-" "Mozilla/5.0 (compatible; Googlebot/2.1; +http://www.google.com/bot.html)"
157.55.39.239 - - [25/Jun/2015:12:49:26 +0200] "GET /en/huawei-ascend-mate-vs-t-mobile-prism HTTP/1.1" 200 23029 "-" "Mozilla/5.0 (compatible; bingbot/2.0; +http://www.bing.com/bingbot.htm)"
94.44.254.126 - - [25/Jun/2015:12:49:26 +0200] "GET /object?q=Fuji+ HTTP/1.1" 200 254 "-" "Dalvik/1.6.0 (Linux; U; Android 4.4.4; SM-G850F Build/KTU84P)"
66.249.69.69 - - [25/Jun/2015:12:49:26 +0200] "GET /amazon/reviews?itemId=B006B9JW7G&country=US HTTP/1.1" 200 647 "-" "Mozilla/5.0 (compatible; Googlebot/2.1; +http://www.google.com/bot.html)"
66.249.69.85 - - [25/Jun/2015:12:49:26 +0200] "GET /br/amd-a4-4300m-vs-apple-a5x HTTP/1.1" 200 13942 "-" "Mozilla/5.0 (iPhone; CPU iPhone OS 6_0 like Mac OS X) AppleWebKit/536.26 (KHTML, like Gecko) Version/6.0 Mobile/10A5376e Safari/8536.25 (compatible; Googlebot/2.1; +http://www.google.com/bot.html)"
173.252.74.118 - - [25/Jun/2015:12:49:26 +0200] "GET /id/grundig-digta-7-vs-philips-lfh0884-00 HTTP/1.1" 200 12082 "-" "facebookexternalhit/1.1 (+http://www.facebook.com/externalhit_uatext.php)"
66.249.69.77 - - [25/Jun/2015:12:49:26 +0200] "GET /dailysteals/search?keywords=Fujifilm%20FinePix%20XP100&country=US&category=camera HTTP/1.1" 404 2783 "-" "Mozilla/5.0 (compatible; Googlebot/2.1; +http://www.google.com/bot.html)"
199.81.212.12 - - [25/Jun/2015:12:49:26 +0200] "GET /pricetags/get?keywords=Nokia%20Lumia%201320&country=US&category=phone&merchants=amazon%2Cebay%2Cetuyo%2Cbh%2Cdailysteals%2Crakuten HTTP/1.0" 200 1062 "http://versus.com/fr/nokia-lumia-1320-vs-nokia-lumia-930" "Mozilla/5.0 (Windows NT 6.1; Win64; x64; Trident/7.0; rv:11.0) like Gecko"
180.76.15.161 - - [25/Jun/2015:12:49:26 +0200] "GET /es/s/tama%C3%B1o/samsung-galaxy-s-ii-epic-4g-touch-sprint-vs-lg-spirit-4g-ms870 HTTP/1.1" 200 2745 "-" "Mozilla/5.0 (compatible; Baiduspider/2.0; +http://www.baidu.com/search/spider.html)"
199.81.212.12 - - [25/Jun/2015:12:49:26 +0200] "GET /pricetags/get?keywords=Nokia%20Lumia%20930&country=US&category=phone&merchants=amazon%2Cebay%2Cetuyo%2Cbh%2Cdailysteals%2Crakuten HTTP/1.0" 200 1067 "http://versus.com/fr/nokia-lumia-1320-vs-nokia-lumia-930" "Mozilla/5.0 (Windows NT 6.1; Win64; x64; Trident/7.0; rv:11.0) like Gecko"
199.81.212.12 - - [25/Jun/2015:12:49:27 +0200] "GET /amazon/similar?itemId=B00HST0UEM&country=US HTTP/1.0" 200 62261 "http://versus.com/fr/nokia-lumia-1320-vs-nokia-lumia-930" "Mozilla/5.0 (Windows NT 6.1; Win64; x64; Trident/7.0; rv:11.0) like Gecko"
95.23.166.27 - - [25/Jun/2015:12:49:27 +0200] "GET /pricetags/get?keywords=Garmin%20Forerunner%20220&country=ES&category=sports_watch&merchants=amazon%2Cebay%2Cetuyo%2Cfnac%2Cvaluebasket HTTP/1.1" 200 1155 "http://versus.com/es/garmin-forerunner-210-vs-garmin-forerunner-220" "Mozilla/5.0 (Windows NT 6.1; WOW64) AppleWebKit/537.36 (KHTML, like Gecko) Chrome/43.0.2357.130 Safari/537.36"
199.81.212.12 - - [25/Jun/2015:12:49:27 +0200] "GET /amazon/similar?itemId=B00LNCVNEQ&country=US HTTP/1.0" 200 89004 "http://versus.com/fr/nokia-lumia-1320-vs-nokia-lumia-930" "Mozilla/5.0 (Windows NT 6.1; Win64; x64; Trident/7.0; rv:11.0) like Gecko"
94.44.254.126 - - [25/Jun/2015:12:49:27 +0200] "GET /object/?q=Fuji+X HTTP/1.1" 301 178 "-" "Dalvik/1.6.0 (Linux; U; Android 4.4.4; SM-G850F Build/KTU84P)"
95.23.166.27 - - [25/Jun/2015:12:49:27 +0200] "GET /pricetags/get?keywords=Garmin%20Forerunner%20210&country=ES&category=sports_watch&merchants=amazon%2Cebay%2Cetuyo%2Cfnac%2Cvaluebasket HTTP/1.1" 200 1013 "http://versus.com/es/garmin-forerunner-210-vs-garmin-forerunner-220" "Mozilla/5.0 (Windows NT 6.1; WOW64) AppleWebKit/537.36 (KHTML, like Gecko) Chrome/43.0.2357.130 Safari/537.36"
85.33.127.67 - - [25/Jun/2015:12:49:27 +0200] "GET /api/search?q=cubot%20x6&lang=en HTTP/1.1" 200 47 "http://versus.com/en?q=cubot%20x6&type=image" "Mozilla/5.0 (Windows NT 5.1) AppleWebKit/537.36 (KHTML, like Gecko) Chrome/43.0.2357.124 Safari/537.36"
94.44.254.126 - - [25/Jun/2015:12:49:27 +0200] "GET /object?q=Fuji+X HTTP/1.1" 200 256 "-" "Dalvik/1.6.0 (Linux; U; Android 4.4.4; SM-G850F Build/KTU84P)"
199.81.212.12 - - [25/Jun/2015:12:49:28 +0200] "GET /amazon/reviews?itemId=B00HST0UEM&country=US HTTP/1.0" 200 1201 "http://versus.com/fr/nokia-lumia-1320-vs-nokia-lumia-930" "Mozilla/5.0 (Windows NT 6.1; Win64; x64; Trident/7.0; rv:11.0) like Gecko"
95.23.166.27 - - [25/Jun/2015:12:49:28 +0200] "GET /amazon/similar?itemId=B00G5DAIVC&country=ES HTTP/1.1" 200 3805 "http://versus.com/es/garmin-forerunner-210-vs-garmin-forerunner-220" "Mozilla/5.0 (Windows NT 6.1; WOW64) AppleWebKit/537.36 (KHTML, like Gecko) Chrome/43.0.2357.130 Safari/537.36"
176.4.110.229 - - [25/Jun/2015:12:49:28 +0200] "GET /object?q=Apple+Watch HTTP/1.1" 200 129 "-" "Dalvik/2.1.0 (Linux; U; Android 5.0; SM-G900F Build/LRX21T)"
199.81.212.12 - - [25/Jun/2015:12:49:28 +0200] "GET /amazon/reviews?itemId=B00LNCVNEQ&country=US HTTP/1.0" 200 1229 "http://versus.com/fr/nokia-lumia-1320-vs-nokia-lumia-930" "Mozilla/5.0 (Windows NT 6.1; Win64; x64; Trident/7.0; rv:11.0) like Gecko"
75.101.220.64 - - [25/Jun/2015:12:49:28 +0200] "GET / HTTP/1.1" 302 38 "-" "Mozilla/5.0 (Macintosh; U; Intel Mac OS X 10.5; en-US; rv:1.9.0.4) Gecko/2008102920 Firefox/3.0.4 chartbeat/uptimeping"
75.101.220.64 - - [25/Jun/2015:12:49:28 +0200] "GET /en/ HTTP/1.1" 301 178 "-" "Mozilla/5.0 (Macintosh; U; Intel Mac OS X 10.5; en-US; rv:1.9.0.4) Gecko/2008102920 Firefox/3.0.4 chartbeat/uptimeping"
75.101.220.64 - - [25/Jun/2015:12:49:28 +0200] "GET /en HTTP/1.1" 200 5454 "-" "Mozilla/5.0 (Macintosh; U; Intel Mac OS X 10.5; en-US; rv:1.9.0.4) Gecko/2008102920 Firefox/3.0.4 chartbeat/uptimeping"
95.23.166.27 - - [25/Jun/2015:12:49:28 +0200] "GET /comment/es/garmin-forerunner-210-vs-garmin-forerunner-220 HTTP/1.1" 200 2 "http://versus.com/es/garmin-forerunner-210-vs-garmin-forerunner-220" "Mozilla/5.0 (Windows NT 6.1; WOW64) AppleWebKit/537.36 (KHTML, like Gecko) Chrome/43.0.2357.130 Safari/537.36"
90.174.136.137 - - [25/Jun/2015:12:49:28 +0200] "GET /es HTTP/1.1" 200 5025 "https://www.google.es/" "Mozilla/5.0 (Windows NT 6.1; WOW64) AppleWebKit/537.36 (KHTML, like Gecko) Chrome/43.0.2357.130 Safari/537.36"
54.172.112.200 - - [25/Jun/2015:12:49:28 +0200] "GET /it/canon-eos-1200d-vs-sony-cyber-shot-hx300 HTTP/1.1" 200 131448 "-" "Mozilla/5.0 (compatible; proximic; +http://www.proximic.com/info/spider.php)"
31.183.206.241 - - [25/Jun/2015:12:49:28 +0200] "GET /pl HTTP/1.1" 200 4959 "http://versus.com/pl/samsung-galaxy-s6-vs-apple-iphone-6-plus" "Mozilla/5.0 (Windows NT 6.3; WOW64) AppleWebKit/537.36 (KHTML, like Gecko) Chrome/43.0.2357.130 Safari/537.36"
5.255.253.111 - - [25/Jun/2015:12:49:28 +0200] "GET /es/tripoli-vs-cairo HTTP/1.1" 200 14195 "-" "Mozilla/5.0 (compatible; YandexBot/3.0; +http://yandex.com/bots)"
66.249.69.85 - - [25/Jun/2015:12:49:28 +0200] "GET /de/%EC%9B%8C%EC%8B%B1%ED%84%B4-vs-monaco HTTP/1.1" 200 19752 "-" "Mozilla/5.0 (compatible; Googlebot/2.1; +http://www.google.com/bot.html)"
5.255.253.229 - - [25/Jun/2015:12:49:28 +0200] "GET /id/panasonic-pt-dw730uk-vs-nec-np-pa600x HTTP/1.1" 200 15117 "-" "Mozilla/5.0 (compatible; YandexBot/3.0; +http://yandex.com/bots)"
87.6.172.109 - - [25/Jun/2015:12:49:28 +0200] "GET /it/nikon-d5200 HTTP/1.1" 200 16325 "http://versus.com/it/nikon-d5200-vs-nikon-d3200" "Mozilla/5.0 (Windows NT 6.1; WOW64; Trident/7.0; rv:11.0) like Gecko"
89.145.95.42 - - [25/Jun/2015:12:49:28 +0200] "GET /pl/microsoft-lumia-535-vs-nokia-lumia-635 HTTP/1.1" 200 19207 "-" "Mozilla/5.0 (compatible; GrapeshotCrawler/2.0; +http://www.grapeshot.co.uk/crawler.php)"
173.252.88.91 - - [25/Jun/2015:12:49:28 +0200] "GET /cn/panasonic-cs-ks18nb4uw-vs-toshiba-ras-10skpx HTTP/1.1" 200 14369 "-" "facebookexternalhit/1.1 (+http://www.facebook.com/externalhit_uatext.php)"
66.249.69.77 - - [25/Jun/2015:12:49:28 +0200] "GET /ru/kenmore-41272-vs-hotpoint-aq113f-497i HTTP/1.1" 200 14111 "-" "Mozilla/5.0 (compatible; Googlebot/2.1; +http://www.google.com/bot.html)"
173.252.120.118 - - [25/Jun/2015:12:49:28 +0200] "GET /fr/nokia-lumia-1320-vs-nokia-lumia-930 HTTP/1.1" 200 23720 "-" "facebookexternalhit/1.1 (+http://www.facebook.com/externalhit_uatext.php)"
173.252.88.87 - - [25/Jun/2015:12:49:28 +0200] "GET /de/dodge-durango-citadel-2014-vs-honda-pilot-lx-2014 HTTP/1.1" 200 15845 "-" "facebookexternalhit/1.1 (+http://www.facebook.com/externalhit_uatext.php)"
180.76.15.160 - - [25/Jun/2015:12:49:28 +0200] "GET /es/s/tama%C3%B1o/sony-cyber-shot-dsc-tx10-vs-casio-exilim-ex-z16 HTTP/1.1" 200 2724 "-" "Mozilla/5.0 (compatible; Baiduspider/2.0; +http://www.baidu.com/search/spider.html)"
173.252.88.91 - - [25/Jun/2015:12:49:28 +0200] "GET /de/kazablanka-vs-szanghaj HTTP/1.1" 200 16516 "-" "facebookexternalhit/1.1 (+http://www.facebook.com/externalhit_uatext.php)"
173.252.74.116 - - [25/Jun/2015:12:49:28 +0200] "GET /ru/fujifilm-finepix-xp100-vs-fujifilm-finepix-xp70 HTTP/1.1" 200 19837 "-" "facebookexternalhit/1.1 (+http://www.facebook.com/externalhit_uatext.php)"
180.76.15.154 - - [25/Jun/2015:12:49:28 +0200] "GET /es/s/tama%C3%B1o/philips-8000-40-vs-vizio-e371vl HTTP/1.1" 200 2723 "-" "Mozilla/5.0 (compatible; Baiduspider/2.0; +http://www.baidu.com/search/spider.html)"
173.252.74.113 - - [25/Jun/2015:12:49:28 +0200] "GET /es/\xEC\x8B\x9C\xEB\x93\x9C\xEB\x8B\x88-(sydney)-vs-\xEC\xB9\xB4\xEC\x82\xAC\xEB\xB8\x94\xEB\x9E\x91\xEC\xB9\xB4 HTTP/1.1" 200 16339 "-" "facebookexternalhit/1.1 (+http://www.facebook.com/externalhit_uatext.php)"
173.252.74.114 - - [25/Jun/2015:12:49:28 +0200] "GET /es/akg-k3003-vs-sony-xba-h3 HTTP/1.1" 200 15346 "-" "facebookexternalhit/1.1 (+http://www.facebook.com/externalhit_uatext.php)"
