117.192.173.148 - - [25/Jun/2015:12:48:44 +0200] "GET /object/?q=samsung+galaxy+s6+ed HTTP/1.1" 301 178 "-" "Dalvik/1.6.0 (Linux; U; Android 4.4.2; Micromax A069 Build/KOT49H)"
180.76.15.16 - - [25/Jun/2015:12:48:44 +0200] "GET /es/s/tama%C3%B1o/samsung-s7710-galaxy-xcover-2-vs-lg-optimus-f5 HTTP/1.1" 200 2724 "-" "Mozilla/5.0 (compatible; Baiduspider/2.0; +http://www.baidu.com/search/spider.html)"
92.90.26.5 - - [25/Jun/2015:12:48:44 +0200] "GET /object/?q=galaxy+s HTTP/1.1" 301 178 "-" "Dalvik/1.6.0 (Linux; U; Android 4.4.2; GT-I9195 Build/KOT49H)"
93.34.162.33 - - [25/Jun/2015:12:48:45 +0200] "GET /api/search?q=Samsung%20&lang=en&type=&category= HTTP/1.1" 200 519 "http://versus.com/" "Mozilla/5.0 (iPad; CPU OS 8_1_2 like Mac OS X) AppleWebKit/600.1.4 (KHTML, like Gecko) Version/8.0 Mobile/12B440 Safari/600.1.4"
157.55.39.15 - - [25/Jun/2015:12:48:45 +0200] "GET /en/marrakech-vs-%ED%8F%AC%EB%A5%B4%ED%88%AC HTTP/1.1" 200 17307 "-" "Mozilla/5.0 (compatible; bingbot/2.0; +http://www.bing.com/bingbot.htm)"
157.55.39.172 - - [25/Jun/2015:12:48:45 +0200] "GET /en/canon-ixus-255-hs-vs-pentax-wg-3 HTTP/1.1" 200 19593 "-" "Mozilla/5.0 (compatible; bingbot/2.0; +http://www.bing.com/bingbot.htm)"
83.44.39.238 - - [25/Jun/2015:12:48:45 +0200] "GET /pricetags/get?keywords=Garmin%20Forerunner%20220&country=ES&category=sports_watch&merchants=amazon%2Cebay%2Cetuyo%2Cfnac%2Cvaluebasket HTTP/1.1" 200 1163 "http://versus.com/es/garmin-forerunner-210-vs-garmin-forerunner-220" "Mozilla/5.0 (Windows NT 6.1; WOW64; rv:38.0) Gecko/20100101 Firefox/38.0"
157.55.39.239 - - [25/Jun/2015:12:48:45 +0200] "GET /en/madri-vs-casablanca HTTP/1.1" 200 18757 "-" "Mozilla/5.0 (compatible; bingbot/2.0; +http://www.bing.com/bingbot.htm)"
5.255.253.111 - - [25/Jun/2015:12:48:45 +0200] "GET /pl/suunto-ambit3-sport-sapphire-hr-vs-suunto-quest HTTP/1.1" 200 18372 "-" "Mozilla/5.0 (compatible; YandexBot/3.0; +http://yandex.com/bots)"
83.44.39.238 - - [25/Jun/2015:12:48:45 +0200] "GET /comment/es/garmin-forerunner-210-vs-garmin-forerunner-220 HTTP/1.1" 200 2 "http://versus.com/es/garmin-forerunner-210-vs-garmin-forerunner-220" "Mozilla/5.0 (Windows NT 6.1; WOW64; rv:38.0) Gecko/20100101 Firefox/38.0"
157.55.39.239 - - [25/Jun/2015:12:48:45 +0200] "GET /sv/olympus-pen-e-pl3-olympus-14-42mm-f-3-5-5-6-ii-r-msc-m-zuiko-digital-zoom-vs-hasselblad-h4d-200ms HTTP/1.1" 200 25316 "-" "Mozilla/5.0 (compatible; bingbot/2.0; +http://www.bing.com/bingbot.htm)"
106.221.143.209 - - [25/Jun/2015:12:48:45 +0200] "GET /api/search?q=Leno&lang=en&type=&category= HTTP/1.1" 200 907 "http://versus.com/" "Mozilla/5.0 (Linux; U; Android 5.0.2; en-gb; Mi 4i Build/LRX22G) AppleWebKit/537.36 (KHTML, like Gecko) Version/4.0 Chrome/39.0.0.0 Mobile Safari/537.36 XiaoMi/MiuiBrowser/2.1.1"
5.170.57.21 - - [25/Jun/2015:12:48:45 +0200] "GET /api/search?q=canon%20&lang=it&type=multi-search&category=camera HTTP/1.1" 200 1293 "http://versus.com/it/nikon-d3200" "MTK6592_TD/V1 Linux/3.4.67 Android/4.4.2 Release/08.15.2014 Browser/AppleWebKit537.36 Mobile Safari/537.36 System/Android 4.4.2"
117.192.173.148 - - [25/Jun/2015:12:48:45 +0200] "GET /object?q=samsung+galaxy+s6+ed HTTP/1.1" 200 109 "-" "Dalvik/1.6.0 (Linux; U; Android 4.4.2; Micromax A069 Build/KOT49H)"
92.90.26.5 - - [25/Jun/2015:12:48:45 +0200] "GET /object?q=galaxy+s HTTP/1.1" 200 315 "-" "Dalvik/1.6.0 (Linux; U; Android 4.4.2; GT-I9195 Build/KOT49H)"
80.254.148.43 - - [25/Jun/2015:12:48:45 +0200] "GET /amazon/reviews?itemId=B00DMS0LCO&country=EU HTTP/1.1" 200 1229 "http://versus.com/de/canon-eos-70d-vs-canon-eos-760d" "Mozilla/5.0 (Windows NT 6.1; Trident/7.0; rv:11.0) like Gecko"
207.46.13.122 - - [25/Jun/2015:12:48:45 +0200] "GET /en/nixon-wire-mic-vs-marshall-minor-pitch HTTP/1.1" 200 14704 "-" "Mozilla/5.0 (compatible; bingbot/2.0; +http://www.bing.com/bingbot.htm)"
157.55.39.239 - - [25/Jun/2015:12:48:45 +0200] "GET /cn/samsung-galaxy-express-vs-lg-optimus-l7-ii HTTP/1.1" 200 20798 "-" "Mozilla/5.0 (compatible; bingbot/2.0; +http://www.bing.com/bingbot.htm)"
207.46.13.122 - - [25/Jun/2015:12:48:45 +0200] "GET /es/colorado-state-university-vs-university-of-colorado-boulder HTTP/1.1" 200 23406 "-" "Mozilla/5.0 (compatible; bingbot/2.0; +http://www.bing.com/bingbot.htm)"
157.55.39.239 - - [25/Jun/2015:12:48:45 +0200] "GET /uk/san-jose-vs-kathmandu HTTP/1.1" 200 22148 "-" "Mozilla/5.0 (compatible; bingbot/2.0; +http://www.bing.com/bingbot.htm)"
180.76.15.151 - - [25/Jun/2015:12:48:45 +0200] "GET /es/s/tama%C3%B1o/sony-cyber-shot-dsc-hx9v-vs-leica-v-lux-40 HTTP/1.1" 200 2714 "-" "Mozilla/5.0 (compatible; Baiduspider/2.0; +http://www.baidu.com/search/spider.html)"
207.46.13.122 - - [25/Jun/2015:12:48:45 +0200] "GET /ko/asus-memo-pad-hd7-vs-samsung-galaxy-note-3 HTTP/1.1" 200 29301 "-" "Mozilla/5.0 (compatible; bingbot/2.0; +http://www.bing.com/bingbot.htm)"
179.154.132.96 - - [25/Jun/2015:12:48:45 +0200] "GET /comment/br/todoist-vs-wunderlist HTTP/1.1" 200 2 "http://versus.com/br/todoist-vs-wunderlist" "Mozilla/5.0 (Windows NT 10.0; WOW64; rv:38.0) Gecko/20100101 Firefox/38.0"
93.34.162.33 - - [25/Jun/2015:12:48:45 +0200] "GET /api/search?q=Samsung%20g&lang=en&type=&category= HTTP/1.1" 200 1634 "http://versus.com/" "Mozilla/5.0 (iPad; CPU OS 8_1_2 like Mac OS X) AppleWebKit/600.1.4 (KHTML, like Gecko) Version/8.0 Mobile/12B440 Safari/600.1.4"
83.44.39.238 - - [25/Jun/2015:12:48:45 +0200] "GET /pricetags/get?keywords=Garmin%20Forerunner%20210&country=ES&category=sports_watch&merchants=amazon%2Cebay%2Cetuyo%2Cfnac%2Cvaluebasket HTTP/1.1" 200 1013 "http://versus.com/es/garmin-forerunner-210-vs-garmin-forerunner-220" "Mozilla/5.0 (Windows NT 6.1; WOW64; rv:38.0) Gecko/20100101 Firefox/38.0"
173.252.88.90 - - [25/Jun/2015:12:48:45 +0200] "GET /ru/asko-w6444-vs-smeg-wmfabro1 HTTP/1.1" 200 13771 "-" "facebookexternalhit/1.1 (+http://www.facebook.com/externalhit_uatext.php)"
157.55.39.239 - - [25/Jun/2015:12:48:45 +0200] "GET /es/samsung-galaxy-y-plus-s5303-vs-lava-iris-349 HTTP/1.1" 200 20763 "-" "Mozilla/5.0 (compatible; bingbot/2.0; +http://www.bing.com/bingbot.htm)"
207.46.13.122 - - [25/Jun/2015:12:48:45 +0200] "GET /it/olympus-vr-340-vs-sony-cyber-shot-dsc-tx30-l HTTP/1.1" 200 20984 "-" "Mozilla/5.0 (compatible; bingbot/2.0; +http://www.bing.com/bingbot.htm)"
157.55.39.239 - - [25/Jun/2015:12:48:45 +0200] "GET /sv/apple-iphone-5s-vs-zte-geek HTTP/1.1" 200 25932 "-" "Mozilla/5.0 (compatible; bingbot/2.0; +http://www.bing.com/bingbot.htm)"
207.46.13.122 - - [25/Jun/2015:12:48:45 +0200] "GET /uk/pentax-q10-vs-panasonic-lumix-dmc-zs30 HTTP/1.1" 200 24701 "-" "Mozilla/5.0 (compatible; bingbot/2.0; +http://www.bing.com/bingbot.htm)"
5.255.253.229 - - [25/Jun/2015:12:48:45 +0200] "GET /cn/lenovo-ideapad-tablet-a8-vs-asus-transformer-prime-tf700t-32gb HTTP/1.1" 200 20069 "-" "Mozilla/5.0 (compatible; YandexBot/3.0; +http://yandex.com/bots)"
92.90.26.5 - - [25/Jun/2015:12:48:45 +0200] "GET /object/?q=galaxy+s4 HTTP/1.1" 301 178 "-" "Dalvik/1.6.0 (Linux; U; Android 4.4.2; GT-I9195 Build/KOT49H)"
195.242.138.101 - - [25/Jun/2015:12:48:45 +0200] "GET /pl/samsung-galaxy-s4-64gb-vs-apple-iphone-5-64gb HTTP/1.1" 200 39807 "https://www.google.pl/" "Mozilla/5.0 (Linux; Android 4.4.2; GT-I9515 Build/KOT49H) AppleWebKit/537.36 (KHTML, like Gecko) Chrome/43.0.2357.93 Mobile Safari/537.36"
93.34.162.33 - - [25/Jun/2015:12:48:45 +0200] "GET /api/search?q=Samsung%20ga&lang=en&type=&category= HTTP/1.1" 200 1290 "http://versus.com/" "Mozilla/5.0 (iPad; CPU OS 8_1_2 like Mac OS X) AppleWebKit/600.1.4 (KHTML, like Gecko) Version/8.0 Mobile/12B440 Safari/600.1.4"
173.252.74.119 - - [25/Jun/2015:12:48:45 +0200] "GET /br/cartagena-de-indias-vs-rio-de-janeiro HTTP/1.1" 200 18839 "-" "facebookexternalhit/1.1 (+http://www.facebook.com/externalhit_uatext.php)"
157.55.39.239 - - [25/Jun/2015:12:48:45 +0200] "GET /tr/htc-cha-cha-vs-htc-one-dual HTTP/1.1" 200 27497 "-" "Mozilla/5.0 (compatible; bingbot/2.0; +http://www.bing.com/bingbot.htm)"
5.170.57.21 - - [25/Jun/2015:12:48:45 +0200] "GET /api/search?q=canon%201&lang=it&type=multi-search&category=camera HTTP/1.1" 200 1479 "http://versus.com/it/nikon-d3200" "MTK6592_TD/V1 Linux/3.4.67 Android/4.4.2 Release/08.15.2014 Browser/AppleWebKit537.36 Mobile Safari/537.36 System/Android 4.4.2"
207.46.13.122 - - [25/Jun/2015:12:48:45 +0200] "GET /fr/casablanca-vs-parijs HTTP/1.1" 200 20236 "-" "Mozilla/5.0 (compatible; bingbot/2.0; +http://www.bing.com/bingbot.htm)"
157.55.39.239 - - [25/Jun/2015:12:48:45 +0200] "GET /br/manchester-vs-kabul HTTP/1.1" 200 16444 "-" "Mozilla/5.0 (compatible; bingbot/2.0; +http://www.bing.com/bingbot.htm)"
66.249.69.85 - - [25/Jun/2015:12:48:45 +0200] "GET /cn/d-link-dir-655-vs-linksys-wrt54gl HTTP/1.1" 200 11496 "-" "Mozilla/5.0 (iPhone; CPU iPhone OS 6_0 like Mac OS X) AppleWebKit/536.26 (KHTML, like Gecko) Version/6.0 Mobile/10A5376e Safari/8536.25 (compatible; Googlebot/2.1; +http://www.google.com/bot.html)"
92.90.26.5 - - [25/Jun/2015:12:48:45 +0200] "GET /object?q=galaxy+s4 HTTP/1.1" 200 226 "-" "Dalvik/1.6.0 (Linux; U; Android 4.4.2; GT-I9195 Build/KOT49H)"
93.34.162.33 - - [25/Jun/2015:12:48:45 +0200] "GET /api/search?q=Samsung%20gal&lang=en&type=&category= HTTP/1.1" 200 1290 "http://versus.com/" "Mozilla/5.0 (iPad; CPU OS 8_1_2 like Mac OS X) AppleWebKit/600.1.4 (KHTML, like Gecko) Version/8.0 Mobile/12B440 Safari/600.1.4"
207.46.13.122 - - [25/Jun/2015:12:48:45 +0200] "GET /en/casio-exilim-ex-z670-vs-sony-a580-dslr HTTP/1.1" 200 22667 "-" "Mozilla/5.0 (compatible; bingbot/2.0; +http://www.bing.com/bingbot.htm)"
201.127.84.134 - - [25/Jun/2015:12:48:45 +0200] "GET /es/garmin-vivoactive-vs-apple-watch HTTP/1.1" 200 30995 "http://versus.com/es/garmin-vivofit-vs-garmin-vivosmart" "Mozilla/5.0 (iPhone; CPU iPhone OS 8_3 like Mac OS X) AppleWebKit/600.1.4 (KHTML, like Gecko) Version/8.0 Mobile/12F70 Safari/600.1.4"
157.55.39.239 - - [25/Jun/2015:12:48:45 +0200] "GET /pl/london-vs-mexico-city HTTP/1.1" 200 21054 "-" "Mozilla/5.0 (compatible; bingbot/2.0; +http://www.bing.com/bingbot.htm)"
93.34.162.33 - - [25/Jun/2015:12:48:45 +0200] "GET /api/search?q=Samsung%20gala&lang=en&type=&category= HTTP/1.1" 200 1290 "http://versus.com/" "Mozilla/5.0 (iPad; CPU OS 8_1_2 like Mac OS X) AppleWebKit/600.1.4 (KHTML, like Gecko) Version/8.0 Mobile/12B440 Safari/600.1.4"
106.221.143.209 - - [25/Jun/2015:12:48:45 +0200] "GET /api/search?q=Lenov&lang=en&type=&category= HTTP/1.1" 200 907 "http://versus.com/" "Mozilla/5.0 (Linux; U; Android 5.0.2; en-gb; Mi 4i Build/LRX22G) AppleWebKit/537.36 (KHTML, like Gecko) Version/4.0 Chrome/39.0.0.0 Mobile Safari/537.36 XiaoMi/MiuiBrowser/2.1.1"
157.55.39.239 - - [25/Jun/2015:12:48:45 +0200] "GET /ko/alger-vs-phoenix HTTP/1.1" 200 18955 "-" "Mozilla/5.0 (compatible; bingbot/2.0; +http://www.bing.com/bingbot.htm)"
207.46.13.122 - - [25/Jun/2015:12:48:45 +0200] "GET /fr/sztokholm-vs-barcelona HTTP/1.1" 200 25080 "-" "Mozilla/5.0 (compatible; bingbot/2.0; +http://www.bing.com/bingbot.htm)"
5.170.57.21 - - [25/Jun/2015:12:48:45 +0200] "GET /api/search?q=canon%2010&lang=it&type=multi-search&category=camera HTTP/1.1" 200 632 "http://versus.com/it/nikon-d3200" "MTK6592_TD/V1 Linux/3.4.67 Android/4.4.2 Release/08.15.2014 Browser/AppleWebKit537.36 Mobile Safari/537.36 System/Android 4.4.2"
66.249.69.85 - - [25/Jun/2015:12:48:45 +0200] "GET /id/pioneer-se-nc31c-k-vs-bang-olufsen-a8 HTTP/1.1" 200 15093 "-" "Mozilla/5.0 (compatible; Googlebot/2.1; +http://www.google.com/bot.html)"
207.46.13.122 - - [25/Jun/2015:12:48:45 +0200] "GET /sv/montreal-vs-%E7%9B%A7%E6%A3%AE%E5%A0%A1 HTTP/1.1" 200 21857 "-" "Mozilla/5.0 (compatible; bingbot/2.0; +http://www.bing.com/bingbot.htm)"
207.46.13.122 - - [25/Jun/2015:12:48:46 +0200] "GET /en/apple-iphone-6-vs-lg-ls860 HTTP/1.1" 200 27804 "-" "Mozilla/5.0 (compatible; bingbot/2.0; +http://www.bing.com/bingbot.htm)"
157.55.39.239 - - [25/Jun/2015:12:48:46 +0200] "GET /it/htc-m7-vs-htc-one-s HTTP/1.1" 200 28908 "-" "Mozilla/5.0 (compatible; bingbot/2.0; +http://www.bing.com/bingbot.htm)"
157.55.39.239 - - [25/Jun/2015:12:48:46 +0200] "GET /de/singapore-vs-dhaka HTTP/1.1" 200 18049 "-" "Mozilla/5.0 (compatible; bingbot/2.0; +http://www.bing.com/bingbot.htm)"
180.76.15.147 - - [25/Jun/2015:12:48:46 +0200] "GET /de/samsung-galaxy-tab-2-7-0-p3110-16gb-vs-motorola-xoom-mz600-64gb HTTP/1.1" 200 16326 "-" "Mozilla/5.0 (compatible; Baiduspider/2.0; +http://www.baidu.com/search/spider.html)"
83.44.39.238 - - [25/Jun/2015:12:48:46 +0200] "GET /amazon/similar?itemId=B00G5DAIVC&country=ES HTTP/1.1" 200 3804 "http://versus.com/es/garmin-forerunner-210-vs-garmin-forerunner-220" "Mozilla/5.0 (Windows NT 6.1; WOW64; rv:38.0) Gecko/20100101 Firefox/38.0"
180.76.15.144 - - [25/Jun/2015:12:48:46 +0200] "GET /es/s/tama%C3%B1o/sony-cyber-shot-dsc-rx100-vs-canon-powershot-g15 HTTP/1.1" 200 2731 "-" "Mozilla/5.0 (compatible; Baiduspider/2.0; +http://www.baidu.com/search/spider.html)"
207.46.13.122 - - [25/Jun/2015:12:48:46 +0200] "GET /es/karachi-vs-new-york HTTP/1.1" 200 21590 "-" "Mozilla/5.0 (compatible; bingbot/2.0; +http://www.bing.com/bingbot.htm)"
157.55.39.239 - - [25/Jun/2015:12:48:46 +0200] "GET /es/nokia-lumia-505-vs-htc-desire-v HTTP/1.1" 200 24494 "-" "Mozilla/5.0 (compatible; bingbot/2.0; +http://www.bing.com/bingbot.htm)"
157.55.39.239 - - [25/Jun/2015:12:48:46 +0200] "GET /br/katmandou-vs-toronto HTTP/1.1" 200 19982 "-" "Mozilla/5.0 (compatible; bingbot/2.0; +http://www.bing.com/bingbot.htm)"
157.55.39.239 - - [25/Jun/2015:12:48:46 +0200] "GET /de/barcelone-vs-vienna HTTP/1.1" 200 27604 "-" "Mozilla/5.0 (compatible; bingbot/2.0; +http://www.bing.com/bingbot.htm)"
207.46.13.122 - - [25/Jun/2015:12:48:46 +0200] "GET /nl/sony-xperia-e-dual-vs-lg-l-bello HTTP/1.1" 200 21129 "-" "Mozilla/5.0 (compatible; bingbot/2.0; +http://www.bing.com/bingbot.htm)"
157.55.39.239 - - [25/Jun/2015:12:48:46 +0200] "GET /pl/samsung-galaxy-note-vs-lg-optimus-4x-hd HTTP/1.1" 200 22712 "-" "Mozilla/5.0 (compatible; bingbot/2.0; +http://www.bing.com/bingbot.htm)"
207.46.13.122 - - [25/Jun/2015:12:48:46 +0200] "GET /pl/nokia-n9-vs-nokia-lumia-520 HTTP/1.1" 200 28661 "-" "Mozilla/5.0 (compatible; bingbot/2.0; +http://www.bing.com/bingbot.htm)"
207.46.13.122 - - [25/Jun/2015:12:48:46 +0200] "GET /ko/seoul-vs-virginia-beach HTTP/1.1" 200 19676 "-" "Mozilla/5.0 (compatible; bingbot/2.0; +http://www.bing.com/bingbot.htm)"
173.252.74.112 - - [25/Jun/2015:12:48:46 +0200] "GET /cn/canon-powershot-sx220-hs-vs-pentax-optio-ls465 HTTP/1.1" 200 17735 "-" "facebookexternalhit/1.1 (+http://www.facebook.com/externalhit_uatext.php)"
5.170.57.21 - - [25/Jun/2015:12:48:46 +0200] "GET /api/search?q=canon%20100&lang=it&type=multi-search&category=camera HTTP/1.1" 200 586 "http://versus.com/it/nikon-d3200" "MTK6592_TD/V1 Linux/3.4.67 Android/4.4.2 Release/08.15.2014 Browser/AppleWebKit537.36 Mobile Safari/537.36 System/Android 4.4.2"
157.55.39.239 - - [25/Jun/2015:12:48:46 +0200] "GET /de/creative-zen-x-fi2-32gb-vs-samsung-galaxy-player-4-0 HTTP/1.1" 200 14857 "-" "Mozilla/5.0 (compatible; bingbot/2.0; +http://www.bing.com/bingbot.htm)"
157.55.39.239 - - [25/Jun/2015:12:48:46 +0200] "GET /id/samsung-galaxy-trend-ii-vs-htc-desire-500 HTTP/1.1" 200 21267 "-" "Mozilla/5.0 (compatible; bingbot/2.0; +http://www.bing.com/bingbot.htm)"
92.90.26.5 - - [25/Jun/2015:12:48:46 +0200] "GET /object/?q=galaxy+s4m HTTP/1.1" 301 178 "-" "Dalvik/1.6.0 (Linux; U; Android 4.4.2; GT-I9195 Build/KOT49H)"
106.221.143.209 - - [25/Jun/2015:12:48:46 +0200] "GET /api/search?q=Lenovo&lang=en&type=&category= HTTP/1.1" 200 909 "http://versus.com/" "Mozilla/5.0 (Linux; U; Android 5.0.2; en-gb; Mi 4i Build/LRX22G) AppleWebKit/537.36 (KHTML, like Gecko) Version/4.0 Chrome/39.0.0.0 Mobile Safari/537.36 XiaoMi/MiuiBrowser/2.1.1"
207.46.13.122 - - [25/Jun/2015:12:48:46 +0200] "GET /es/lima-vs-sydney HTTP/1.1" 200 24608 "-" "Mozilla/5.0 (compatible; bingbot/2.0; +http://www.bing.com/bingbot.htm)"
207.46.13.122 - - [25/Jun/2015:12:48:46 +0200] "GET /es/apple-iphone-5s-vs-lg-optimus-4x-hd HTTP/1.1" 200 31768 "-" "Mozilla/5.0 (compatible; bingbot/2.0; +http://www.bing.com/bingbot.htm)"
5.255.253.111 - - [25/Jun/2015:12:48:46 +0200] "GET /br/sigma-120-400mm-f4-5-5-6-dg-apo-os-hsm-vs-sony-dt-18-55mm-f-3-5-5-6 HTTP/1.1" 200 15523 "-" "Mozilla/5.0 (compatible; YandexBot/3.0; +http://yandex.com/bots)"
207.46.13.122 - - [25/Jun/2015:12:48:46 +0200] "GET /pl/mosca-vs-ryga HTTP/1.1" 200 19767 "-" "Mozilla/5.0 (compatible; bingbot/2.0; +http://www.bing.com/bingbot.htm)"
92.90.26.5 - - [25/Jun/2015:12:48:46 +0200] "GET /object?q=galaxy+s4m HTTP/1.1" 200 226 "-" "Dalvik/1.6.0 (Linux; U; Android 4.4.2; GT-I9195 Build/KOT49H)"
173.252.74.115 - - [25/Jun/2015:12:48:46 +0200] "GET /hk/samsung-galaxy-s-ii-att-vs-samsung-galaxy-s3-lte HTTP/1.1" 200 25285 "-" "facebookexternalhit/1.1 (+http://www.facebook.com/externalhit_uatext.php)"
207.46.13.122 - - [25/Jun/2015:12:48:46 +0200] "GET /es/htc-status-vs-huawei-prism HTTP/1.1" 200 19325 "-" "Mozilla/5.0 (compatible; bingbot/2.0; +http://www.bing.com/bingbot.htm)"
207.46.13.122 - - [25/Jun/2015:12:48:46 +0200] "GET /sv/abuja-vs-varsavia HTTP/1.1" 200 19620 "-" "Mozilla/5.0 (compatible; bingbot/2.0; +http://www.bing.com/bingbot.htm)"
157.55.39.239 - - [25/Jun/2015:12:48:46 +0200] "GET /it/nokia-lumia-920-vs-samsung-galaxy-s4 HTTP/1.1" 200 32617 "-" "Mozilla/5.0 (compatible; bingbot/2.0; +http://www.bing.com/bingbot.htm)"
157.55.39.239 - - [25/Jun/2015:12:48:46 +0200] "GET /ja/htc-first-vs-huawei-ascend-mate HTTP/1.1" 200 21190 "-" "Mozilla/5.0 (compatible; bingbot/2.0; +http://www.bing.com/bingbot.htm)"
83.44.39.238 - - [25/Jun/2015:12:48:46 +0200] "GET /amazon/reviews?itemId=B00G5DAIVC&country=ES HTTP/1.1" 200 648 "http://versus.com/es/garmin-forerunner-210-vs-garmin-forerunner-220" "Mozilla/5.0 (Windows NT 6.1; WOW64; rv:38.0) Gecko/20100101 Firefox/38.0"
207.46.13.122 - - [25/Jun/2015:12:48:46 +0200] "GET /uk/rome-vs-%EB%B3%BC%ED%8B%B0%EB%AA%A8%EC%96%B4 HTTP/1.1" 200 22622 "-" "Mozilla/5.0 (compatible; bingbot/2.0; +http://www.bing.com/bingbot.htm)"
207.46.13.122 - - [25/Jun/2015:12:48:46 +0200] "GET /id/panasonic-lumix-dmc-fx66-vs-canon-powershot-a1400 HTTP/1.1" 200 17126 "-" "Mozilla/5.0 (compatible; bingbot/2.0; +http://www.bing.com/bingbot.htm)"
92.90.26.5 - - [25/Jun/2015:12:48:46 +0200] "GET /object/?q=galaxy+s4mi HTTP/1.1" 301 178 "-" "Dalvik/1.6.0 (Linux; U; Android 4.4.2; GT-I9195 Build/KOT49H)"
207.46.13.122 - - [25/Jun/2015:12:48:46 +0200] "GET /hk/htc-desire-eye-vs-lg-marquee HTTP/1.1" 200 28764 "-" "Mozilla/5.0 (compatible; bingbot/2.0; +http://www.bing.com/bingbot.htm)"
83.44.39.238 - - [25/Jun/2015:12:48:46 +0200] "GET /amazon/similar?itemId=B00487BSIY&country=ES HTTP/1.1" 200 3400 "http://versus.com/es/garmin-forerunner-210-vs-garmin-forerunner-220" "Mozilla/5.0 (Windows NT 6.1; WOW64; rv:38.0) Gecko/20100101 Firefox/38.0"
5.255.253.229 - - [25/Jun/2015:12:48:47 +0200] "GET /en/pentax-smc-da-60-250mm-f-4-ed-if-sdm-vs-fujifilm-xf-56mm-f1-2-r-apd HTTP/1.1" 200 14827 "-" "Mozilla/5.0 (compatible; YandexBot/3.0; +http://yandex.com/bots)"
207.46.13.122 - - [25/Jun/2015:12:48:47 +0200] "GET /pl/kampala-vs-ho-chi-minh-city HTTP/1.1" 200 15924 "-" "Mozilla/5.0 (compatible; bingbot/2.0; +http://www.bing.com/bingbot.htm)"
139.195.113.217 - - [25/Jun/2015:12:48:47 +0200] "GET /api/search?q=msi%20a8&lang=en&type=&category= HTTP/1.1" 200 680 "http://versus.com/en" "Mozilla/5.0 (Windows NT 6.1; WOW64) AppleWebKit/537.36 (KHTML, like Gecko) Chrome/43.0.2357.130 Safari/537.36"
207.46.13.122 - - [25/Jun/2015:12:48:47 +0200] "GET /da/londyn-vs-mesa HTTP/1.1" 200 21503 "-" "Mozilla/5.0 (compatible; bingbot/2.0; +http://www.bing.com/bingbot.htm)"
180.76.15.142 - - [25/Jun/2015:12:48:47 +0200] "GET /de/samsung-galaxy-tab-p1010-wi-fi-vs-toshiba-excite-10-se-16-gb HTTP/1.1" 200 19812 "-" "Mozilla/5.0 (compatible; Baiduspider/2.0; +http://www.baidu.com/search/spider.html)"
157.55.39.239 - - [25/Jun/2015:12:48:47 +0200] "GET /fr/htc-endeavor-vs-htc-one-xl HTTP/1.1" 200 17843 "-" "Mozilla/5.0 (compatible; bingbot/2.0; +http://www.bing.com/bingbot.htm)"
92.90.26.5 - - [25/Jun/2015:12:48:47 +0200] "GET /object?q=galaxy+s4mi HTTP/1.1" 200 226 "-" "Dalvik/1.6.0 (Linux; U; Android 4.4.2; GT-I9195 Build/KOT49H)"
193.252.118.165 - - [25/Jun/2015:12:48:47 +0200] "GET /fr/huawei-ascend-p2-vs-lenovo-a800 HTTP/1.1" 200 20457 "-" "Mozilla/5.0 (compatible; OrangeBot/2.0; support.orangebot@orange.com)"
157.55.39.239 - - [25/Jun/2015:12:48:47 +0200] "GET /es/samsung-galaxy-s3-vs-rim-blackberry-torch-9800 HTTP/1.1" 200 31074 "-" "Mozilla/5.0 (compatible; bingbot/2.0; +http://www.bing.com/bingbot.htm)"
157.55.39.239 - - [25/Jun/2015:12:48:47 +0200] "GET /fr/ankara-vs-%EB%B6%80%EB%8B%A4%ED%8E%98%EC%8A%A4%ED%8A%B8 HTTP/1.1" 200 23185 "-" "Mozilla/5.0 (compatible; bingbot/2.0; +http://www.bing.com/bingbot.htm)"
207.46.13.122 - - [25/Jun/2015:12:48:47 +0200] "GET /ru/accra-vs-nairobi HTTP/1.1" 200 20329 "-" "Mozilla/5.0 (compatible; bingbot/2.0; +http://www.bing.com/bingbot.htm)"
207.46.13.122 - - [25/Jun/2015:12:48:47 +0200] "GET /en/beko-wmb-51032-pte-vs-miele-w-5837-wps HTTP/1.1" 200 14196 "-" "Mozilla/5.0 (compatible; bingbot/2.0; +http://www.bing.com/bingbot.htm)"
66.249.69.85 - - [25/Jun/2015:12:48:47 +0200] "GET /it/whirlpool-dlc9100-vs-haier-hw60-1407d HTTP/1.1" 200 14380 "-" "Mozilla/5.0 (compatible; Googlebot/2.1; +http://www.google.com/bot.html)"
5.170.57.21 - - [25/Jun/2015:12:48:47 +0200] "GET /api/search?q=canon%20100d&lang=it&type=multi-search&category=camera HTTP/1.1" 200 476 "http://versus.com/it/nikon-d3200" "MTK6592_TD/V1 Linux/3.4.67 Android/4.4.2 Release/08.15.2014 Browser/AppleWebKit537.36 Mobile Safari/537.36 System/Android 4.4.2"
207.46.13.122 - - [25/Jun/2015:12:48:47 +0200] "GET /tr/htc-droid-dna-vs-panasonic-eluga HTTP/1.1" 200 22180 "-" "Mozilla/5.0 (compatible; bingbot/2.0; +http://www.bing.com/bingbot.htm)"
180.76.15.142 - - [25/Jun/2015:12:48:47 +0200] "GET /de/samsung-galaxy-tab-10-1-lte-i905-32gb-vs-hp-touchpad-16gb HTTP/1.1" 200 19417 "-" "Mozilla/5.0 (compatible; Baiduspider/2.0; +http://www.baidu.com/search/spider.html)"
201.127.84.134 - - [25/Jun/2015:12:48:47 +0200] "GET /pricetags/get?keywords=Apple%20Watch&country=MX HTTP/1.1" 200 432 "http://versus.com/es/garmin-vivoactive-vs-apple-watch" "Mozilla/5.0 (iPhone; CPU iPhone OS 8_3 like Mac OS X) AppleWebKit/600.1.4 (KHTML, like Gecko) Version/8.0 Mobile/12F70 Safari/600.1.4"
92.90.26.5 - - [25/Jun/2015:12:48:47 +0200] "GET /object/?q=galaxy+s4mini HTTP/1.1" 301 178 "-" "Dalvik/1.6.0 (Linux; U; Android 4.4.2; GT-I9195 Build/KOT49H)"
173.252.74.114 - - [25/Jun/2015:12:48:47 +0200] "GET /es/ubud-vs-\xE6\xB7\xB1\xE5\x9C\xB3 HTTP/1.1" 200 14601 "-" "facebookexternalhit/1.1 (+http://www.facebook.com/externalhit_uatext.php)"
80.254.148.43 - - [25/Jun/2015:12:48:47 +0200] "GET /amazon/reviews?itemId=B00T3ERM4Q&country=EU HTTP/1.1" 200 1231 "http://versus.com/de/canon-eos-70d-vs-canon-eos-760d" "Mozilla/5.0 (Windows NT 6.1; Trident/7.0; rv:11.0) like Gecko"
92.90.26.5 - - [25/Jun/2015:12:48:47 +0200] "GET /object?q=galaxy+s4mini HTTP/1.1" 200 226 "-" "Dalvik/1.6.0 (Linux; U; Android 4.4.2; GT-I9195 Build/KOT49H)"
173.252.74.114 - - [25/Jun/2015:12:48:47 +0200] "GET /br/dell-c1765nfw-vs-ricoh-aficio-mp-c305 HTTP/1.1" 200 14727 "-" "facebookexternalhit/1.1 (+http://www.facebook.com/externalhit_uatext.php)"
201.127.84.134 - - [25/Jun/2015:12:48:47 +0200] "GET /pricetags/get?keywords=Garmin%20Vivoactive&country=MX HTTP/1.1" 200 402 "http://versus.com/es/garmin-vivoactive-vs-apple-watch" "Mozilla/5.0 (iPhone; CPU iPhone OS 8_3 like Mac OS X) AppleWebKit/600.1.4 (KHTML, like Gecko) Version/8.0 Mobile/12F70 Safari/600.1.4"
106.221.143.209 - - [25/Jun/2015:12:48:47 +0200] "GET /api/search?q=Lenovo%20&lang=en&type=&category= HTTP/1.1" 200 494 "http://versus.com/" "Mozilla/5.0 (Linux; U; Android 5.0.2; en-gb; Mi 4i Build/LRX22G) AppleWebKit/537.36 (KHTML, like Gecko) Version/4.0 Chrome/39.0.0.0 Mobile Safari/537.36 XiaoMi/MiuiBrowser/2.1.1"
106.221.143.209 - - [25/Jun/2015:12:48:47 +0200] "GET /api/search?q=Lenovo%20k&lang=en&type=&category= HTTP/1.1" 200 605 "http://versus.com/" "Mozilla/5.0 (Linux; U; Android 5.0.2; en-gb; Mi 4i Build/LRX22G) AppleWebKit/537.36 (KHTML, like Gecko) Version/4.0 Chrome/39.0.0.0 Mobile Safari/537.36 XiaoMi/MiuiBrowser/2.1.1"
92.90.26.5 - - [25/Jun/2015:12:48:47 +0200] "GET /object/?q=Samsung+Galaxy+S4 HTTP/1.1" 301 178 "-" "Dalvik/1.6.0 (Linux; U; Android 4.4.2; GT-I9195 Build/KOT49H)"
139.195.113.217 - - [25/Jun/2015:12:48:47 +0200] "GET /api/search?q=msi%20a88&lang=en&type=&category= HTTP/1.1" 200 545 "http://versus.com/en" "Mozilla/5.0 (Windows NT 6.1; WOW64) AppleWebKit/537.36 (KHTML, like Gecko) Chrome/43.0.2357.130 Safari/537.36"
117.192.173.148 - - [25/Jun/2015:12:48:47 +0200] "GET /object/?q=OnePlus+One HTTP/1.1" 301 178 "-" "Dalvik/1.6.0 (Linux; U; Android 4.4.2; Micromax A069 Build/KOT49H)"
92.90.26.5 - - [25/Jun/2015:12:48:47 +0200] "GET /object?q=Samsung+Galaxy+S4 HTTP/1.1" 200 226 "-" "Dalvik/1.6.0 (Linux; U; Android 4.4.2; GT-I9195 Build/KOT49H)"
83.44.39.238 - - [25/Jun/2015:12:48:47 +0200] "GET /amazon/reviews?itemId=B00487BSIY&country=ES HTTP/1.1" 200 647 "http://versus.com/es/garmin-forerunner-210-vs-garmin-forerunner-220" "Mozilla/5.0 (Windows NT 6.1; WOW64; rv:38.0) Gecko/20100101 Firefox/38.0"
93.34.162.33 - - [25/Jun/2015:12:48:48 +0200] "GET /api/search?q=Samsung%20galax&lang=en&type=&category= HTTP/1.1" 200 1290 "http://versus.com/" "Mozilla/5.0 (iPad; CPU OS 8_1_2 like Mac OS X) AppleWebKit/600.1.4 (KHTML, like Gecko) Version/8.0 Mobile/12B440 Safari/600.1.4"
117.192.173.148 - - [25/Jun/2015:12:48:48 +0200] "GET /object?q=OnePlus+One HTTP/1.1" 200 98 "-" "Dalvik/1.6.0 (Linux; U; Android 4.4.2; Micromax A069 Build/KOT49H)"
93.34.162.33 - - [25/Jun/2015:12:48:48 +0200] "GET /api/search?q=Samsung%20galaxy&lang=en&type=&category= HTTP/1.1" 200 1290 "http://versus.com/" "Mozilla/5.0 (iPad; CPU OS 8_1_2 like Mac OS X) AppleWebKit/600.1.4 (KHTML, like Gecko) Version/8.0 Mobile/12B440 Safari/600.1.4"
88.16.65.83 - - [25/Jun/2015:12:48:48 +0200] "GET /object/?q=n HTTP/1.1" 301 178 "-" "Dalvik/2.1.0 (Linux; U; Android 5.0.2; SGP321 Build/10.6.A.0.454)"
117.192.173.148 - - [25/Jun/2015:12:48:48 +0200] "GET /api/en/samsung-galaxy-s6-edge-vs-oneplus-one HTTP/1.1" 200 8004 "-" "Dalvik/1.6.0 (Linux; U; Android 4.4.2; Micromax A069 Build/KOT49H)"
66.249.69.85 - - [25/Jun/2015:12:48:48 +0200] "GET /en/samsung-wf0702wke-vs-miele-w-1949-wps HTTP/1.1" 200 12374 "-" "Mozilla/5.0 (compatible; Googlebot/2.1; +http://www.google.com/bot.html)"
5.255.253.229 - - [25/Jun/2015:12:48:48 +0200] "GET /pl/his-hd-7790-ipower-iceq-x2-vs-kfa-geforce-gtx-680-ltd-oc-v4 HTTP/1.1" 200 21558 "-" "Mozilla/5.0 (compatible; YandexBot/3.0; +http://yandex.com/bots)"
5.255.253.111 - - [25/Jun/2015:12:48:48 +0200] "GET /hk/audio-technica-ath-w5000-vs-stanton-magnetics-dj-pro-500-mc HTTP/1.1" 200 14912 "-" "Mozilla/5.0 (compatible; YandexBot/3.0; +http://yandex.com/bots)"
61.135.189.181 - - [25/Jun/2015:12:48:48 +0200] "GET /it/nikon-d5200-nikkor-af-s-dx-18-55mm-f-3-5-5-6g-vr HTTP/1.1" 200 17407 "-" "Sogou web spider/4.0(+http://www.sogou.com/docs/help/webmasters.htm#07)"
157.55.39.239 - - [25/Jun/2015:12:48:48 +0200] "GET /tr/moscow-vs-tirana HTTP/1.1" 200 22611 "-" "Mozilla/5.0 (compatible; bingbot/2.0; +http://www.bing.com/bingbot.htm)"
157.55.39.239 - - [25/Jun/2015:12:48:48 +0200] "GET /de/samsung-galaxy-s3-vs-sony-xperia-go HTTP/1.1" 200 24955 "-" "Mozilla/5.0 (compatible; bingbot/2.0; +http://www.bing.com/bingbot.htm)"
157.55.39.239 - - [25/Jun/2015:12:48:48 +0200] "GET /ru/chicago-vs-monaco HTTP/1.1" 200 23540 "-" "Mozilla/5.0 (compatible; bingbot/2.0; +http://www.bing.com/bingbot.htm)"
207.46.13.122 - - [25/Jun/2015:12:48:48 +0200] "GET /it/panasonic-toughbook-h2-elite-vs-archos-arnova-90-g3 HTTP/1.1" 200 24488 "-" "Mozilla/5.0 (compatible; bingbot/2.0; +http://www.bing.com/bingbot.htm)"
88.183.98.208 - - [25/Jun/2015:12:48:48 +0200] "GET /fr/samsung-galaxy-note-4-vs-samsung-galaxy-s4 HTTP/1.1" 200 25770 "http://www.google.fr/url?sa=t&rct=j&q=&esrc=s&source=web&cd=1&ved=0CCQQFjAA&url=http%3A%2F%2Fversus.com%2Ffr%2Fsamsung-galaxy-note-4-vs-samsung-galaxy-s4&ei=et2LVd63MsS5UfPAgcgF&usg=AFQjCNFwzADlu7mEmx4TIUGB8OSR0lUmuw&sig2=CF4WvDo5t-m7Fob_a23aEw&bvm=bv.96782255,d.d24" "Mozilla/5.0 (Windows NT 6.0; rv:38.0) Gecko/20100101 Firefox/38.0"
157.55.39.239 - - [25/Jun/2015:12:48:48 +0200] "GET /uk/sony-xperia-zr-vs-samsung-galaxy-s-advance-i9070 HTTP/1.1" 200 22730 "-" "Mozilla/5.0 (compatible; bingbot/2.0; +http://www.bing.com/bingbot.htm)"
210.187.252.184 - - [25/Jun/2015:12:48:48 +0200] "GET /en/samsung-galaxy-s5-vs-samsung-galaxy-note-3 HTTP/1.1" 200 31765 "https://www.bing.com/search?q=s5%20vs%20note%203&form=MB1078&mkt=en-US&setlang=en-US" "Mozilla/5.0 (Mobile; Windows Phone 8.1; Android 4.0; ARM; Trident/7.0; Touch; rv:11.0; IEMobile/11.0; NOKIA; Lumia 520) like iPhone OS 7_0_3 Mac OS X AppleWebKit/537 (KHTML, like Gecko) Mobile Safari/537"
157.55.39.239 - - [25/Jun/2015:12:48:48 +0200] "GET /ko/londres-vs-berlin HTTP/1.1" 200 26821 "-" "Mozilla/5.0 (compatible; bingbot/2.0; +http://www.bing.com/bingbot.htm)"
173.252.74.116 - - [25/Jun/2015:12:48:48 +0200] "GET /it/amd-a10-7700k-vs-samsung-exynos-5422 HTTP/1.1" 200 16512 "-" "facebookexternalhit/1.1 (+http://www.facebook.com/externalhit_uatext.php)"
180.76.15.28 - - [25/Jun/2015:12:48:48 +0200] "GET /es/s/tama%C3%B1o/samsung-galaxy-tab-7-0-plus-p6210-16gb-vs-toshiba-excite-7-7-at275-16gb HTTP/1.1" 200 2758 "-" "Mozilla/5.0 (compatible; Baiduspider/2.0; +http://www.baidu.com/search/spider.html)"
180.76.15.156 - - [25/Jun/2015:12:48:48 +0200] "GET /es/s/tama%C3%B1o/sony-cyber-shot-dsc-w570-vs-hp-photosmart-m425 HTTP/1.1" 200 2710 "-" "Mozilla/5.0 (compatible; Baiduspider/2.0; +http://www.baidu.com/search/spider.html)"
173.252.88.85 - - [25/Jun/2015:12:48:48 +0200] "GET /de/amd-e2-3000m-vs-intel-celeron-1020m HTTP/1.1" 200 18064 "-" "facebookexternalhit/1.1 (+http://www.facebook.com/externalhit_uatext.php)"
173.252.74.119 - - [25/Jun/2015:12:48:48 +0200] "GET /ko/airwell-kxv021-vs-lg-lw2410hr HTTP/1.1" 200 12830 "-" "facebookexternalhit/1.1 (+http://www.facebook.com/externalhit_uatext.php)"
173.252.88.85 - - [25/Jun/2015:12:48:48 +0200] "GET /hk/htc-desire-816-vs-sony-xperia-e-dual HTTP/1.1" 200 23775 "-" "facebookexternalhit/1.1 (+http://www.facebook.com/externalhit_uatext.php)"
93.34.162.33 - - [25/Jun/2015:12:48:48 +0200] "GET /api/search?q=Samsung%20galaxy%20&lang=en&type=&category= HTTP/1.1" 200 680 "http://versus.com/" "Mozilla/5.0 (iPad; CPU OS 8_1_2 like Mac OS X) AppleWebKit/600.1.4 (KHTML, like Gecko) Version/8.0 Mobile/12B440 Safari/600.1.4"
157.55.39.239 - - [25/Jun/2015:12:48:48 +0200] "GET /id/rom-vs-manila HTTP/1.1" 200 24152 "-" "Mozilla/5.0 (compatible; bingbot/2.0; +http://www.bing.com/bingbot.htm)"
207.46.13.122 - - [25/Jun/2015:12:48:48 +0200] "GET /sv/polar-loop-vs-fitbit-flex HTTP/1.1" 200 12691 "-" "Mozilla/5.0 (iPhone; CPU iPhone OS 7_0 like Mac OS X) AppleWebKit/537.51.1 (KHTML, like Gecko) Version/7.0 Mobile/11A465 Safari/9537.53 (compatible; bingbot/2.0;  http://www.bing.com/bingbot.htm)"
157.55.39.239 - - [25/Jun/2015:12:48:48 +0200] "GET /ko/sony-xperia-miro-vs-motorola-pro HTTP/1.1" 200 21674 "-" "Mozilla/5.0 (compatible; bingbot/2.0; +http://www.bing.com/bingbot.htm)"
157.55.39.239 - - [25/Jun/2015:12:48:48 +0200] "GET /uk/huawei-ascend-mate-vs-sony-xperia-s HTTP/1.1" 200 24269 "-" "Mozilla/5.0 (compatible; bingbot/2.0; +http://www.bing.com/bingbot.htm)"
157.55.39.239 - - [25/Jun/2015:12:48:48 +0200] "GET /es/intel-core-i5-2380p-vs-intel-xeon-e5-4650l HTTP/1.1" 200 19238 "-" "Mozilla/5.0 (compatible; bingbot/2.0; +http://www.bing.com/bingbot.htm)"
5.255.253.111 - - [25/Jun/2015:12:48:49 +0200] "GET /nl/%D0%9C%D0%B0%D1%81%D0%B5%D1%80%D1%83-vs-%D0%9E%D1%81%D0%BB%D0%BE HTTP/1.1" 200 16637 "-" "Mozilla/5.0 (compatible; YandexBot/3.0; +http://yandex.com/bots)"
207.46.13.122 - - [25/Jun/2015:12:48:49 +0200] "GET /es/sharp-pn-k321-vs-dell-up3214q HTTP/1.1" 200 16318 "-" "Mozilla/5.0 (compatible; bingbot/2.0; +http://www.bing.com/bingbot.htm)"
157.55.39.239 - - [25/Jun/2015:12:48:49 +0200] "GET /br/wellington-vs-nicosia HTTP/1.1" 200 14936 "-" "Mozilla/5.0 (compatible; bingbot/2.0; +http://www.bing.com/bingbot.htm)"
157.55.39.239 - - [25/Jun/2015:12:48:49 +0200] "GET /comment/en/samsung-un65hu7250fxza-vs-samsung-un65hu8550fxza HTTP/1.1" 200 2 "-" "Mozilla/5.0 (compatible; bingbot/2.0; +http://www.bing.com/bingbot.htm)"
180.76.15.159 - - [25/Jun/2015:12:48:49 +0200] "GET /es/s/tama%C3%B1o/sony-cyber-shot-dsc-hx7v-vs-canon-powershot-a2300 HTTP/1.1" 200 2726 "-" "Mozilla/5.0 (compatible; Baiduspider/2.0; +http://www.baidu.com/search/spider.html)"
88.16.65.83 - - [25/Jun/2015:12:48:49 +0200] "GET /object?q=n HTTP/1.1" 200 237 "-" "Dalvik/2.1.0 (Linux; U; Android 5.0.2; SGP321 Build/10.6.A.0.454)"
157.55.39.239 - - [25/Jun/2015:12:48:49 +0200] "GET /ru/sony-xperia-sola-vs-sony-xperia-l HTTP/1.1" 200 24531 "-" "Mozilla/5.0 (compatible; bingbot/2.0; +http://www.bing.com/bingbot.htm)"
157.55.39.239 - - [25/Jun/2015:12:48:49 +0200] "GET /fr/sony-playstation-vs-mad-catz-mojo HTTP/1.1" 200 15664 "-" "Mozilla/5.0 (compatible; bingbot/2.0; +http://www.bing.com/bingbot.htm)"
188.165.15.187 - - [25/Jun/2015:12:48:49 +0200] "GET /tr/apple-iphone-6-plus-vs-apple-ipad-mini-retina HTTP/1.1" 200 27262 "-" "Mozilla/5.0 (compatible; AhrefsBot/5.0; +http://ahrefs.com/robot/)"
157.55.39.239 - - [25/Jun/2015:12:48:49 +0200] "GET /de/thomson-50fu6663-vs-lg-50pa650 HTTP/1.1" 200 19353 "-" "Mozilla/5.0 (compatible; bingbot/2.0; +http://www.bing.com/bingbot.htm)"
157.55.39.239 - - [25/Jun/2015:12:48:49 +0200] "GET /it/samsung-galaxy-player-4-2-vs-samsung-galaxy-player-5-0 HTTP/1.1" 200 14421 "-" "Mozilla/5.0 (compatible; bingbot/2.0; +http://www.bing.com/bingbot.htm)"
157.55.39.239 - - [25/Jun/2015:12:48:49 +0200] "GET /ru/fujifilm-finepix-xp30-vs-canon-eos-70d HTTP/1.1" 200 25366 "-" "Mozilla/5.0 (compatible; bingbot/2.0; +http://www.bing.com/bingbot.htm)"
66.249.69.69 - - [25/Jun/2015:12:48:49 +0200] "GET /ja/olympus-stylus-sh-2-vs-ricoh-gr-digital-iv HTTP/1.1" 200 22328 "-" "Mozilla/5.0 (iPhone; CPU iPhone OS 6_0 like Mac OS X) AppleWebKit/536.26 (KHTML, like Gecko) Version/6.0 Mobile/10A5376e Safari/8536.25 (compatible; Googlebot/2.1; +http://www.google.com/bot.html)"
92.90.26.5 - - [25/Jun/2015:12:48:49 +0200] "GET /api/fr/samsung-galaxy-alpha-vs-samsung-galaxy-s4 HTTP/1.1" 200 5098 "-" "Dalvik/1.6.0 (Linux; U; Android 4.4.2; GT-I9195 Build/KOT49H)"
157.55.39.239 - - [25/Jun/2015:12:48:49 +0200] "GET /ru/nokia-lumia-620-vs-samsung-galaxy-s4-zoom HTTP/1.1" 200 28937 "-" "Mozilla/5.0 (compatible; bingbot/2.0; +http://www.bing.com/bingbot.htm)"
68.171.236.137 - - [25/Jun/2015:12:48:49 +0200] "GET /id/rim-blackberry-bold-touch-9900-vs-blackberry-q5 HTTP/1.1" 200 187139 "http://www.google.com/m?q=Dakota+vs+q5" "UCWEB/2.0(BlackBerry; U; 4.4.0.560; en-us; 9650/4.4.0.560) U2/1.0.0 UCBrowser/8.1.0.216"
93.34.162.33 - - [25/Jun/2015:12:48:49 +0200] "GET /api/search?q=Samsung%20galaxy%20g&lang=en&type=&category= HTTP/1.1" 200 1280 "http://versus.com/" "Mozilla/5.0 (iPad; CPU OS 8_1_2 like Mac OS X) AppleWebKit/600.1.4 (KHTML, like Gecko) Version/8.0 Mobile/12B440 Safari/600.1.4"
139.195.113.217 - - [25/Jun/2015:12:48:49 +0200] "GET /api/search?q=msi%20a88x&lang=en&type=&category= HTTP/1.1" 200 545 "http://versus.com/en" "Mozilla/5.0 (Windows NT 6.1; WOW64) AppleWebKit/537.36 (KHTML, like Gecko) Chrome/43.0.2357.130 Safari/537.36"
157.55.39.239 - - [25/Jun/2015:12:48:49 +0200] "GET /br/nokia-lumia-635-vs-samsung-gs5 HTTP/1.1" 200 35404 "-" "Mozilla/5.0 (compatible; bingbot/2.0; +http://www.bing.com/bingbot.htm)"
66.249.69.77 - - [25/Jun/2015:12:48:49 +0200] "GET /it/whirlpool-wsf5574-vs-bosch-kgv36vd30s HTTP/1.1" 200 14498 "-" "Mozilla/5.0 (compatible; Googlebot/2.1; +http://www.google.com/bot.html)"
157.55.39.15 - - [25/Jun/2015:12:48:49 +0200] "GET /hk/htc-desire-eye-vs-sony-xperia-z3 HTTP/1.1" 200 20317 "-" "Mozilla/5.0 (iPhone; CPU iPhone OS 7_0 like Mac OS X) AppleWebKit/537.51.1 (KHTML, like Gecko) Version/7.0 Mobile/11A465 Safari/9537.53 (compatible; bingbot/2.0;  http://www.bing.com/bingbot.htm)"
93.34.162.33 - - [25/Jun/2015:12:48:49 +0200] "GET /api/search?q=Samsung%20galaxy%20gr&lang=en&type=&category= HTTP/1.1" 200 427 "http://versus.com/" "Mozilla/5.0 (iPad; CPU OS 8_1_2 like Mac OS X) AppleWebKit/600.1.4 (KHTML, like Gecko) Version/8.0 Mobile/12B440 Safari/600.1.4"
157.55.39.239 - - [25/Jun/2015:12:48:49 +0200] "GET /br/amd-radeon-r7-265-vs-amd-radeon-r9-270x HTTP/1.1" 200 15743 "-" "Mozilla/5.0 (compatible; bingbot/2.0; +http://www.bing.com/bingbot.htm)"
157.55.39.15 - - [25/Jun/2015:12:48:49 +0200] "GET /en/havana-vs-%E4%BC%AF%E5%B0%94%E5%B0%BC HTTP/1.1" 200 20250 "-" "Mozilla/5.0 (compatible; bingbot/2.0; +http://www.bing.com/bingbot.htm)"
157.55.39.239 - - [25/Jun/2015:12:48:49 +0200] "GET /uk/varsavia-vs-moskow HTTP/1.1" 200 28849 "-" "Mozilla/5.0 (compatible; bingbot/2.0; +http://www.bing.com/bingbot.htm)"
88.16.65.83 - - [25/Jun/2015:12:48:49 +0200] "GET /object/?q=ne HTTP/1.1" 301 178 "-" "Dalvik/2.1.0 (Linux; U; Android 5.0.2; SGP321 Build/10.6.A.0.454)"
157.55.39.15 - - [25/Jun/2015:12:48:49 +0200] "GET /fr/moscou-vs-stockholm HTTP/1.1" 200 26422 "-" "Mozilla/5.0 (compatible; bingbot/2.0; +http://www.bing.com/bingbot.htm)"
173.252.74.112 - - [25/Jun/2015:12:48:50 +0200] "GET /es/miele-w-6566-wps-vs-samsung-wf8558nmw8 HTTP/1.1" 200 13153 "-" "facebookexternalhit/1.1 (+http://www.facebook.com/externalhit_uatext.php)"
5.255.253.229 - - [25/Jun/2015:12:48:50 +0200] "GET /nl/canon-eos-1000d-vs-sony-alpha-nex-3-sony-e-18-55mm-f3-5-5-6-oss HTTP/1.1" 200 23341 "-" "Mozilla/5.0 (compatible; YandexBot/3.0; +http://yandex.com/bots)"
157.55.39.239 - - [25/Jun/2015:12:48:50 +0200] "GET /it/ateny-vs-bryssel HTTP/1.1" 200 22531 "-" "Mozilla/5.0 (compatible; bingbot/2.0; +http://www.bing.com/bingbot.htm)"
66.249.91.66 - - [25/Jun/2015:12:48:50 +0200] "GET /pl/apple-iphone-6-16gb HTTP/1.1" 200 18179 "-" "Mediapartners-Google"
93.34.162.33 - - [25/Jun/2015:12:48:50 +0200] "GET /api/search?q=Samsung%20galaxy%20gra&lang=en&type=&category= HTTP/1.1" 200 427 "http://versus.com/" "Mozilla/5.0 (iPad; CPU OS 8_1_2 like Mac OS X) AppleWebKit/600.1.4 (KHTML, like Gecko) Version/8.0 Mobile/12B440 Safari/600.1.4"
157.55.39.15 - - [25/Jun/2015:12:48:50 +0200] "GET /id/pantech-marauder-vs-motorola-defy-pro HTTP/1.1" 200 21445 "-" "Mozilla/5.0 (compatible; bingbot/2.0; +http://www.bing.com/bingbot.htm)"
157.55.39.239 - - [25/Jun/2015:12:48:50 +0200] "GET /uk/san-francisco-vs-toronto HTTP/1.1" 200 27407 "-" "Mozilla/5.0 (compatible; bingbot/2.0; +http://www.bing.com/bingbot.htm)"
209.133.196.90 - - [25/Jun/2015:12:48:50 +0200] "GET /id/samsung-galaxy-note-4-vs-apple-iphone-6 HTTP/1.1" 200 28871 "http://versus.com" "Mozilla/5.0 (compatible; YandexBot/3.0; +http://yandex.com/bots)"
173.252.74.118 - - [25/Jun/2015:12:48:50 +0200] "GET /cn/nokia-asha-200-vs-zte-grand-memo-ii-lte HTTP/1.1" 200 27268 "-" "facebookexternalhit/1.1 (+http://www.facebook.com/externalhit_uatext.php)"
5.255.253.111 - - [25/Jun/2015:12:48:50 +0200] "GET /en/kigali-vs-izmir HTTP/1.1" 200 14907 "-" "Mozilla/5.0 (compatible; YandexBot/3.0; +http://yandex.com/bots)"
157.55.39.239 - - [25/Jun/2015:12:48:50 +0200] "GET /ru/htc-first-vs-samsung-galaxy-hercules HTTP/1.1" 200 27301 "-" "Mozilla/5.0 (compatible; bingbot/2.0; +http://www.bing.com/bingbot.htm)"
5.255.253.229 - - [25/Jun/2015:12:48:50 +0200] "GET /ru/samsung-galaxy-grand-prime-vs-samsung-galaxy-s3-neo HTTP/1.1" 200 21763 "-" "Mozilla/5.0 (compatible; YandexBot/3.0; +http://yandex.com/bots)"
173.252.74.114 - - [25/Jun/2015:12:48:50 +0200] "GET /tr/koss-i150-vs-koss-kdx300 HTTP/1.1" 200 12643 "-" "facebookexternalhit/1.1 (+http://www.facebook.com/externalhit_uatext.php)"
87.213.230.133 - - [25/Jun/2015:12:48:51 +0200] "GET /object/?q=alcate HTTP/1.1" 301 178 "-" "Dalvik/1.6.0 (Linux; U; Android 4.4.2; SM-N9005 Build/KOT49H)"
87.213.230.133 - - [25/Jun/2015:12:48:51 +0200] "GET /object?q=alcate HTTP/1.1" 200 310 "-" "Dalvik/1.6.0 (Linux; U; Android 4.4.2; SM-N9005 Build/KOT49H)"
88.183.98.208 - - [25/Jun/2015:12:48:51 +0200] "GET /pricetags/get?keywords=Samsung%20Galaxy%20Note%204&country=FR&category=phone&merchants=amazon%2Cebay%2Calternate%2Cetuyo%2Cpixmania%2Crueducommerce HTTP/1.1" 200 1022 "http://versus.com/fr/samsung-galaxy-note-4-vs-samsung-galaxy-s4" "Mozilla/5.0 (Windows NT 6.0; rv:38.0) Gecko/20100101 Firefox/38.0"
88.183.98.208 - - [25/Jun/2015:12:48:51 +0200] "GET /pricetags/get?keywords=Samsung%20Galaxy%20S4&country=FR&category=phone&merchants=amazon%2Cebay%2Calternate%2Cetuyo%2Cpixmania%2Crueducommerce HTTP/1.1" 200 1006 "http://versus.com/fr/samsung-galaxy-note-4-vs-samsung-galaxy-s4" "Mozilla/5.0 (Windows NT 6.0; rv:38.0) Gecko/20100101 Firefox/38.0"
87.213.230.133 - - [25/Jun/2015:12:48:51 +0200] "GET /object/?q=Alcatel+ HTTP/1.1" 301 178 "-" "Dalvik/1.6.0 (Linux; U; Android 4.4.2; SM-N9005 Build/KOT49H)"
87.213.230.133 - - [25/Jun/2015:12:48:51 +0200] "GET /object?q=Alcatel+ HTTP/1.1" 200 310 "-" "Dalvik/1.6.0 (Linux; U; Android 4.4.2; SM-N9005 Build/KOT49H)"
87.213.230.133 - - [25/Jun/2015:12:48:51 +0200] "GET /object/?q=Alcatel+c HTTP/1.1" 301 178 "-" "Dalvik/1.6.0 (Linux; U; Android 4.4.2; SM-N9005 Build/KOT49H)"
88.16.65.83 - - [25/Jun/2015:12:48:51 +0200] "GET /object?q=ne HTTP/1.1" 200 83 "-" "Dalvik/2.1.0 (Linux; U; Android 5.0.2; SGP321 Build/10.6.A.0.454)"
87.213.230.133 - - [25/Jun/2015:12:48:51 +0200] "GET /object?q=Alcatel+c HTTP/1.1" 200 310 "-" "Dalvik/1.6.0 (Linux; U; Android 4.4.2; SM-N9005 Build/KOT49H)"
178.255.152.2 - - [25/Jun/2015:12:48:52 +0200] "GET / HTTP/1.1" 302 38 "-" "Pingdom.com_bot_version_1.4_(http://www.pingdom.com/)"
178.255.152.2 - - [25/Jun/2015:12:48:52 +0200] "GET /en/ HTTP/1.1" 301 178 "-" "Pingdom.com_bot_version_1.4_(http://www.pingdom.com/)"
88.16.65.83 - - [25/Jun/2015:12:48:52 +0200] "GET /object/?q=nexus HTTP/1.1" 301 178 "-" "Dalvik/2.1.0 (Linux; U; Android 5.0.2; SGP321 Build/10.6.A.0.454)"
178.255.152.2 - - [25/Jun/2015:12:48:52 +0200] "GET /en HTTP/1.1" 200 5451 "-" "Pingdom.com_bot_version_1.4_(http://www.pingdom.com/)"
95.41.149.77 - - [25/Jun/2015:12:48:52 +0200] "GET /amazon/similar?itemId=B00TX5SHQ2&country=PL HTTP/1.1" 200 2006 "http://versus.com/pl/htc-desire-510-vs-lg-leon" "Mozilla/5.0 (Windows NT 6.3; WOW64) AppleWebKit/537.36 (KHTML, like Gecko) Chrome/43.0.2357.130 Safari/537.36"
95.41.149.77 - - [25/Jun/2015:12:48:52 +0200] "GET /amazon/similar?itemId=B00N3ROUNU&country=PL HTTP/1.1" 200 3886 "http://versus.com/pl/htc-desire-510-vs-lg-leon" "Mozilla/5.0 (Windows NT 6.3; WOW64) AppleWebKit/537.36 (KHTML, like Gecko) Chrome/43.0.2357.130 Safari/537.36"
88.183.98.208 - - [25/Jun/2015:12:48:52 +0200] "GET /amazon/similar?itemId=B00C3GBSSC&country=FR HTTP/1.1" 200 4147 "http://versus.com/fr/samsung-galaxy-note-4-vs-samsung-galaxy-s4" "Mozilla/5.0 (Windows NT 6.0; rv:38.0) Gecko/20100101 Firefox/38.0"
88.183.98.208 - - [25/Jun/2015:12:48:52 +0200] "GET /comment/fr/samsung-galaxy-note-4-vs-samsung-galaxy-s4 HTTP/1.1" 200 335 "http://versus.com/fr/samsung-galaxy-note-4-vs-samsung-galaxy-s4" "Mozilla/5.0 (Windows NT 6.0; rv:38.0) Gecko/20100101 Firefox/38.0"
66.249.69.85 - - [25/Jun/2015:12:48:52 +0200] "GET /en/westone-es3x-vs-street-by-50-over-ear HTTP/1.1" 200 16436 "-" "Mozilla/5.0 (compatible; Googlebot/2.1; +http://www.google.com/bot.html)"
5.255.253.229 - - [25/Jun/2015:12:48:52 +0200] "GET /ko/university-of-louisiana-at-lafayette-vs-university-of-connecticut HTTP/1.1" 200 20002 "-" "Mozilla/5.0 (compatible; YandexBot/3.0; +http://yandex.com/bots)"
54.174.144.31 - - [25/Jun/2015:12:48:52 +0200] "GET /tr/meizu-mx4-vs-lg-g3 HTTP/1.1" 200 165991 "-" "Mozilla/5.0 (compatible; proximic; +http://www.proximic.com/info/spider.php)"
2.155.160.3 - - [25/Jun/2015:12:48:52 +0200] "GET /es/sony-alpha-nex-3-vs-samsung-nx2000-samsung-20-50mm-f-3-5-5-6-ed-ii-nx HTTP/1.1" 200 17749 "https://www.google.es/" "Mozilla/5.0 (iPhone; CPU iPhone OS 8_3 like Mac OS X) AppleWebKit/600.1.4 (KHTML, like Gecko) Version/8.0 Mobile/12F70 Safari/600.1.4"
176.127.33.241 - - [25/Jun/2015:12:48:52 +0200] "GET /fr/jbl-pulse HTTP/1.1" 200 9217 "http://versus.com/fr/jbl-pulse-vs-ultimate-ears-ue-boom" "Mozilla/5.0 (Linux; Android 4.1.2; GT-I8190N Build/JZO54K) AppleWebKit/537.36 (KHTML, like Gecko) Chrome/43.0.2357.93 Mobile Safari/537.36"
173.252.88.85 - - [25/Jun/2015:12:48:52 +0200] "GET /fr/kenmore-41379-vs-lg-f14a8fd6 HTTP/1.1" 200 12474 "-" "facebookexternalhit/1.1 (+http://www.facebook.com/externalhit_uatext.php)"
5.255.195.8 - - [25/Jun/2015:12:48:52 +0200] "GET /pl/audi-q7-premium-3-0-tfsi-2014-vs-toyota-4runner-sr5-2014 HTTP/1.1" 200 17396 "-" "Mozilla/5.0 (compatible; YandexBot/3.0; +http://yandex.com/bots)"
157.55.39.239 - - [25/Jun/2015:12:48:52 +0200] "GET /ko/ramallah-vs-%E8%B5%AB%E7%88%BE%E8%BE%9B%E5%9F%BA HTTP/1.1" 200 16367 "-" "Mozilla/5.0 (compatible; bingbot/2.0; +http://www.bing.com/bingbot.htm)"
87.6.87.241 - - [25/Jun/2015:12:48:52 +0200] "GET /it HTTP/1.1" 200 4961 "https://www.google.it/" "Mozilla/5.0 (Windows NT 6.3; WOW64) AppleWebKit/537.36 (KHTML, like Gecko) Chrome/43.0.2357.130 Safari/537.36"
188.165.15.187 - - [25/Jun/2015:12:48:52 +0200] "GET /tr/samsung-galaxy-note-4-vs-huawei-ascend-mate-7 HTTP/1.1" 200 28815 "-" "Mozilla/5.0 (compatible; AhrefsBot/5.0; +http://ahrefs.com/robot/)"
173.252.74.113 - - [25/Jun/2015:12:48:52 +0200] "GET /cn/bose-freestyle-vs-denon-ah-c250 HTTP/1.1" 200 14611 "-" "facebookexternalhit/1.1 (+http://www.facebook.com/externalhit_uatext.php)"
157.55.39.239 - - [25/Jun/2015:12:48:52 +0200] "GET /en/canon-eos-100d-vs-canon-eos-1d-mark-iv HTTP/1.1" 200 24260 "-" "Mozilla/5.0 (compatible; bingbot/2.0; +http://www.bing.com/bingbot.htm)"
157.55.39.239 - - [25/Jun/2015:12:48:52 +0200] "GET /de/samsung-galaxy-express-vs-samsung-galaxy-s-advance HTTP/1.1" 200 18797 "-" "Mozilla/5.0 (compatible; bingbot/2.0; +http://www.bing.com/bingbot.htm)"
5.45.254.226 - - [25/Jun/2015:12:48:52 +0200] "GET /fr/samsung-galaxy-note-4-vs-wiko-highway HTTP/1.1" 200 27237 "-" "Mozilla/5.0 (compatible; YandexBot/3.0; +http://yandex.com/bots)"
180.76.15.149 - - [25/Jun/2015:12:48:52 +0200] "GET /es/s/tama%C3%B1o/creative-ziio-10-vs-apple-ipad-2-16gb-wifi-3g HTTP/1.1" 200 2743 "-" "Mozilla/5.0 (compatible; Baiduspider/2.0; +http://www.baidu.com/search/spider.html)"
180.76.15.158 - - [25/Jun/2015:12:48:52 +0200] "GET /es/s/tama%C3%B1o/sony-cyber-shot-dsc-hx100v-vs-canon-powershot-g1-x HTTP/1.1" 200 2734 "-" "Mozilla/5.0 (compatible; Baiduspider/2.0; +http://www.baidu.com/search/spider.html)"
180.76.15.34 - - [25/Jun/2015:12:48:52 +0200] "GET /es/s/tama%C3%B1o/sony-cyber-shot-dsc-hx20v-vs-hp-photosmart-r837 HTTP/1.1" 200 2724 "-" "Mozilla/5.0 (compatible; Baiduspider/2.0; +http://www.baidu.com/search/spider.html)"
180.76.15.24 - - [25/Jun/2015:12:48:52 +0200] "GET /es/s/tama%C3%B1o/sony-cyber-shot-dsc-tx20-vs-panasonic-lumix-dmc-fz47 HTTP/1.1" 200 2736 "-" "Mozilla/5.0 (compatible; Baiduspider/2.0; +http://www.baidu.com/search/spider.html)"
173.252.74.117 - - [25/Jun/2015:12:48:52 +0200] "GET /fr/canon-powershot-sx270-hs-vs-samsung-nx100-samsung-20-50mm-nx-ifunction-standard-zoom HTTP/1.1" 200 24265 "-" "facebookexternalhit/1.1 (+http://www.facebook.com/externalhit_uatext.php)"
173.252.88.84 - - [25/Jun/2015:12:48:52 +0200] "GET /br/asus-zenfone-4-a450cg-vs-sony-xperia-p HTTP/1.1" 200 23700 "-" "facebookexternalhit/1.1 (+http://www.facebook.com/externalhit_uatext.php)"
181.228.184.189 - - [25/Jun/2015:12:48:52 +0200] "GET /comment/es/samsung-galaxy-s5-vs-motorola-moto-x-2014 HTTP/1.1" 200 4602 "http://versus.com/es/samsung-galaxy-s5-vs-motorola-moto-x-2014" "Mozilla/5.0 (Windows NT 5.1) AppleWebKit/537.36 (KHTML, like Gecko) Chrome/43.0.2357.130 Safari/537.36"
173.252.74.113 - - [25/Jun/2015:12:48:52 +0200] "GET /ru/olympus-e-600-vs-samsung-galaxy-nx-mirrorless-18-55mm-f-3-5-5-6 HTTP/1.1" 200 26074 "-" "facebookexternalhit/1.1 (+http://www.facebook.com/externalhit_uatext.php)"
173.252.74.112 - - [25/Jun/2015:12:48:52 +0200] "GET /cn/lg-e2742v-vs-philips-220s2ss-00 HTTP/1.1" 200 17122 "-" "facebookexternalhit/1.1 (+http://www.facebook.com/externalhit_uatext.php)"
180.76.15.162 - - [25/Jun/2015:12:48:53 +0200] "GET /de/samsung-wb850f-vs-canon-ixus-255-hs HTTP/1.1" 200 18208 "-" "Mozilla/5.0 (compatible; Baiduspider/2.0; +http://www.baidu.com/search/spider.html)"
88.183.98.208 - - [25/Jun/2015:12:48:53 +0200] "GET /amazon/reviews?itemId=B00C3GBSSC&country=FR HTTP/1.1" 200 653 "http://versus.com/fr/samsung-galaxy-note-4-vs-samsung-galaxy-s4" "Mozilla/5.0 (Windows NT 6.0; rv:38.0) Gecko/20100101 Firefox/38.0"
95.41.149.77 - - [25/Jun/2015:12:48:53 +0200] "GET /amazon/reviews?itemId=B00TX5SHQ2&country=PL HTTP/1.1" 200 644 "http://versus.com/pl/htc-desire-510-vs-lg-leon" "Mozilla/5.0 (Windows NT 6.3; WOW64) AppleWebKit/537.36 (KHTML, like Gecko) Chrome/43.0.2357.130 Safari/537.36"
181.228.184.189 - - [25/Jun/2015:12:48:53 +0200] "GET /amazon/similar?itemId=B00J4TK4B8&country=AR HTTP/1.1" 200 5082 "http://versus.com/es/samsung-galaxy-s5-vs-motorola-moto-x-2014" "Mozilla/5.0 (Windows NT 5.1) AppleWebKit/537.36 (KHTML, like Gecko) Chrome/43.0.2357.130 Safari/537.36"
157.55.39.239 - - [25/Jun/2015:12:48:53 +0200] "GET /ja/nikon-coolpix-s9700-vs-nikon-coolpix-p340 HTTP/1.1" 200 14756 "-" "Mozilla/5.0 (iPhone; CPU iPhone OS 7_0 like Mac OS X) AppleWebKit/537.51.1 (KHTML, like Gecko) Version/7.0 Mobile/11A465 Safari/9537.53 (compatible; bingbot/2.0;  http://www.bing.com/bingbot.htm)"
180.76.15.156 - - [25/Jun/2015:12:48:53 +0200] "GET /es/s/tama%C3%B1o/sony-cyber-shot-dsc-wx50-vs-canon-eos-1d-x-canon-ef-50m-f-1-4-usm HTTP/1.1" 200 2756 "-" "Mozilla/5.0 (compatible; Baiduspider/2.0; +http://www.baidu.com/search/spider.html)"
