173.252.74.119 - - [25/Jun/2015:12:48:25 +0200] "GET /tr/nokia-asha-310-vs-sony-xperia-acro-s HTTP/1.1" 200 29394 "-" "facebookexternalhit/1.1 (+http://www.facebook.com/externalhit_uatext.php)"
80.241.254.91 - - [25/Jun/2015:12:48:25 +0200] "GET /api/search?q=samsung&lang=ru&type=&category= HTTP/1.1" 200 830 "http://versus.com/ru" "Mozilla/5.0 (Windows NT 5.1) AppleWebKit/537.36 (KHTML, like Gecko) Chrome/43.0.2357.81 Safari/537.36 OPR/30.0.1835.59"
157.55.39.239 - - [25/Jun/2015:12:48:25 +0200] "GET /sv/nashville-vs-havana HTTP/1.1" 200 16846 "-" "Mozilla/5.0 (compatible; bingbot/2.0; +http://www.bing.com/bingbot.htm)"
157.55.39.15 - - [25/Jun/2015:12:48:25 +0200] "GET /da/apple-iphone-6-vs-alcatel-ot-scribe-easy-8000e HTTP/1.1" 200 29720 "-" "Mozilla/5.0 (compatible; bingbot/2.0; +http://www.bing.com/bingbot.htm)"
157.55.39.239 - - [25/Jun/2015:12:48:25 +0200] "GET /id/sony-cyber-shot-dsc-rx10-vs-nikon-d610 HTTP/1.1" 200 21250 "-" "Mozilla/5.0 (compatible; bingbot/2.0; +http://www.bing.com/bingbot.htm)"
180.76.15.155 - - [25/Jun/2015:12:48:25 +0200] "GET /es/s/tama%C3%B1o/sony-cyber-shot-dsc-hx200v-vs-olympus-e-5 HTTP/1.1" 200 2722 "-" "Mozilla/5.0 (compatible; Baiduspider/2.0; +http://www.baidu.com/search/spider.html)"
207.46.13.122 - - [25/Jun/2015:12:48:25 +0200] "GET /fr/wiko-cink-king-vs-sony-ericsson-xperia-mini-pro HTTP/1.1" 200 23898 "-" "Mozilla/5.0 (compatible; bingbot/2.0; +http://www.bing.com/bingbot.htm)"
180.76.15.145 - - [25/Jun/2015:12:48:25 +0200] "GET /fr/fujifilm-finepix-s4000-vs-casio-exilim-tryx-ex-tr100 HTTP/1.1" 200 19591 "-" "Mozilla/5.0 (compatible; Baiduspider/2.0; +http://www.baidu.com/search/spider.html)"
180.76.15.154 - - [25/Jun/2015:12:48:25 +0200] "GET /fr/grundig-37-vle-9230-vs-philips-5000-50 HTTP/1.1" 200 16506 "-" "Mozilla/5.0 (compatible; Baiduspider/2.0; +http://www.baidu.com/search/spider.html)"
173.252.74.114 - - [25/Jun/2015:12:48:25 +0200] "GET /de/htc-one-google-vs-samsung-galaxy-young-duos HTTP/1.1" 200 27305 "-" "facebookexternalhit/1.1 (+http://www.facebook.com/externalhit_uatext.php)"
80.241.254.91 - - [25/Jun/2015:12:48:25 +0200] "GET /api/search?q=samsung%20&lang=ru&type=&category= HTTP/1.1" 200 527 "http://versus.com/ru" "Mozilla/5.0 (Windows NT 5.1) AppleWebKit/537.36 (KHTML, like Gecko) Chrome/43.0.2357.81 Safari/537.36 OPR/30.0.1835.59"
157.55.39.15 - - [25/Jun/2015:12:48:25 +0200] "GET /uk/boston-vs-ulaanbaatar HTTP/1.1" 200 21178 "-" "Mozilla/5.0 (compatible; bingbot/2.0; +http://www.bing.com/bingbot.htm)"
5.250.42.174 - - [25/Jun/2015:12:48:25 +0200] "GET /api/search?q=Apple%20iPhone%206%20&lang=en&type=&category= HTTP/1.1" 200 559 "http://versus.com/" "Mozilla/5.0 (Windows NT 10.0; WOW64; rv:38.0) Gecko/20100101 Firefox/38.0"
117.192.173.148 - - [25/Jun/2015:12:48:25 +0200] "GET /object/?q=oneplus+t HTTP/1.1" 301 178 "-" "Dalvik/1.6.0 (Linux; U; Android 4.4.2; Micromax A069 Build/KOT49H)"
207.46.13.122 - - [25/Jun/2015:12:48:25 +0200] "GET /en/hong-kong-vs-lagos HTTP/1.1" 200 19066 "-" "Mozilla/5.0 (compatible; bingbot/2.0; +http://www.bing.com/bingbot.htm)"
157.55.39.15 - - [25/Jun/2015:12:48:25 +0200] "GET /fr/caracas-vs-%D0%9C%D0%BE%D0%BD%D1%82%D0%B5%D0%B2%D1%96%D0%B4%D0%B5%D0%BE HTTP/1.1" 200 22667 "-" "Mozilla/5.0 (compatible; bingbot/2.0; +http://www.bing.com/bingbot.htm)"
157.55.39.15 - - [25/Jun/2015:12:48:25 +0200] "GET /tr/lg-g-flex-vs-htc-status HTTP/1.1" 200 26339 "-" "Mozilla/5.0 (compatible; bingbot/2.0; +http://www.bing.com/bingbot.htm)"
180.76.15.18 - - [25/Jun/2015:12:48:25 +0200] "GET /es/s/tama%C3%B1o/sony-cyber-shot-dsc-hx10v-vs-olympus-vg-145 HTTP/1.1" 200 2717 "-" "Mozilla/5.0 (compatible; Baiduspider/2.0; +http://www.baidu.com/search/spider.html)"
93.105.42.215 - - [25/Jun/2015:12:48:25 +0200] "GET /amazon/similar?itemId=B00PUBMCSW&country=PL HTTP/1.1" 200 1384 "http://versus.com/pl/sony-xperia-t3-vs-sony-xperia-z1" "Mozilla/5.0 (compatible; MSIE 10.0; Windows NT 6.2; WOW64; Trident/6.0; ASU2JS)"
173.252.74.112 - - [25/Jun/2015:12:48:25 +0200] "GET /ja/pentax-q7-pentax-5-15mm-f-2-8-4-5-vs-sony-alpha-nex-5n HTTP/1.1" 200 22614 "-" "facebookexternalhit/1.1 (+http://www.facebook.com/externalhit_uatext.php)"
207.46.13.122 - - [25/Jun/2015:12:48:25 +0200] "GET /sv/htc-hero-vs-alcatel-one-touch-idol-mini HTTP/1.1" 200 22875 "-" "Mozilla/5.0 (compatible; bingbot/2.0; +http://www.bing.com/bingbot.htm)"
157.55.39.15 - - [25/Jun/2015:12:48:25 +0200] "GET /pl/singapur-vs-%E5%8D%8E%E6%B2%99 HTTP/1.1" 200 24669 "-" "Mozilla/5.0 (compatible; bingbot/2.0; +http://www.bing.com/bingbot.htm)"
151.97.236.167 - - [25/Jun/2015:12:48:25 +0200] "GET /api/search?q=h&lang=it&type=multi-search&category=phone HTTP/1.1" 200 1614 "http://versus.com/it/htc-one-mini-m8" "Mozilla/5.0 (Windows NT 6.1; WOW64; rv:38.0) Gecko/20100101 Firefox/38.0"
117.192.173.148 - - [25/Jun/2015:12:48:25 +0200] "GET /object?q=oneplus+t HTTP/1.1" 200 98 "-" "Dalvik/1.6.0 (Linux; U; Android 4.4.2; Micromax A069 Build/KOT49H)"
157.55.39.15 - - [25/Jun/2015:12:48:25 +0200] "GET /de/ankara-vs-brussels HTTP/1.1" 200 25009 "-" "Mozilla/5.0 (compatible; bingbot/2.0; +http://www.bing.com/bingbot.htm)"
91.124.38.67 - - [25/Jun/2015:12:48:25 +0200] "GET /comment/ru/lenovo-yoga-tablet-8-vs-apple-ipad-mini-retina HTTP/1.1" 200 2 "http://versus.com/ru/lenovo-yoga-tablet-8-vs-apple-ipad-mini-retina" "Mozilla/5.0 (Windows NT 6.1; WOW64; rv:38.0) Gecko/20100101 Firefox/38.0"
91.124.38.67 - - [25/Jun/2015:12:48:25 +0200] "GET /pricetags/get?keywords=Apple%20iPad%20Mini%20Retina&country=UA&category=tablet&merchants=amazon%2Cetuyo HTTP/1.1" 200 407 "http://versus.com/ru/lenovo-yoga-tablet-8-vs-apple-ipad-mini-retina" "Mozilla/5.0 (Windows NT 6.1; WOW64; rv:38.0) Gecko/20100101 Firefox/38.0"
91.124.38.67 - - [25/Jun/2015:12:48:25 +0200] "GET /pricetags/get?keywords=Lenovo%20Yoga%20Tablet%208&country=UA&category=tablet&merchants=amazon%2Cetuyo HTTP/1.1" 200 387 "http://versus.com/ru/lenovo-yoga-tablet-8-vs-apple-ipad-mini-retina" "Mozilla/5.0 (Windows NT 6.1; WOW64; rv:38.0) Gecko/20100101 Firefox/38.0"
2.83.99.170 - - [25/Jun/2015:12:48:25 +0200] "GET /object/?q=Apple+iPhone+6+64GB HTTP/1.1" 301 178 "-" "Dalvik/2.1.0 (Linux; U; Android 5.0; LG-D855 Build/LRX21R.A1421650137)"
52.7.100.31 - - [25/Jun/2015:12:48:25 +0200] "GET /fr/sony-xperia-z3-vs-apple-iphone-6 HTTP/1.1" 200 214739 "-" "Mozilla/5.0 (compatible; proximic; +http://www.proximic.com/info/spider.php)"
80.241.254.91 - - [25/Jun/2015:12:48:25 +0200] "GET /api/search?q=samsung%20g&lang=ru&type=&category= HTTP/1.1" 200 1635 "http://versus.com/ru" "Mozilla/5.0 (Windows NT 5.1) AppleWebKit/537.36 (KHTML, like Gecko) Chrome/43.0.2357.81 Safari/537.36 OPR/30.0.1835.59"
2.83.99.170 - - [25/Jun/2015:12:48:25 +0200] "GET /api/landing/en/1 HTTP/1.1" 200 1909 "-" "Dalvik/2.1.0 (Linux; U; Android 5.0; LG-D855 Build/LRX21R.A1421650137)"
5.255.253.229 - - [25/Jun/2015:12:48:25 +0200] "GET /id/excedrin-sinus-headache-vs-dolormin-f%C3%BCr-frauen HTTP/1.1" 200 13409 "-" "Mozilla/5.0 (compatible; YandexBot/3.0; +http://yandex.com/bots)"
2.83.99.170 - - [25/Jun/2015:12:48:25 +0200] "GET /object/?q=LG+G3+16GB HTTP/1.1" 301 178 "-" "Dalvik/2.1.0 (Linux; U; Android 5.0; LG-D855 Build/LRX21R.A1421650137)"
93.105.42.215 - - [25/Jun/2015:12:48:25 +0200] "GET /amazon/similar?itemId=B00ECBVNIG&country=PL HTTP/1.1" 200 4569 "http://versus.com/pl/sony-xperia-t3-vs-sony-xperia-z1" "Mozilla/5.0 (compatible; MSIE 10.0; Windows NT 6.2; WOW64; Trident/6.0; ASU2JS)"
180.76.15.14 - - [25/Jun/2015:12:48:25 +0200] "GET /es/frigidaire-fafw3801lw-vs-kenmore-41573 HTTP/1.1" 200 12094 "-" "Mozilla/5.0 (compatible; Baiduspider/2.0; +http://www.baidu.com/search/spider.html)"
123.125.71.90 - - [25/Jun/2015:12:48:25 +0200] "GET /comment/pl/kef-m200-vs-sennheiser-ie-800 HTTP/1.1" 200 2 "http://versus.com/pl/kef-m200-vs-sennheiser-ie-800" "Mozilla/5.0 (compatible; Baiduspider/2.0; +http://www.baidu.com/search/spider.html)"
157.55.39.15 - - [25/Jun/2015:12:48:25 +0200] "GET /br/sony-xperia-t2-ultra-vs-sony-ericsson-xperia-play HTTP/1.1" 200 26026 "-" "Mozilla/5.0 (compatible; bingbot/2.0; +http://www.bing.com/bingbot.htm)"
80.241.254.91 - - [25/Jun/2015:12:48:25 +0200] "GET /api/search?q=samsung%20ga&lang=ru&type=&category= HTTP/1.1" 200 1291 "http://versus.com/ru" "Mozilla/5.0 (Windows NT 5.1) AppleWebKit/537.36 (KHTML, like Gecko) Chrome/43.0.2357.81 Safari/537.36 OPR/30.0.1835.59"
123.125.71.105 - - [25/Jun/2015:12:48:25 +0200] "GET /pricetags/get?keywords=KEF%20M200&country=CN&category=headphone&merchants=amazon%2Cetuyo HTTP/1.1" 200 669 "http://versus.com/pl/kef-m200-vs-sennheiser-ie-800" "Mozilla/5.0 (compatible; Baiduspider/2.0; +http://www.baidu.com/search/spider.html)"
117.192.173.148 - - [25/Jun/2015:12:48:25 +0200] "GET /object/?q=oneplus+two HTTP/1.1" 301 178 "-" "Dalvik/1.6.0 (Linux; U; Android 4.4.2; Micromax A069 Build/KOT49H)"
80.241.254.91 - - [25/Jun/2015:12:48:25 +0200] "GET /api/search?q=samsung%20gal&lang=ru&type=&category= HTTP/1.1" 200 1291 "http://versus.com/ru" "Mozilla/5.0 (Windows NT 5.1) AppleWebKit/537.36 (KHTML, like Gecko) Chrome/43.0.2357.81 Safari/537.36 OPR/30.0.1835.59"
151.97.236.167 - - [25/Jun/2015:12:48:25 +0200] "GET /api/search?q=ht&lang=it&type=multi-search&category=phone HTTP/1.1" 200 1387 "http://versus.com/it/htc-one-mini-m8" "Mozilla/5.0 (Windows NT 6.1; WOW64; rv:38.0) Gecko/20100101 Firefox/38.0"
157.55.39.239 - - [25/Jun/2015:12:48:25 +0200] "GET /ko/definitive-technology-sound-cylinder-vs-gear4-houseparty-rise-2 HTTP/1.1" 200 14351 "-" "Mozilla/5.0 (compatible; bingbot/2.0; +http://www.bing.com/bingbot.htm)"
5.250.42.174 - - [25/Jun/2015:12:48:25 +0200] "GET /api/search?q=Apple%20iPhone%206%20v&lang=en&type=&category= HTTP/1.1" 200 201 "http://versus.com/" "Mozilla/5.0 (Windows NT 10.0; WOW64; rv:38.0) Gecko/20100101 Firefox/38.0"
80.241.254.91 - - [25/Jun/2015:12:48:25 +0200] "GET /api/search?q=samsung%20gala&lang=ru&type=&category= HTTP/1.1" 200 1291 "http://versus.com/ru" "Mozilla/5.0 (Windows NT 5.1) AppleWebKit/537.36 (KHTML, like Gecko) Chrome/43.0.2357.81 Safari/537.36 OPR/30.0.1835.59"
157.55.39.239 - - [25/Jun/2015:12:48:26 +0200] "GET /fr/havana-vs-%EB%B2%A0%EB%A5%BC%EB%A6%B0 HTTP/1.1" 200 22494 "-" "Mozilla/5.0 (compatible; bingbot/2.0; +http://www.bing.com/bingbot.htm)"
2.83.99.170 - - [25/Jun/2015:12:48:26 +0200] "GET /object?q=LG+G3+16GB HTTP/1.1" 200 73 "-" "Dalvik/2.1.0 (Linux; U; Android 5.0; LG-D855 Build/LRX21R.A1421650137)"
5.250.42.174 - - [25/Jun/2015:12:48:26 +0200] "GET /api/search?q=Apple%20iPhone%206%20vs&lang=en&type=&category= HTTP/1.1" 200 201 "http://versus.com/" "Mozilla/5.0 (Windows NT 10.0; WOW64; rv:38.0) Gecko/20100101 Firefox/38.0"
5.250.42.174 - - [25/Jun/2015:12:48:26 +0200] "GET /api/search?q=Apple%20iPhone%206%20vs%20&lang=en&type=&category= HTTP/1.1" 200 201 "http://versus.com/" "Mozilla/5.0 (Windows NT 10.0; WOW64; rv:38.0) Gecko/20100101 Firefox/38.0"
117.192.173.148 - - [25/Jun/2015:12:48:26 +0200] "GET /object?q=oneplus+two HTTP/1.1" 200 98 "-" "Dalvik/1.6.0 (Linux; U; Android 4.4.2; Micromax A069 Build/KOT49H)"
173.252.74.114 - - [25/Jun/2015:12:48:26 +0200] "GET /br/asus-fonepad-16gb-vs-huawei-mediapad-10-fhd-lte-32-gb HTTP/1.1" 200 24066 "-" "facebookexternalhit/1.1 (+http://www.facebook.com/externalhit_uatext.php)"
180.76.15.145 - - [25/Jun/2015:12:48:26 +0200] "GET /de/samsung-galaxy-note-10-1-2014-edition-lte-vs-samsung-galaxy-note-10-1-n8000-32gb HTTP/1.1" 200 17467 "-" "Mozilla/5.0 (compatible; Baiduspider/2.0; +http://www.baidu.com/search/spider.html)"
66.249.69.69 - - [25/Jun/2015:12:48:26 +0200] "GET /tr/yurbuds-venture-talk-vs-earjax-lyrics HTTP/1.1" 200 14623 "-" "Mozilla/5.0 (compatible; Googlebot/2.1; +http://www.google.com/bot.html)"
80.241.254.91 - - [25/Jun/2015:12:48:26 +0200] "GET /api/search?q=samsung%20galax&lang=ru&type=&category= HTTP/1.1" 200 1291 "http://versus.com/ru" "Mozilla/5.0 (Windows NT 5.1) AppleWebKit/537.36 (KHTML, like Gecko) Chrome/43.0.2357.81 Safari/537.36 OPR/30.0.1835.59"
157.55.39.239 - - [25/Jun/2015:12:48:26 +0200] "GET /ru/nikon-coolpix-p7700-vs-samsung-galaxy-camera-wi-fi HTTP/1.1" 200 24932 "-" "Mozilla/5.0 (compatible; bingbot/2.0; +http://www.bing.com/bingbot.htm)"
2.83.99.170 - - [25/Jun/2015:12:48:26 +0200] "GET /object?q=Apple+iPhone+6+64GB HTTP/1.1" 200 102 "-" "Dalvik/2.1.0 (Linux; U; Android 5.0; LG-D855 Build/LRX21R.A1421650137)"
93.105.42.215 - - [25/Jun/2015:12:48:26 +0200] "GET /amazon/reviews?itemId=B00PUBMCSW&country=PL HTTP/1.1" 200 656 "http://versus.com/pl/sony-xperia-t3-vs-sony-xperia-z1" "Mozilla/5.0 (compatible; MSIE 10.0; Windows NT 6.2; WOW64; Trident/6.0; ASU2JS)"
93.105.42.215 - - [25/Jun/2015:12:48:26 +0200] "GET /amazon/reviews?itemId=B00ECBVNIG&country=PL HTTP/1.1" 200 655 "http://versus.com/pl/sony-xperia-t3-vs-sony-xperia-z1" "Mozilla/5.0 (compatible; MSIE 10.0; Windows NT 6.2; WOW64; Trident/6.0; ASU2JS)"
188.165.15.187 - - [25/Jun/2015:12:48:26 +0200] "GET /pl/s/sizer/optoma-th1020 HTTP/1.1" 200 2561 "-" "Mozilla/5.0 (compatible; AhrefsBot/5.0; +http://ahrefs.com/robot/)"
151.97.236.167 - - [25/Jun/2015:12:48:26 +0200] "GET /api/search?q=htc&lang=it&type=multi-search&category=phone HTTP/1.1" 200 1389 "http://versus.com/it/htc-one-mini-m8" "Mozilla/5.0 (Windows NT 6.1; WOW64; rv:38.0) Gecko/20100101 Firefox/38.0"
180.76.15.159 - - [25/Jun/2015:12:48:26 +0200] "GET /es/s/tama%C3%B1o/samsung-galaxy-note-10-1-n8010-16gb-vs-samsung-galaxy-tab-10-1-16gb HTTP/1.1" 200 2673 "-" "Mozilla/5.0 (compatible; Baiduspider/2.0; +http://www.baidu.com/search/spider.html)"
193.143.230.244 - - [25/Jun/2015:12:48:26 +0200] "GET /en/samsung-galaxy-s5-vs-samsung-galaxy-s5-active HTTP/1.1" 200 140617 "http://www.google.fi/url?sa=t&rct=j&q=&esrc=s&source=web&cd=17&ved=0CFQQFjAGOAo&url=http%3A%2F%2Fversus.com%2Fen%2Fsamsung-galaxy-s5-vs-samsung-galaxy-s5-active&ei=Pd2LVc6EG8jMyAPXpYjoDA&usg=AFQjCNExu6tukKy20A1MPagTJEQuwX7Yxw&sig2=lVM_HQeVuRxEOCfEloDM2Q&bvm=bv.96782255,d.bGQ&cad=rja" "Mozilla/5.0 (Windows NT 6.1; WOW64; rv:38.0) Gecko/20100101 Firefox/38.0"
151.97.236.167 - - [25/Jun/2015:12:48:26 +0200] "GET /api/search?q=htc%20&lang=it&type=multi-search&category=phone HTTP/1.1" 200 1389 "http://versus.com/it/htc-one-mini-m8" "Mozilla/5.0 (Windows NT 6.1; WOW64; rv:38.0) Gecko/20100101 Firefox/38.0"
117.192.173.148 - - [25/Jun/2015:12:48:26 +0200] "GET /object/?q=oneplus+two+ HTTP/1.1" 301 178 "-" "Dalvik/1.6.0 (Linux; U; Android 4.4.2; Micromax A069 Build/KOT49H)"
157.55.39.239 - - [25/Jun/2015:12:48:26 +0200] "GET /de/hp-photosmart-r742-vs-sony-slt-a99v-sony-sal-55300 HTTP/1.1" 200 27667 "-" "Mozilla/5.0 (compatible; bingbot/2.0; +http://www.bing.com/bingbot.htm)"
5.255.253.111 - - [25/Jun/2015:12:48:26 +0200] "GET /es/audio-technica-ath-m50-vs-raidsonic-icy-box-ib-eph02 HTTP/1.1" 200 15411 "-" "Mozilla/5.0 (compatible; YandexBot/3.0; +http://yandex.com/bots)"
80.241.254.91 - - [25/Jun/2015:12:48:26 +0200] "GET /api/search?q=samsung%20galaxy&lang=ru&type=&category= HTTP/1.1" 200 1291 "http://versus.com/ru" "Mozilla/5.0 (Windows NT 5.1) AppleWebKit/537.36 (KHTML, like Gecko) Chrome/43.0.2357.81 Safari/537.36 OPR/30.0.1835.59"
151.97.236.167 - - [25/Jun/2015:12:48:26 +0200] "GET /api/search?q=htc%20m&lang=it&type=multi-search&category=phone HTTP/1.1" 200 1055 "http://versus.com/it/htc-one-mini-m8" "Mozilla/5.0 (Windows NT 6.1; WOW64; rv:38.0) Gecko/20100101 Firefox/38.0"
91.124.38.67 - - [25/Jun/2015:12:48:26 +0200] "GET /amazon/similar?itemId=B00GRACUXM&country=UA HTTP/1.1" 200 5307 "http://versus.com/ru/lenovo-yoga-tablet-8-vs-apple-ipad-mini-retina" "Mozilla/5.0 (Windows NT 6.1; WOW64; rv:38.0) Gecko/20100101 Firefox/38.0"
123.125.71.94 - - [25/Jun/2015:12:48:26 +0200] "GET /pricetags/get?keywords=Sennheiser%20IE%20800&country=CN&category=headphone&merchants=amazon%2Cetuyo HTTP/1.1" 200 747 "http://versus.com/pl/kef-m200-vs-sennheiser-ie-800" "Mozilla/5.0 (compatible; Baiduspider/2.0; +http://www.baidu.com/search/spider.html)"
81.15.239.109 - - [25/Jun/2015:12:48:26 +0200] "GET /api/search?q=i&lang=pl&type=&category= HTTP/1.1" 200 1743 "http://versus.com/pl" "Mozilla/5.0 (Windows NT 6.1; rv:38.0) Gecko/20100101 Firefox/38.0"
91.124.38.67 - - [25/Jun/2015:12:48:26 +0200] "GET /amazon/similar?itemId=B00HHKZFTM&country=UA HTTP/1.1" 200 5205 "http://versus.com/ru/lenovo-yoga-tablet-8-vs-apple-ipad-mini-retina" "Mozilla/5.0 (Windows NT 6.1; WOW64; rv:38.0) Gecko/20100101 Firefox/38.0"
157.55.39.239 - - [25/Jun/2015:12:48:26 +0200] "GET /nl/samsung-galaxy-grand-vs-htc-sensation-xe-with-beats-audio HTTP/1.1" 200 21900 "-" "Mozilla/5.0 (compatible; bingbot/2.0; +http://www.bing.com/bingbot.htm)"
117.192.173.148 - - [25/Jun/2015:12:48:26 +0200] "GET /object?q=oneplus+two+ HTTP/1.1" 200 98 "-" "Dalvik/1.6.0 (Linux; U; Android 4.4.2; Micromax A069 Build/KOT49H)"
173.252.74.113 - - [25/Jun/2015:12:48:26 +0200] "GET /cn/dantex-rk-07sdm3-vs-toshiba-mmd-ap0961h HTTP/1.1" 200 13206 "-" "facebookexternalhit/1.1 (+http://www.facebook.com/externalhit_uatext.php)"
180.76.15.137 - - [25/Jun/2015:12:48:26 +0200] "GET /es/s/tama%C3%B1o/samsung-galaxy-tab-10-1-32gb-vs-acer-iconia-w700-128gb HTTP/1.1" 200 2739 "-" "Mozilla/5.0 (compatible; Baiduspider/2.0; +http://www.baidu.com/search/spider.html)"
151.97.236.167 - - [25/Jun/2015:12:48:26 +0200] "GET /api/search?q=htc%20mi&lang=it&type=multi-search&category=phone HTTP/1.1" 200 521 "http://versus.com/it/htc-one-mini-m8" "Mozilla/5.0 (Windows NT 6.1; WOW64; rv:38.0) Gecko/20100101 Firefox/38.0"
80.241.254.91 - - [25/Jun/2015:12:48:26 +0200] "GET /api/search?q=samsung%20galaxy%20&lang=ru&type=&category= HTTP/1.1" 200 696 "http://versus.com/ru" "Mozilla/5.0 (Windows NT 5.1) AppleWebKit/537.36 (KHTML, like Gecko) Chrome/43.0.2357.81 Safari/537.36 OPR/30.0.1835.59"
89.145.95.2 - - [25/Jun/2015:12:48:26 +0200] "GET /fr/samsung-galaxy-s5-mini-vs-samsung-galaxy-a3 HTTP/1.1" 200 26481 "-" "Mozilla/5.0 (compatible; GrapeshotCrawler/2.0; +http://www.grapeshot.co.uk/crawler.php)"
208.54.86.140 - - [25/Jun/2015:12:48:26 +0200] "GET /en/new-york-vs-tokyo HTTP/1.1" 200 28934 "http://www.google.com/search?hl=en&redir_esc=&client=ms-android-hms-tmobile-us&source=android-launcher-widget&v=133247963&qsubts=1435229311099&q=new+york+city+vs.+tokyo&v=133247963" "Mozilla/5.0 (Linux; U; Android 2.3.6; en-us; SGH-T959V Build/GINGERBREAD) AppleWebKit/533.1 (KHTML, like Gecko) Version/4.0 Mobile Safari/533.1"
180.76.15.153 - - [25/Jun/2015:12:48:26 +0200] "GET /en/akg-k67-tiesto-vs-marshall-major-pitch HTTP/1.1" 200 13431 "-" "Mozilla/5.0 (compatible; Baiduspider/2.0; +http://www.baidu.com/search/spider.html)"
91.124.38.67 - - [25/Jun/2015:12:48:26 +0200] "GET /amazon/reviews?itemId=B00GRACUXM&country=UA HTTP/1.1" 200 638 "http://versus.com/ru/lenovo-yoga-tablet-8-vs-apple-ipad-mini-retina" "Mozilla/5.0 (Windows NT 6.1; WOW64; rv:38.0) Gecko/20100101 Firefox/38.0"
157.55.39.239 - - [25/Jun/2015:12:48:26 +0200] "GET /sv/samsung-galaxy-tab-3-10-0-16gb-vs-asus-transformer-pad-infinity-700-64gb HTTP/1.1" 200 20962 "-" "Mozilla/5.0 (compatible; bingbot/2.0; +http://www.bing.com/bingbot.htm)"
151.97.236.167 - - [25/Jun/2015:12:48:26 +0200] "GET /api/search?q=htc%20min&lang=it&type=multi-search&category=phone HTTP/1.1" 200 521 "http://versus.com/it/htc-one-mini-m8" "Mozilla/5.0 (Windows NT 6.1; WOW64; rv:38.0) Gecko/20100101 Firefox/38.0"
173.252.74.112 - - [25/Jun/2015:12:48:27 +0200] "GET /fr/polaroid-50gsr3000-vs-sony-kdl40w600b HTTP/1.1" 200 15024 "-" "facebookexternalhit/1.1 (+http://www.facebook.com/externalhit_uatext.php)"
91.124.38.67 - - [25/Jun/2015:12:48:27 +0200] "GET /amazon/reviews?itemId=B00HHKZFTM&country=UA HTTP/1.1" 200 640 "http://versus.com/ru/lenovo-yoga-tablet-8-vs-apple-ipad-mini-retina" "Mozilla/5.0 (Windows NT 6.1; WOW64; rv:38.0) Gecko/20100101 Firefox/38.0"
5.255.253.229 - - [25/Jun/2015:12:48:27 +0200] "GET /tr/nikon-1-aw1-11-27-5mm-f-3-5-5-6-vs-sony-alpha-nex-7 HTTP/1.1" 200 19647 "-" "Mozilla/5.0 (compatible; YandexBot/3.0; +http://yandex.com/bots)"
188.165.15.187 - - [25/Jun/2015:12:48:27 +0200] "GET /pl/s/wymiary/samsung-galaxy-tab-10-1-16gb-vs-samsung-galaxy-tab-7-7-p6810-16gb HTTP/1.1" 200 2712 "-" "Mozilla/5.0 (compatible; AhrefsBot/5.0; +http://ahrefs.com/robot/)"
151.97.236.167 - - [25/Jun/2015:12:48:27 +0200] "GET /api/search?q=htc%20mini&lang=it&type=multi-search&category=phone HTTP/1.1" 200 521 "http://versus.com/it/htc-one-mini-m8" "Mozilla/5.0 (Windows NT 6.1; WOW64; rv:38.0) Gecko/20100101 Firefox/38.0"
157.55.39.239 - - [25/Jun/2015:12:48:27 +0200] "GET /en/erasmus-university-rotterdam-vs-harvard-university HTTP/1.1" 200 19012 "-" "Mozilla/5.0 (compatible; bingbot/2.0; +http://www.bing.com/bingbot.htm)"
66.249.69.69 - - [25/Jun/2015:12:48:27 +0200] "GET /sv/apple-ipad-air-vs-asus-vivotab-tf810c HTTP/1.1" 200 22127 "-" "Mozilla/5.0 (iPhone; CPU iPhone OS 6_0 like Mac OS X) AppleWebKit/536.26 (KHTML, like Gecko) Version/6.0 Mobile/10A5376e Safari/8536.25 (compatible; Googlebot/2.1; +http://www.google.com/bot.html)"
80.241.254.91 - - [25/Jun/2015:12:48:27 +0200] "GET /api/search?q=samsung%20galaxy%20n&lang=ru&type=&category= HTTP/1.1" 200 1441 "http://versus.com/ru" "Mozilla/5.0 (Windows NT 5.1) AppleWebKit/537.36 (KHTML, like Gecko) Chrome/43.0.2357.81 Safari/537.36 OPR/30.0.1835.59"
173.252.88.84 - - [25/Jun/2015:12:48:27 +0200] "GET /sv/fujifilm-finepix-f800exr-vs-sony-alpha-nex-5r HTTP/1.1" 200 21352 "-" "facebookexternalhit/1.1 (+http://www.facebook.com/externalhit_uatext.php)"
2.83.99.170 - - [25/Jun/2015:12:48:27 +0200] "GET /api/landing/en/1 HTTP/1.1" 200 1909 "-" "Dalvik/2.1.0 (Linux; U; Android 5.0; LG-D855 Build/LRX21R.A1421650137)"
81.15.239.109 - - [25/Jun/2015:12:48:27 +0200] "GET /api/search?q=ip&lang=pl&type=&category= HTTP/1.1" 200 1551 "http://versus.com/pl" "Mozilla/5.0 (Windows NT 6.1; rv:38.0) Gecko/20100101 Firefox/38.0"
217.250.204.196 - - [25/Jun/2015:12:48:27 +0200] "GET /de/plantronics-m55-vs-plantronics-marque-2-m165 HTTP/1.1" 200 14336 "http://www.google.de/url?sa=t&rct=j&q=&esrc=s&source=web&cd=2&ved=0CCgQFjAB&url=http%3A%2F%2Fversus.com%2Fde%2Fplantronics-m55-vs-plantronics-marque-2-m165&ei=E92LVa7DBYuSsgGS7I2YCw&usg=AFQjCNEUs8D7anyWrMWloIyiHzjORBiTjw&sig2=fmHntoOQEZvlPBnT9i4wOg&bvm=bv.96782255,d.bGg" "Mozilla/5.0 (Windows NT 5.1; rv:32.0) Gecko/20100101 Firefox/32.0"
66.249.69.85 - - [25/Jun/2015:12:48:27 +0200] "GET /it/archos-80-g9-vs-lenovo-yoga-tablet-10 HTTP/1.1" 200 20969 "-" "Mozilla/5.0 (compatible; Googlebot/2.1; +http://www.google.com/bot.html)"
220.181.108.186 - - [25/Jun/2015:12:48:27 +0200] "GET /hk/intel-xeon-e5-2420-vs-amd-opteron-6344 HTTP/1.1" 200 14332 "-" "Mozilla/5.0 (compatible; Baiduspider/2.0; +http://www.baidu.com/search/spider.html)"
117.192.173.148 - - [25/Jun/2015:12:48:27 +0200] "GET /object/?q=OnePlus+One HTTP/1.1" 301 178 "-" "Dalvik/1.6.0 (Linux; U; Android 4.4.2; Micromax A069 Build/KOT49H)"
5.170.57.21 - - [25/Jun/2015:12:48:27 +0200] "GET /pricetags/get?keywords=Nikon%20D3200&country=IT HTTP/1.1" 200 1079 "http://versus.com/it/nikon-d3200" "MTK6592_TD/V1 Linux/3.4.67 Android/4.4.2 Release/08.15.2014 Browser/AppleWebKit537.36 Mobile Safari/537.36 System/Android 4.4.2"
80.241.254.91 - - [25/Jun/2015:12:48:27 +0200] "GET /api/search?q=samsung%20galaxy%20no&lang=ru&type=&category= HTTP/1.1" 200 1582 "http://versus.com/ru" "Mozilla/5.0 (Windows NT 5.1) AppleWebKit/537.36 (KHTML, like Gecko) Chrome/43.0.2357.81 Safari/537.36 OPR/30.0.1835.59"
157.55.39.171 - - [25/Jun/2015:12:48:27 +0200] "GET /id/canberra-vs-islamabad HTTP/1.1" 200 15452 "-" "Mozilla/5.0 (compatible; bingbot/2.0; +http://www.bing.com/bingbot.htm)"
157.55.39.171 - - [25/Jun/2015:12:48:27 +0200] "GET /da/mogadiscio-vs-viena HTTP/1.1" 200 18643 "-" "Mozilla/5.0 (compatible; bingbot/2.0; +http://www.bing.com/bingbot.htm)"
157.55.39.171 - - [25/Jun/2015:12:48:27 +0200] "GET /cn/belgrado-vs-lissabon HTTP/1.1" 200 22673 "-" "Mozilla/5.0 (compatible; bingbot/2.0; +http://www.bing.com/bingbot.htm)"
157.55.39.171 - - [25/Jun/2015:12:48:27 +0200] "GET /en/jawbone-up24-vs-garmin-vivofit HTTP/1.1" 200 22798 "-" "Mozilla/5.0 (compatible; bingbot/2.0; +http://www.bing.com/bingbot.htm)"
180.76.15.158 - - [25/Jun/2015:12:48:27 +0200] "GET /es/s/tama%C3%B1o/samsung-galaxy-tab-10-1-lte-i905-16gb-vs-huawei-mediapad-10-fhd-16-gb HTTP/1.1" 200 2754 "-" "Mozilla/5.0 (compatible; Baiduspider/2.0; +http://www.baidu.com/search/spider.html)"
117.192.173.148 - - [25/Jun/2015:12:48:27 +0200] "GET /object?q=OnePlus+One HTTP/1.1" 200 98 "-" "Dalvik/1.6.0 (Linux; U; Android 4.4.2; Micromax A069 Build/KOT49H)"
5.170.57.21 - - [25/Jun/2015:12:48:27 +0200] "GET /api/search?q=c&lang=it&type=multi-search&category=camera HTTP/1.1" 200 1490 "http://versus.com/it/nikon-d3200" "MTK6592_TD/V1 Linux/3.4.67 Android/4.4.2 Release/08.15.2014 Browser/AppleWebKit537.36 Mobile Safari/537.36 System/Android 4.4.2"
180.76.15.16 - - [25/Jun/2015:12:48:27 +0200] "GET /en/apple-iphone-5s-vs-nokia-asha-311 HTTP/1.1" 200 27613 "-" "Mozilla/5.0 (compatible; Baiduspider/2.0; +http://www.baidu.com/search/spider.html)"
157.55.39.171 - - [25/Jun/2015:12:48:27 +0200] "GET /pl/lagos-vs-meksyk HTTP/1.1" 200 19127 "-" "Mozilla/5.0 (compatible; bingbot/2.0; +http://www.bing.com/bingbot.htm)"
157.55.39.171 - - [25/Jun/2015:12:48:27 +0200] "GET /id/lubiana-vs-%E7%BE%85%E9%A6%AC HTTP/1.1" 200 22166 "-" "Mozilla/5.0 (compatible; bingbot/2.0; +http://www.bing.com/bingbot.htm)"
80.241.254.91 - - [25/Jun/2015:12:48:27 +0200] "GET /api/search?q=samsung%20galaxy%20not&lang=ru&type=&category= HTTP/1.1" 200 1559 "http://versus.com/ru" "Mozilla/5.0 (Windows NT 5.1) AppleWebKit/537.36 (KHTML, like Gecko) Chrome/43.0.2357.81 Safari/537.36 OPR/30.0.1835.59"
157.55.39.171 - - [25/Jun/2015:12:48:27 +0200] "GET /tr/sony-xperia-j-vs-sony-xperia-p HTTP/1.1" 200 23430 "-" "Mozilla/5.0 (compatible; bingbot/2.0; +http://www.bing.com/bingbot.htm)"
5.255.195.8 - - [25/Jun/2015:12:48:27 +0200] "GET /pl/einhell-ge-pm-51-vs-h-b-s-eco-vs-black-decker-edgemax-emax32s HTTP/1.1" 200 14266 "-" "Mozilla/5.0 (compatible; YandexBot/3.0; +http://yandex.com/bots)"
193.143.230.244 - - [25/Jun/2015:12:48:27 +0200] "GET /comment/en/samsung-galaxy-s5-vs-samsung-galaxy-s5-active HTTP/1.1" 200 1907 "http://versus.com/en/samsung-galaxy-s5-vs-samsung-galaxy-s5-active" "Mozilla/5.0 (Windows NT 6.1; WOW64; rv:38.0) Gecko/20100101 Firefox/38.0"
157.55.39.171 - - [25/Jun/2015:12:48:27 +0200] "GET /de/samsung-galaxy-s4-mini-vs-motorola-moto-x-16gb HTTP/1.1" 200 26091 "-" "Mozilla/5.0 (compatible; bingbot/2.0; +http://www.bing.com/bingbot.htm)"
5.250.42.174 - - [25/Jun/2015:12:48:28 +0200] "GET /api/search?q=Apple%20iPhone%206%20vs%20s&lang=en&type=&category= HTTP/1.1" 200 307 "http://versus.com/" "Mozilla/5.0 (Windows NT 10.0; WOW64; rv:38.0) Gecko/20100101 Firefox/38.0"
5.250.42.174 - - [25/Jun/2015:12:48:28 +0200] "GET /api/search?q=Apple%20iPhone%206%20vs%20sa&lang=en&type=&category= HTTP/1.1" 200 281 "http://versus.com/" "Mozilla/5.0 (Windows NT 10.0; WOW64; rv:38.0) Gecko/20100101 Firefox/38.0"
157.55.39.171 - - [25/Jun/2015:12:48:28 +0200] "GET /tr/zagrzeb-vs-atina HTTP/1.1" 200 21383 "-" "Mozilla/5.0 (compatible; bingbot/2.0; +http://www.bing.com/bingbot.htm)"
157.55.39.171 - - [25/Jun/2015:12:48:28 +0200] "GET /ja/san-salvador-vs-hongkong HTTP/1.1" 200 19363 "-" "Mozilla/5.0 (compatible; bingbot/2.0; +http://www.bing.com/bingbot.htm)"
173.252.88.85 - - [25/Jun/2015:12:48:28 +0200] "GET /pl/hasselblad-stellar-vs-pentax-optio-wg-2-gps HTTP/1.1" 200 21489 "-" "facebookexternalhit/1.1 (+http://www.facebook.com/externalhit_uatext.php)"
5.250.42.174 - - [25/Jun/2015:12:48:28 +0200] "GET /api/search?q=Apple%20iPhone%206%20vs%20sam&lang=en&type=&category= HTTP/1.1" 200 278 "http://versus.com/" "Mozilla/5.0 (Windows NT 10.0; WOW64; rv:38.0) Gecko/20100101 Firefox/38.0"
123.125.71.72 - - [25/Jun/2015:12:48:28 +0200] "GET /amazon/similar?itemId=B00CYBOUMW&country=CN HTTP/1.1" 200 326 "http://versus.com/pl/kef-m200-vs-sennheiser-ie-800" "Mozilla/5.0 (compatible; Baiduspider/2.0; +http://www.baidu.com/search/spider.html)"
193.143.230.244 - - [25/Jun/2015:12:48:28 +0200] "GET /pricetags/get?keywords=Samsung%20Galaxy%20S5&country=FI&category=phone&merchants=amazon%2Cetuyo HTTP/1.1" 200 724 "http://versus.com/en/samsung-galaxy-s5-vs-samsung-galaxy-s5-active" "Mozilla/5.0 (Windows NT 6.1; WOW64; rv:38.0) Gecko/20100101 Firefox/38.0"
180.76.15.156 - - [25/Jun/2015:12:48:28 +0200] "GET /fr/kogan-agora-ics-8-gb-vs-blackberry-4g-lte-playbook HTTP/1.1" 200 22998 "-" "Mozilla/5.0 (compatible; Baiduspider/2.0; +http://www.baidu.com/search/spider.html)"
157.55.39.171 - - [25/Jun/2015:12:48:28 +0200] "GET /fr/pantech-marauder-vs-vertu-ti HTTP/1.1" 200 25633 "-" "Mozilla/5.0 (compatible; bingbot/2.0; +http://www.bing.com/bingbot.htm)"
80.241.254.91 - - [25/Jun/2015:12:48:28 +0200] "GET /api/search?q=samsung%20galaxy%20note%20&lang=ru&type=&category= HTTP/1.1" 200 607 "http://versus.com/ru" "Mozilla/5.0 (Windows NT 5.1) AppleWebKit/537.36 (KHTML, like Gecko) Chrome/43.0.2357.81 Safari/537.36 OPR/30.0.1835.59"
157.55.39.171 - - [25/Jun/2015:12:48:28 +0200] "GET /nl/asuncion-vs-cenevre HTTP/1.1" 200 19735 "-" "Mozilla/5.0 (compatible; bingbot/2.0; +http://www.bing.com/bingbot.htm)"
5.170.57.21 - - [25/Jun/2015:12:48:28 +0200] "GET /api/search?q=ca&lang=it&type=multi-search&category=camera HTTP/1.1" 200 1503 "http://versus.com/it/nikon-d3200" "MTK6592_TD/V1 Linux/3.4.67 Android/4.4.2 Release/08.15.2014 Browser/AppleWebKit537.36 Mobile Safari/537.36 System/Android 4.4.2"
157.55.39.171 - - [25/Jun/2015:12:48:28 +0200] "GET /uk/huawei-ascend-d-quad-vs-motorola-admiral HTTP/1.1" 200 22716 "-" "Mozilla/5.0 (compatible; bingbot/2.0; +http://www.bing.com/bingbot.htm)"
157.55.39.171 - - [25/Jun/2015:12:48:28 +0200] "GET /nl/singapur-vs-lagos HTTP/1.1" 200 18066 "-" "Mozilla/5.0 (compatible; bingbot/2.0; +http://www.bing.com/bingbot.htm)"
5.250.42.174 - - [25/Jun/2015:12:48:28 +0200] "GET /api/search?q=Apple%20iPhone%206%20vs%20sams&lang=en&type=&category= HTTP/1.1" 200 278 "http://versus.com/" "Mozilla/5.0 (Windows NT 10.0; WOW64; rv:38.0) Gecko/20100101 Firefox/38.0"
193.143.230.244 - - [25/Jun/2015:12:48:28 +0200] "GET /pricetags/get?keywords=Samsung%20Galaxy%20S5%20Active&country=FI&category=phone&merchants=amazon%2Cetuyo HTTP/1.1" 200 678 "http://versus.com/en/samsung-galaxy-s5-vs-samsung-galaxy-s5-active" "Mozilla/5.0 (Windows NT 6.1; WOW64; rv:38.0) Gecko/20100101 Firefox/38.0"
5.45.254.226 - - [25/Jun/2015:12:48:28 +0200] "GET /pl/qualcomm-snapdragon-600-apq8064t-vs-intel-core-i7-4558u HTTP/1.1" 200 17937 "-" "Mozilla/5.0 (compatible; YandexBot/3.0; +http://yandex.com/bots)"
157.55.39.171 - - [25/Jun/2015:12:48:28 +0200] "GET /de/htc-one-google-vs-t-mobile-prism HTTP/1.1" 200 27176 "-" "Mozilla/5.0 (compatible; bingbot/2.0; +http://www.bing.com/bingbot.htm)"
5.170.57.21 - - [25/Jun/2015:12:48:28 +0200] "GET /api/search?q=cam&lang=it&type=multi-search&category=camera HTTP/1.1" 200 664 "http://versus.com/it/nikon-d3200" "MTK6592_TD/V1 Linux/3.4.67 Android/4.4.2 Release/08.15.2014 Browser/AppleWebKit537.36 Mobile Safari/537.36 System/Android 4.4.2"
80.241.254.91 - - [25/Jun/2015:12:48:28 +0200] "GET /api/search?q=samsung%20galaxy%20note%203&lang=ru&type=&category= HTTP/1.1" 200 1022 "http://versus.com/ru" "Mozilla/5.0 (Windows NT 5.1) AppleWebKit/537.36 (KHTML, like Gecko) Chrome/43.0.2357.81 Safari/537.36 OPR/30.0.1835.59"
157.55.39.171 - - [25/Jun/2015:12:48:28 +0200] "GET /br/nicosie-vs-dublino HTTP/1.1" 200 21529 "-" "Mozilla/5.0 (compatible; bingbot/2.0; +http://www.bing.com/bingbot.htm)"
66.249.69.85 - - [25/Jun/2015:12:48:28 +0200] "GET /tr/motorola-motoluxe-xt389-vs-nokia-n950 HTTP/1.1" 200 24011 "-" "Mozilla/5.0 (compatible; Googlebot/2.1; +http://www.google.com/bot.html)"
5.250.42.174 - - [25/Jun/2015:12:48:28 +0200] "GET /api/search?q=Apple%20iPhone%206%20vs%20samsu&lang=en&type=&category= HTTP/1.1" 200 278 "http://versus.com/" "Mozilla/5.0 (Windows NT 10.0; WOW64; rv:38.0) Gecko/20100101 Firefox/38.0"
157.55.39.171 - - [25/Jun/2015:12:48:28 +0200] "GET /it/ancara-vs-lisboa HTTP/1.1" 200 22213 "-" "Mozilla/5.0 (compatible; bingbot/2.0; +http://www.bing.com/bingbot.htm)"
157.55.39.171 - - [25/Jun/2015:12:48:28 +0200] "GET /es/waszyngton,-dystrykt-kolumbii-vs-%E6%91%A9%E7%B4%8D%E5%93%A5 HTTP/1.1" 200 19789 "-" "Mozilla/5.0 (compatible; bingbot/2.0; +http://www.bing.com/bingbot.htm)"
5.250.42.174 - - [25/Jun/2015:12:48:28 +0200] "GET /api/search?q=Apple%20iPhone%206%20vs%20samsun&lang=en&type=&category= HTTP/1.1" 200 278 "http://versus.com/" "Mozilla/5.0 (Windows NT 10.0; WOW64; rv:38.0) Gecko/20100101 Firefox/38.0"
193.143.230.244 - - [25/Jun/2015:12:48:28 +0200] "GET /amazon/similar?itemId=B00J4TK4B8&country=FI HTTP/1.1" 200 85105 "http://versus.com/en/samsung-galaxy-s5-vs-samsung-galaxy-s5-active" "Mozilla/5.0 (Windows NT 6.1; WOW64; rv:38.0) Gecko/20100101 Firefox/38.0"
188.252.65.2 - - [25/Jun/2015:12:48:28 +0200] "GET /pl/sony-xperia-t3-vs-sony-xperia-m2 HTTP/1.1" 200 21208 "http://m.facebook.com" "Mozilla/5.0 (iPad; CPU OS 8_1_3 like Mac OS X) AppleWebKit/600.1.4 (KHTML, like Gecko) Mobile/12B466 [FBAN/MessengerForiOS;FBAV/30.0.0.48.237;FBBV/11944436;FBDV/iPad4,4;FBMD/iPad;FBSN/iPhone OS;FBSV/8.1.3;FBSS/2; FBCR/;FBID/tablet;FBLC/pl_PL;FBOP/1]"
66.249.93.159 - - [25/Jun/2015:12:48:28 +0200] "GET /pricetags/get?keywords=Samsung%20Galaxy%20S4&country=EU HTTP/1.1" 200 720 "http://versus.com/pl/apple-iphone-6-vs-samsung-galaxy-s4" "Mozilla/5.0 (Linux; Android 4.4.4; SM-G357FZ Build/KTU84P) AppleWebKit/537.36 (KHTML, like Gecko) Chrome/43.0.2357.93 Mobile Safari/537.36"
82.59.123.241 - - [25/Jun/2015:12:48:28 +0200] "GET /pricetags/get?keywords=Huawei%20Honor%206&country=IT HTTP/1.1" 200 1076 "http://versus.com/it/meizu-m1-note-vs-huawei-honor-6" "Mozilla/5.0 (Linux; Android 4.4.2; SM-T535 Build/KOT49H) AppleWebKit/537.36 (KHTML, like Gecko) Chrome/43.0.2357.93 Safari/537.36"
5.255.253.229 - - [25/Jun/2015:12:48:28 +0200] "GET /fr/sony-xperia-s-32gb-vs-apple-iphone-5-32gb HTTP/1.1" 200 27835 "-" "Mozilla/5.0 (compatible; YandexBot/3.0; +http://yandex.com/bots)"
157.55.39.171 - - [25/Jun/2015:12:48:28 +0200] "GET /fr/maytag-mvwc360aw-vs-ge-gfws1500dww HTTP/1.1" 200 14675 "-" "Mozilla/5.0 (compatible; bingbot/2.0; +http://www.bing.com/bingbot.htm)"
80.241.254.91 - - [25/Jun/2015:12:48:28 +0200] "GET /api/search?q=samsung%20galaxy%20note%203%20&lang=ru&type=&category= HTTP/1.1" 200 483 "http://versus.com/ru" "Mozilla/5.0 (Windows NT 5.1) AppleWebKit/537.36 (KHTML, like Gecko) Chrome/43.0.2357.81 Safari/537.36 OPR/30.0.1835.59"
157.55.39.171 - - [25/Jun/2015:12:48:28 +0200] "GET /da/htc-desire-vc-vs-sony-xperia-e HTTP/1.1" 200 18678 "-" "Mozilla/5.0 (compatible; bingbot/2.0; +http://www.bing.com/bingbot.htm)"
180.76.15.159 - - [25/Jun/2015:12:48:29 +0200] "GET /es/s/tama%C3%B1o/samsung-galaxy-grand-prime-vs-htc-one-2014 HTTP/1.1" 200 2592 "-" "Mozilla/5.0 (compatible; Baiduspider/2.0; +http://www.baidu.com/search/spider.html)"
173.252.90.120 - - [25/Jun/2015:12:48:29 +0200] "GET /pl/sony-xperia-t3-vs-sony-xperia-m2 HTTP/1.1" 200 21572 "-" "facebookexternalhit/1.1 (+http://www.facebook.com/externalhit_uatext.php)"
157.55.39.171 - - [25/Jun/2015:12:48:29 +0200] "GET /da/htc-inspire-4g-vs-nokia-lumia-1020 HTTP/1.1" 200 28722 "-" "Mozilla/5.0 (compatible; bingbot/2.0; +http://www.bing.com/bingbot.htm)"
180.76.15.150 - - [25/Jun/2015:12:48:29 +0200] "GET /de/olympus-vg-110-vs-pentax-k-01-smc-pentax-da-40mm-f2-8-xs HTTP/1.1" 200 23976 "-" "Mozilla/5.0 (compatible; Baiduspider/2.0; +http://www.baidu.com/search/spider.html)"
80.241.254.91 - - [25/Jun/2015:12:48:29 +0200] "GET /api/search?q=samsung%20galaxy%20note&lang=ru&type=&category= HTTP/1.1" 200 1559 "http://versus.com/ru" "Mozilla/5.0 (Windows NT 5.1) AppleWebKit/537.36 (KHTML, like Gecko) Chrome/43.0.2357.81 Safari/537.36 OPR/30.0.1835.59"
80.241.254.91 - - [25/Jun/2015:12:48:29 +0200] "GET /api/search?q=samsung%20galaxy%20note%203%20v&lang=ru&type=&category= HTTP/1.1" 200 209 "http://versus.com/ru" "Mozilla/5.0 (Windows NT 5.1) AppleWebKit/537.36 (KHTML, like Gecko) Chrome/43.0.2357.81 Safari/537.36 OPR/30.0.1835.59"
157.55.39.171 - - [25/Jun/2015:12:48:29 +0200] "GET /sv/riade-vs-zurich HTTP/1.1" 200 19845 "-" "Mozilla/5.0 (compatible; bingbot/2.0; +http://www.bing.com/bingbot.htm)"
157.55.39.171 - - [25/Jun/2015:12:48:29 +0200] "GET /fr/apple-iphone-5s-vs-motorola-droid-razr-hd HTTP/1.1" 200 32492 "-" "Mozilla/5.0 (compatible; bingbot/2.0; +http://www.bing.com/bingbot.htm)"
82.59.123.241 - - [25/Jun/2015:12:48:29 +0200] "GET /pricetags/get?keywords=Meizu%20m1%20note&country=IT HTTP/1.1" 200 1032 "http://versus.com/it/meizu-m1-note-vs-huawei-honor-6" "Mozilla/5.0 (Linux; Android 4.4.2; SM-T535 Build/KOT49H) AppleWebKit/537.36 (KHTML, like Gecko) Chrome/43.0.2357.93 Safari/537.36"
173.252.88.88 - - [25/Jun/2015:12:48:29 +0200] "GET /pl/beko-wmb71432m-vs-smeg-wmfabne1 HTTP/1.1" 200 13320 "-" "facebookexternalhit/1.1 (+http://www.facebook.com/externalhit_uatext.php)"
157.55.39.171 - - [25/Jun/2015:12:48:29 +0200] "GET /id/londyn-vs-luxembourg HTTP/1.1" 200 25864 "-" "Mozilla/5.0 (compatible; bingbot/2.0; +http://www.bing.com/bingbot.htm)"
157.55.39.171 - - [25/Jun/2015:12:48:29 +0200] "GET /uk/atlanta-vs-%D0%91%D1%80%D0%B0%D0%B7%D0%B7%D0%B0%D0%B2%D1%96%D0%BB%D1%8C HTTP/1.1" 200 16213 "-" "Mozilla/5.0 (compatible; bingbot/2.0; +http://www.bing.com/bingbot.htm)"
5.255.253.111 - - [25/Jun/2015:12:48:29 +0200] "GET /es/havana-vs-abuja HTTP/1.1" 200 20738 "-" "Mozilla/5.0 (compatible; YandexBot/3.0; +http://yandex.com/bots)"
193.143.230.244 - - [25/Jun/2015:12:48:29 +0200] "GET /amazon/reviews?itemId=B00J4TK4B8&country=FI HTTP/1.1" 200 1233 "http://versus.com/en/samsung-galaxy-s5-vs-samsung-galaxy-s5-active" "Mozilla/5.0 (Windows NT 6.1; WOW64; rv:38.0) Gecko/20100101 Firefox/38.0"
95.63.126.194 - - [25/Jun/2015:12:48:29 +0200] "GET /object/?q=Acer+Liquid+Jade HTTP/1.1" 301 178 "-" "Dalvik/1.6.0 (Linux; U; Android 4.4.2; LG-D802 Build/KOT49I.D80220h)"
95.63.126.194 - - [25/Jun/2015:12:48:29 +0200] "GET /object/?q=LG+G2 HTTP/1.1" 301 178 "-" "Dalvik/1.6.0 (Linux; U; Android 4.4.2; LG-D802 Build/KOT49I.D80220h)"
95.63.126.194 - - [25/Jun/2015:12:48:29 +0200] "GET /api/landing/en/1 HTTP/1.1" 200 1909 "-" "Dalvik/1.6.0 (Linux; U; Android 4.4.2; LG-D802 Build/KOT49I.D80220h)"
5.47.23.60 - - [25/Jun/2015:12:48:29 +0200] "GET /pricetags/get?keywords=LG%20G3&country=TR HTTP/1.1" 200 448 "http://versus.com/tr/meizu-mx4-vs-lg-g3" "Mozilla/5.0 (Linux; Android 4.2.2; SM-C101 Build/JDQ39) AppleWebKit/537.36 (KHTML, like Gecko) Chrome/43.0.2357.93 Mobile Safari/537.36"
157.55.39.171 - - [25/Jun/2015:12:48:29 +0200] "GET /ko/benq-bl902m-vs-philips-247e3lsu2-00 HTTP/1.1" 200 17327 "-" "Mozilla/5.0 (compatible; bingbot/2.0; +http://www.bing.com/bingbot.htm)"
5.47.23.60 - - [25/Jun/2015:12:48:29 +0200] "GET /pricetags/get?keywords=Meizu%20MX4&country=TR HTTP/1.1" 200 485 "http://versus.com/tr/meizu-mx4-vs-lg-g3" "Mozilla/5.0 (Linux; Android 4.2.2; SM-C101 Build/JDQ39) AppleWebKit/537.36 (KHTML, like Gecko) Chrome/43.0.2357.93 Mobile Safari/537.36"
5.170.57.21 - - [25/Jun/2015:12:48:29 +0200] "GET /api/search?q=can&lang=it&type=multi-search&category=camera HTTP/1.1" 200 1291 "http://versus.com/it/nikon-d3200" "MTK6592_TD/V1 Linux/3.4.67 Android/4.4.2 Release/08.15.2014 Browser/AppleWebKit537.36 Mobile Safari/537.36 System/Android 4.4.2"
157.55.39.171 - - [25/Jun/2015:12:48:29 +0200] "GET /es/htc-jet-vs-nec-terrain HTTP/1.1" 200 24076 "-" "Mozilla/5.0 (compatible; bingbot/2.0; +http://www.bing.com/bingbot.htm)"
157.55.39.171 - - [25/Jun/2015:12:48:29 +0200] "GET /de/copenhague-vs-san-salvador HTTP/1.1" 200 18945 "-" "Mozilla/5.0 (compatible; bingbot/2.0; +http://www.bing.com/bingbot.htm)"
193.143.230.244 - - [25/Jun/2015:12:48:29 +0200] "GET /amazon/similar?itemId=B00KHXZXDY&country=FI HTTP/1.1" 200 102813 "http://versus.com/en/samsung-galaxy-s5-vs-samsung-galaxy-s5-active" "Mozilla/5.0 (Windows NT 6.1; WOW64; rv:38.0) Gecko/20100101 Firefox/38.0"
180.76.15.27 - - [25/Jun/2015:12:48:29 +0200] "GET /es/s/tama%C3%B1o/samsung-galaxy-s3-lte-vs-sony-ericsson-xperia-arc-s HTTP/1.1" 200 2729 "-" "Mozilla/5.0 (compatible; Baiduspider/2.0; +http://www.baidu.com/search/spider.html)"
66.249.93.155 - - [25/Jun/2015:12:48:29 +0200] "GET /pricetags/get?keywords=Apple%20iPhone%206&country=EU HTTP/1.1" 200 675 "http://versus.com/pl/apple-iphone-6-vs-samsung-galaxy-s4" "Mozilla/5.0 (Linux; Android 4.4.4; SM-G357FZ Build/KTU84P) AppleWebKit/537.36 (KHTML, like Gecko) Chrome/43.0.2357.93 Mobile Safari/537.36"
95.63.126.194 - - [25/Jun/2015:12:48:29 +0200] "GET /object?q=Acer+Liquid+Jade HTTP/1.1" 200 91 "-" "Dalvik/1.6.0 (Linux; U; Android 4.4.2; LG-D802 Build/KOT49I.D80220h)"
220.181.108.139 - - [25/Jun/2015:12:48:29 +0200] "GET /amazon/similar?itemId=B00A34TU7W&country=CN HTTP/1.1" 200 16343 "http://versus.com/pl/kef-m200-vs-sennheiser-ie-800" "Mozilla/5.0 (compatible; Baiduspider/2.0; +http://www.baidu.com/search/spider.html)"
180.76.15.149 - - [25/Jun/2015:12:48:29 +0200] "GET /es/s/tama%C3%B1o/samsung-galaxy-stratosphere-ii-i415-vs-zte-grand-x-v970 HTTP/1.1" 200 2737 "-" "Mozilla/5.0 (compatible; Baiduspider/2.0; +http://www.baidu.com/search/spider.html)"
173.252.74.114 - - [25/Jun/2015:12:48:29 +0200] "GET /sv/beats-by-dre-pro-vs-sony-xba-1 HTTP/1.1" 200 16853 "-" "facebookexternalhit/1.1 (+http://www.facebook.com/externalhit_uatext.php)"
95.63.126.194 - - [25/Jun/2015:12:48:29 +0200] "GET /object?q=LG+G2 HTTP/1.1" 200 112 "-" "Dalvik/1.6.0 (Linux; U; Android 4.4.2; LG-D802 Build/KOT49I.D80220h)"
80.241.254.91 - - [25/Jun/2015:12:48:29 +0200] "GET /api/search?q=samsung%20galaxy%20note%203%20vs&lang=ru&type=&category= HTTP/1.1" 200 209 "http://versus.com/ru" "Mozilla/5.0 (Windows NT 5.1) AppleWebKit/537.36 (KHTML, like Gecko) Chrome/43.0.2357.81 Safari/537.36 OPR/30.0.1835.59"
157.55.39.15 - - [25/Jun/2015:12:48:29 +0200] "GET /en/apple-watch-vs-sony-smartwatch-3 HTTP/1.1" 200 17532 "-" "Mozilla/5.0 (iPhone; CPU iPhone OS 7_0 like Mac OS X) AppleWebKit/537.51.1 (KHTML, like Gecko) Version/7.0 Mobile/11A465 Safari/9537.53 (compatible; bingbot/2.0;  http://www.bing.com/bingbot.htm)"
157.55.39.15 - - [25/Jun/2015:12:48:29 +0200] "GET /it/motorola-droid-razr-maxx-hd-vs-zte-grand-s-lte HTTP/1.1" 200 22088 "-" "Mozilla/5.0 (compatible; bingbot/2.0; +http://www.bing.com/bingbot.htm)"
157.55.39.171 - - [25/Jun/2015:12:48:29 +0200] "GET /it/zte-grand-s-vs-lg-cayenne HTTP/1.1" 200 22701 "-" "Mozilla/5.0 (compatible; bingbot/2.0; +http://www.bing.com/bingbot.htm)"
157.55.39.171 - - [25/Jun/2015:12:48:29 +0200] "GET /hk/sony-xperia-z1-compact-vs-nokia-lumia-630 HTTP/1.1" 200 31860 "-" "Mozilla/5.0 (compatible; bingbot/2.0; +http://www.bing.com/bingbot.htm)"
81.15.239.109 - - [25/Jun/2015:12:48:29 +0200] "GET /api/search?q=iph&lang=pl&type=&category= HTTP/1.1" 200 1309 "http://versus.com/pl" "Mozilla/5.0 (Windows NT 6.1; rv:38.0) Gecko/20100101 Firefox/38.0"
157.55.39.171 - - [25/Jun/2015:12:48:29 +0200] "GET /de/nec-terrain-vs-htc-one-mini HTTP/1.1" 200 25789 "-" "Mozilla/5.0 (compatible; bingbot/2.0; +http://www.bing.com/bingbot.htm)"
5.170.57.21 - - [25/Jun/2015:12:48:29 +0200] "GET /api/search?q=cano&lang=it&type=multi-search&category=camera HTTP/1.1" 200 1291 "http://versus.com/it/nikon-d3200" "MTK6592_TD/V1 Linux/3.4.67 Android/4.4.2 Release/08.15.2014 Browser/AppleWebKit537.36 Mobile Safari/537.36 System/Android 4.4.2"
193.143.230.244 - - [25/Jun/2015:12:48:29 +0200] "GET /amazon/reviews?itemId=B00KHXZXDY&country=FI HTTP/1.1" 200 1233 "http://versus.com/en/samsung-galaxy-s5-vs-samsung-galaxy-s5-active" "Mozilla/5.0 (Windows NT 6.1; WOW64; rv:38.0) Gecko/20100101 Firefox/38.0"
66.249.69.85 - - [25/Jun/2015:12:48:29 +0200] "GET /it/philips-241p4qpykes-00-vs-lg-29ea93-p HTTP/1.1" 200 17154 "-" "Mozilla/5.0 (compatible; Googlebot/2.1; +http://www.google.com/bot.html)"
180.76.15.157 - - [25/Jun/2015:12:48:30 +0200] "GET /es/s/tama%C3%B1o/samsung-galaxy-ace-3-duos-vs-samsung-galaxy-s4-active HTTP/1.1" 200 2723 "-" "Mozilla/5.0 (compatible; Baiduspider/2.0; +http://www.baidu.com/search/spider.html)"
157.55.39.15 - - [25/Jun/2015:12:48:30 +0200] "GET /fr/nokia-lumia-1020-vs-oppo-find-7 HTTP/1.1" 200 29249 "-" "Mozilla/5.0 (compatible; bingbot/2.0; +http://www.bing.com/bingbot.htm)"
157.55.39.15 - - [25/Jun/2015:12:48:30 +0200] "GET /ko/sony-xperia-sola-vs-sony-xperia-m-dual HTTP/1.1" 200 22745 "-" "Mozilla/5.0 (compatible; bingbot/2.0; +http://www.bing.com/bingbot.htm)"
81.15.239.109 - - [25/Jun/2015:12:48:30 +0200] "GET /api/search?q=ipho&lang=pl&type=&category= HTTP/1.1" 200 1309 "http://versus.com/pl" "Mozilla/5.0 (Windows NT 6.1; rv:38.0) Gecko/20100101 Firefox/38.0"
123.125.71.107 - - [25/Jun/2015:12:48:30 +0200] "GET /amazon/reviews?itemId=B00CYBOUMW&country=CN HTTP/1.1" 200 1199 "http://versus.com/pl/kef-m200-vs-sennheiser-ie-800" "Mozilla/5.0 (compatible; Baiduspider/2.0; +http://www.baidu.com/search/spider.html)"
66.249.69.69 - - [25/Jun/2015:12:48:30 +0200] "GET /id/tylenol-regular-strength-vs-midol-pm HTTP/1.1" 200 10792 "-" "Mozilla/5.0 (iPhone; CPU iPhone OS 6_0 like Mac OS X) AppleWebKit/536.26 (KHTML, like Gecko) Version/6.0 Mobile/10A5376e Safari/8536.25 (compatible; Googlebot/2.1; +http://www.google.com/bot.html)"
117.192.173.148 - - [25/Jun/2015:12:48:30 +0200] "GET /object/?q=s HTTP/1.1" 301 178 "-" "Dalvik/1.6.0 (Linux; U; Android 4.4.2; Micromax A069 Build/KOT49H)"
157.55.39.15 - - [25/Jun/2015:12:48:30 +0200] "GET /it/samsung-galaxy-tab-7-0-plus-p6200-32gb-vs-samsung-galaxy-tab-7-7-p6800-32gb HTTP/1.1" 200 19578 "-" "Mozilla/5.0 (compatible; bingbot/2.0; +http://www.bing.com/bingbot.htm)"
157.55.39.15 - - [25/Jun/2015:12:48:30 +0200] "GET /da/ottawa-vs-zurych HTTP/1.1" 200 21500 "-" "Mozilla/5.0 (compatible; bingbot/2.0; +http://www.bing.com/bingbot.htm)"
5.255.253.229 - - [25/Jun/2015:12:48:30 +0200] "GET /ru/sony-hdr-cx280-vs-sony-hvr-z1-e HTTP/1.1" 200 20105 "-" "Mozilla/5.0 (compatible; YandexBot/3.0; +http://yandex.com/bots)"
68.180.228.112 - - [25/Jun/2015:12:48:30 +0200] "GET /es/s/tama%C3%B1o/logitech-ue-6000 HTTP/1.1" 200 2575 "-" "Mozilla/5.0 (compatible; Yahoo! Slurp; http://help.yahoo.com/help/us/ysearch/slurp)"
173.252.74.112 - - [25/Jun/2015:12:48:30 +0200] "GET /fr/alcatel-one-touch-idol-6030d-vs-samsung-galaxy-s4 HTTP/1.1" 200 27822 "-" "facebookexternalhit/1.1 (+http://www.facebook.com/externalhit_uatext.php)"
157.55.39.15 - - [25/Jun/2015:12:48:30 +0200] "GET /uk/istanbul-vs-yamoussoukro HTTP/1.1" 200 20798 "-" "Mozilla/5.0 (compatible; bingbot/2.0; +http://www.bing.com/bingbot.htm)"
157.55.39.15 - - [25/Jun/2015:12:48:30 +0200] "GET /pl/htc-desire-eye-vs-sony-xperia-c HTTP/1.1" 200 26445 "-" "Mozilla/5.0 (compatible; bingbot/2.0; +http://www.bing.com/bingbot.htm)"
117.192.173.148 - - [25/Jun/2015:12:48:30 +0200] "GET /object?q=s HTTP/1.1" 200 347 "-" "Dalvik/1.6.0 (Linux; U; Android 4.4.2; Micromax A069 Build/KOT49H)"
173.252.88.88 - - [25/Jun/2015:12:48:30 +0200] "GET /cn/leica-summilux-m-35mm-f-1-4-asph-vs-sigma-apo-70-200mm-f2-8-ex-dg-os-hsm HTTP/1.1" 200 14653 "-" "facebookexternalhit/1.1 (+http://www.facebook.com/externalhit_uatext.php)"
157.55.39.15 - - [25/Jun/2015:12:48:30 +0200] "GET /tr/budapeszt-vs-phoenix HTTP/1.1" 200 19690 "-" "Mozilla/5.0 (compatible; bingbot/2.0; +http://www.bing.com/bingbot.htm)"
180.76.15.138 - - [25/Jun/2015:12:48:30 +0200] "GET /de/samsung-galaxy-note-10-1-n8010-64gb-vs-toshiba-thrive-7-16gb HTTP/1.1" 200 18339 "-" "Mozilla/5.0 (compatible; Baiduspider/2.0; +http://www.baidu.com/search/spider.html)"
5.250.42.174 - - [25/Jun/2015:12:48:30 +0200] "GET /api/search?q=Apple%20iPhone%206%20vs%20samsung&lang=en&type=&category= HTTP/1.1" 200 278 "http://versus.com/" "Mozilla/5.0 (Windows NT 10.0; WOW64; rv:38.0) Gecko/20100101 Firefox/38.0"
117.192.173.148 - - [25/Jun/2015:12:48:30 +0200] "GET /object/?q=sama HTTP/1.1" 301 178 "-" "Dalvik/1.6.0 (Linux; U; Android 4.4.2; Micromax A069 Build/KOT49H)"
66.249.69.77 - - [25/Jun/2015:12:48:30 +0200] "GET /id/intel-core-i7-4750hq-vs-amd-a10-5700 HTTP/1.1" 200 16351 "-" "Mozilla/5.0 (iPhone; CPU iPhone OS 6_0 like Mac OS X) AppleWebKit/536.26 (KHTML, like Gecko) Version/6.0 Mobile/10A5376e Safari/8536.25 (compatible; Googlebot/2.1; +http://www.google.com/bot.html)"
123.193.99.74 - - [25/Jun/2015:12:48:30 +0200] "GET /hk/canon-eos-760d-vs-canon-eos-70d?namea=Canon+EOS+760D&nameb=Canon+EOS+70D HTTP/1.1" 200 16039 "-" "Mozilla/5.0 (Windows NT 6.1; WOW64) AppleWebKit/537.36 (KHTML, like Gecko) Chrome/43.0.2357.130 Safari/537.36"
180.76.15.6 - - [25/Jun/2015:12:48:30 +0200] "GET /fr/acer-iconia-tab-b1a71-16gb-vs-panasonic-toughbook-h2-elite HTTP/1.1" 200 23761 "-" "Mozilla/5.0 (compatible; Baiduspider/2.0; +http://www.baidu.com/search/spider.html)"
85.17.156.11 - - [25/Jun/2015:12:48:31 +0200] "GET / HTTP/1.1" 302 38 "-" "Pingdom.com_bot_version_1.4_(http://www.pingdom.com/)"
85.17.156.11 - - [25/Jun/2015:12:48:31 +0200] "GET /en/ HTTP/1.1" 301 178 "-" "Pingdom.com_bot_version_1.4_(http://www.pingdom.com/)"
117.192.173.148 - - [25/Jun/2015:12:48:31 +0200] "GET /object?q=sama HTTP/1.1" 200 359 "-" "Dalvik/1.6.0 (Linux; U; Android 4.4.2; Micromax A069 Build/KOT49H)"
66.249.69.77 - - [25/Jun/2015:12:48:31 +0200] "GET /id/whirlpool-wtw8200yw-vs-ge-gtwn5250dww HTTP/1.1" 200 11834 "-" "Mozilla/5.0 (compatible; Googlebot/2.1; +http://www.google.com/bot.html)"
5.250.42.174 - - [25/Jun/2015:12:48:31 +0200] "GET /api/search?q=Apple%20iPhone%206%20vs%20samsung%20&lang=en&type=&category= HTTP/1.1" 200 278 "http://versus.com/" "Mozilla/5.0 (Windows NT 10.0; WOW64; rv:38.0) Gecko/20100101 Firefox/38.0"
85.17.156.11 - - [25/Jun/2015:12:48:31 +0200] "GET /en HTTP/1.1" 200 5454 "-" "Pingdom.com_bot_version_1.4_(http://www.pingdom.com/)"
106.221.143.209 - - [25/Jun/2015:12:48:31 +0200] "GET / HTTP/1.1" 200 5452 "http://versus.com/en/xiaomi-mi-4-vs-lenovo-k3-note" "Mozilla/5.0 (Linux; U; Android 5.0.2; en-gb; Mi 4i Build/LRX22G) AppleWebKit/537.36 (KHTML, like Gecko) Version/4.0 Chrome/39.0.0.0 Mobile Safari/537.36 XiaoMi/MiuiBrowser/2.1.1"
